Microchip MPLAB XC8 Compiler V1.37 ()

Linker command line:

-W-3 --edf=C:\Program Files (x86)\Microchip\xc8\v1.37\dat\en_msgs.txt -cs \
  -h+dist/default/production\micro_controller_framework.X.production.sym \
  --cmf=dist/default/production\micro_controller_framework.X.production.cmf \
  -z -Q16F886 -oC:\Users\Admin\AppData\Local\Temp\s3rg.2 \
  -Mdist/default/production/micro_controller_framework.X.production.map -E1 \
  -ver=XC8 -ASTACK=0110h-016fh -pstack=STACK -ACODE=00h-07FFhx4 \
  -ASTRCODE=00h-01FFFh -ASTRING=00h-0FFhx32 -ACONST=00h-0FFhx32 \
  -AENTRY=00h-0FFhx32 -ACOMMON=070h-07Fh -ABANK0=020h-06Fh \
  -ABANK1=0A0h-0EFh -ABANK2=0110h-016Fh -ABANK3=0190h-01EFh \
  -ARAM=020h-06Fh,0A0h-0EFh,0110h-016Fh,0190h-01EFh \
  -AABS1=020h-07Fh,0A0h-0EFh,0110h-016Fh,0190h-01EFh -ASFR0=00h-01Fh \
  -ASFR1=080h-09Fh -ASFR2=0100h-010Fh -ASFR3=0180h-018Fh \
  -preset_vec=00h,intentry,init,end_init -ppowerup=CODE -pcinit=CODE \
  -pfunctab=CODE -ACONFIG=02007h-02008h -pconfig=CONFIG -DCONFIG=2 \
  -AIDLOC=02000h-02003h -pidloc=IDLOC -DIDLOC=2 -AEEDATA=00h-0FFh/02100h \
  -peeprom_data=EEDATA -DEEDATA=2 -DCODE=2 -DSTRCODE=2 -DSTRING=2 -DCONST=2 \
  -DENTRY=2 -k C:\Users\Admin\AppData\Local\Temp\s3rg.obj \
  dist/default/production\micro_controller_framework.X.production.obj 

Object code version is 3.11

Machine type is 16F886



                Name                               Link     Load   Length Selector   Space Scale
C:\Users\Admin\AppData\Local\Temp\s3rg.obj
                end_init                              0        0        3        0       0
dist/default/production\micro_controller_framework.X.production.obj
                cinit                               7DF      7DF       21      FBE       0
                text16                              523      523        8      A46       0
                text15                              579      579       15      AF2       0
                text14                              629      629       3B      C52       0
                text13                              733      733       AC      E66       0
                text12                              6EB      6EB       48      DD6       0
                text11                              5C5      5C5       2A      B8A       0
                text10                              555      555       12      AAA       0
                text9                               5A9      5A9       1C      B52       0
                text8                               567      567       12      ACE       0
                text7                               51E      51E        5      A3C       0
                text6                               519      519        1      A32       0
                text5                               51A      51A        4      A34       0
                text4                               6A4      6A4       47      D48       0
                text3                               52B      52B        8      A56       0
                text2                               5EF      5EF       3A      BDE       0
                text1                               53B      53B        9      A76       0
                maintext                            58E      58E       1B      B1C       0
                cstackBANK0                          47       47        B       20       1
                cstackCOMMON                         70       70        E       70       1
                inittext                            544      544       11      A88       0
                clrtext                             533      533        8      A66       0
                dataBANK3                           190      190       40      190       1
                bssBANK1                             A0       A0       40       A0       1
                bssBANK0                             20       20       27       20       1
                strings                               3        3       50        6       0
                idataBANK3                          664      664       40      CC8       0

TOTAL           Name                               Link     Load   Length     Space
        CLASS   STACK          

        CLASS   CODE           
                end_init                              0        0        3         0
                cinit                               7DF      7DF       21         0
                text16                              523      523        8         0
                text15                              579      579       15         0
                text14                              629      629       3B         0
                text13                              733      733       AC         0
                text12                              6EB      6EB       48         0
                text11                              5C5      5C5       2A         0
                text10                              555      555       12         0
                text9                               5A9      5A9       1C         0
                text8                               567      567       12         0
                text7                               51E      51E        5         0
                text6                               519      519        1         0
                text5                               51A      51A        4         0
                text4                               6A4      6A4       47         0
                text3                               52B      52B        8         0
                text2                               5EF      5EF       3A         0
                text1                               53B      53B        9         0
                maintext                            58E      58E       1B         0
                inittext                            544      544       11         0
                clrtext                             533      533        8         0
                idataBANK3                          664      664       40         0

        CLASS   STRCODE        

        CLASS   STRING         
                strings                               3        3       50         0

        CLASS   CONST          

        CLASS   ENTRY          

        CLASS   COMMON         
                cstackCOMMON                         70       70        E         1

        CLASS   BANK0          
                cstackBANK0                          47       47        B         1
                bssBANK0                             20       20       27         1

        CLASS   BANK1          
                bssBANK1                             A0       A0       40         1

        CLASS   BANK2          

        CLASS   BANK3          
                dataBANK3                           190      190       40         1

        CLASS   RAM            

        CLASS   ABS1           
                abs_s1                               7E       7E        2         1

        CLASS   SFR0           

        CLASS   SFR1           

        CLASS   SFR2           

        CLASS   SFR3           

        CLASS   CONFIG         

        CLASS   IDLOC          

        CLASS   EEDATA         



SEGMENTS        Name                           Load    Length   Top    Selector   Space  Class     Delta

                reset_vec                      000000  000003  000003         0       0  CODE        2
                strings                        000003  000050  000053         6       0  STRING      2
                bssBANK0                       000020  000032  000052        20       1  BANK0       1
                cstackCOMMON                   000070  00000E  00007E        70       1  COMMON      1
                bssBANK1                       0000A0  000040  0000E0        A0       1  BANK1       1
                dataBANK3                      000190  000040  0001D0       190       1  BANK3       1
                text6                          000519  000001  00051A       A32       0  CODE        2
                text5                          00051A  000004  00051E       A34       0  CODE        2
                text7                          00051E  000005  000523       A3C       0  CODE        2
                text16                         000523  000008  00052B       A46       0  CODE        2
                text3                          00052B  000008  000533       A56       0  CODE        2
                clrtext                        000533  000008  00053B       A66       0  CODE        2
                text1                          00053B  000009  000544       A76       0  CODE        2
                inittext                       000544  000011  000555       A88       0  CODE        2
                text10                         000555  000012  000567       AAA       0  CODE        2
                text8                          000567  000012  000579       ACE       0  CODE        2
                text15                         000579  000015  00058E       AF2       0  CODE        2
                maintext                       00058E  00001B  0005A9       B1C       0  CODE        2
                text9                          0005A9  00001C  0005C5       B52       0  CODE        2
                text11                         0005C5  00002A  0005EF       B8A       0  CODE        2
                text2                          0005EF  00003A  000629       BDE       0  CODE        2
                text14                         000629  00003B  000664       C52       0  CODE        2
                idataBANK3                     000664  000040  0006A4       CC8       0  CODE        2
                text4                          0006A4  000047  0006EB       D48       0  CODE        2
                text12                         0006EB  000048  000733       DD6       0  CODE        2
                text13                         000733  0000AC  0007DF       E66       0  CODE        2
                cinit                          0007DF  000021  000800       FBE       0  CODE        2


UNUSED ADDRESS RANGES

        Name                Unused          Largest block    Delta
        BANK0            0052-006F             1E           1
        BANK1            00E0-00EF             10           1
        BANK2            0110-016F             60           1
        BANK3            01D0-01EF             20           1
        CODE             0053-0518            4C6           2
                         0800-1FFF            800
        CONFIG           2007-2008              2           2
        CONST            0053-0518            100           2
                         0800-1FFF            100
        EEDATA           2100-21FF            100           2
        ENTRY            0053-0518            100           2
                         0800-1FFF            100
        IDLOC            2000-2003              4           2
        RAM              0052-006F             1E           1
                         00E0-00EF             10
                         0110-016F             60
                         01D0-01EF             20
        SFR0             0000-001F             20           1
        SFR1             0080-009F             20           1
        SFR2             0100-010F             10           1
        SFR3             0180-018F             10           1
        STACK            0110-016F             60           1
        STRCODE          0053-0518            4C6           2
                         0800-1FFF           1800
        STRING           0053-0518            100           2
                         0800-1FFF            100

                                  Symbol Table

?_sprintf                             cstackCOMMON 0070
SPI1_write@data                       cstackCOMMON 0071
SPI1_write@i                          cstackCOMMON 0073
SPI1_write@mask                       cstackCOMMON 0072
USARTInit@baud_rate                   cstackCOMMON 0070
USARTWriteChar@ch                     cstackCOMMON 0070
USARTWriteInt@F1617                   bssBANK0     0040
USARTWriteString@str                  cstackCOMMON 0072
Write_Byte@myColumn                   cstackCOMMON 0075
Write_Byte@myValue                    cstackCOMMON 0074
_ANSELbits                            (abs)        0188
_GIE                                  (abs)        005F
_PEIE                                 (abs)        005E
_PIR1bits                             (abs)        000C
_RA1                                  (abs)        0029
_RA2                                  (abs)        002A
_RA3                                  (abs)        002B
_RCIE                                 (abs)        0465
_RCREG                                (abs)        001A
_RCSTAbits                            (abs)        0018
_SPBRG                                (abs)        0099
_SPI1_write                           text11       05C5
_TRISAbits                            (abs)        0085
_TXREG                                (abs)        0019
_TXSTAbits                            (abs)        0098
_UQEnd                                bssBANK0     0045
_UQFront                              bssBANK0     0046
_URBuff                               bssBANK0     0020
_USARTInit                            text4        06A4
_USARTWriteChar                       text16       0523
_USARTWriteString                     text15       0579
_Write_Byte                           text10       0555
__Habs1                               abs1         0000
__Hbank0                              bank0        0000
__Hbank1                              bank1        0000
__Hbank2                              bank2        0000
__Hbank3                              bank3        0000
__HbssBANK0                           bssBANK0     0000
__HbssBANK1                           bssBANK1     0000
__Hcinit                              cinit        0800
__Hclrtext                            clrtext      0000
__Hcode                               code         0000
__Hcommon                             common       0000
__Hconfig                             config       0000
__HcstackBANK0                        cstackBANK0  0000
__HcstackCOMMON                       cstackCOMMON 0000
__HdataBANK3                          dataBANK3    0000
__Heeprom_data                        eeprom_data  0000
__Hend_init                           end_init     0003
__Hfunctab                            functab      0000
__HidataBANK3                         idataBANK3   0000
__Hidloc                              idloc        0000
__Hinit                               init         0000
__Hinittext                           inittext     0000
__Hintentry                           intentry     0000
__Hmaintext                           maintext     0000
__Hpowerup                            powerup      0000
__Hram                                ram          0000
__Hreset_vec                          reset_vec    0000
__Hsfr0                               sfr0         0000
__Hsfr1                               sfr1         0000
__Hsfr2                               sfr2         0000
__Hsfr3                               sfr3         0000
__Hspace_0                            (abs)        0800
__Hspace_1                            (abs)        01D0
__Hspace_2                            (abs)        0000
__Hspace_3                            (abs)        0000
__Hstack                              stack        0000
__Hstrings                            strings      0000
__Htext                               text         0000
__Labs1                               abs1         0000
__Lbank0                              bank0        0000
__Lbank1                              bank1        0000
__Lbank2                              bank2        0000
__Lbank3                              bank3        0000
__LbssBANK0                           bssBANK0     0000
__LbssBANK1                           bssBANK1     0000
__Lcinit                              cinit        07DF
__Lclrtext                            clrtext      0000
__Lcode                               code         0000
__Lcommon                             common       0000
__Lconfig                             config       0000
__LcstackBANK0                        cstackBANK0  0000
__LcstackCOMMON                       cstackCOMMON 0000
__LdataBANK3                          dataBANK3    0000
__Leeprom_data                        eeprom_data  0000
__Lend_init                           end_init     0000
__Lfunctab                            functab      0000
__LidataBANK3                         idataBANK3   0000
__Lidloc                              idloc        0000
__Linit                               init         0000
__Linittext                           inittext     0000
__Lintentry                           intentry     0000
__Lmaintext                           maintext     0000
__Lpowerup                            powerup      0000
__Lram                                ram          0000
__Lreset_vec                          reset_vec    0000
__Lsfr0                               sfr0         0000
__Lsfr1                               sfr1         0000
__Lsfr2                               sfr2         0000
__Lsfr3                               sfr3         0000
__Lspace_0                            (abs)        0000
__Lspace_1                            (abs)        0000
__Lspace_2                            (abs)        0000
__Lspace_3                            (abs)        0000
__Lstack                              stack        0000
__Lstrings                            strings      0000
__Ltext                               text         0000
__S0                                  (abs)        0800
__S1                                  (abs)        01D0
__S2                                  (abs)        0000
__S3                                  (abs)        0000
___int_sp                             stack        0000
___latbits                            (abs)        0002
___sp                                 stack        0000
__end_of_SPI1_write                   text11       05EF
__end_of_USARTInit                    text4        06EB
__end_of_USARTWriteChar               text16       052B
__end_of_USARTWriteString             text15       058E
__end_of_Write_Byte                   text10       0567
__end_of__initialization              cinit        07FC
__end_of__stringtab                   strings      0009
__end_of_dbg_close                    text6        051A
__end_of_dbg_init                     text3        0533
__end_of_dbg_print_MATRIX88           text13       07DF
__end_of_hal_MATRIX88_to_MATRIX7219   text12       0733
__end_of_hal_print_MATRIX7219         text9        05C5
__end_of_hal_print_MATRIX88           text8        0579
__end_of_hal_print_Main_Screen        text7        0523
__end_of_main                         maintext     05A9
__end_of_main_close                   text5        051E
__end_of_main_init                    text1        0544
__end_of_max7219_init1                text2        0629
__end_of_sprintf                      text14       0664
__initialization                      cinit        07DF
__pbssBANK0                           bssBANK0     0020
__pbssBANK1                           bssBANK1     00A0
__pcstackBANK0                        cstackBANK0  0047
__pcstackCOMMON                       cstackCOMMON 0070
__pdataBANK3                          dataBANK3    0190
__pidataBANK3                         idataBANK3   0664
__pmaintext                           maintext     058E
__pstrings                            strings      0003
__ptext1                              text1        053B
__ptext10                             text10       0555
__ptext11                             text11       05C5
__ptext12                             text12       06EB
__ptext13                             text13       0733
__ptext14                             text14       0629
__ptext15                             text15       0579
__ptext16                             text16       0523
__ptext2                              text2        05EF
__ptext3                              text3        052B
__ptext4                              text4        06A4
__ptext5                              text5        051A
__ptext6                              text6        0519
__ptext7                              text7        051E
__ptext8                              text8        0567
__ptext9                              text9        05A9
__size_of_SPI1_write                  (abs)        0000
__size_of_USARTInit                   (abs)        0000
__size_of_USARTWriteChar              (abs)        0000
__size_of_USARTWriteString            (abs)        0000
__size_of_Write_Byte                  (abs)        0000
__size_of_dbg_close                   (abs)        0000
__size_of_dbg_init                    (abs)        0000
__size_of_dbg_print_MATRIX88          (abs)        0000
__size_of_hal_MATRIX88_to_MATRIX7219  (abs)        0000
__size_of_hal_print_MATRIX7219        (abs)        0000
__size_of_hal_print_MATRIX88          (abs)        0000
__size_of_hal_print_Main_Screen       (abs)        0000
__size_of_main                        (abs)        0000
__size_of_main_close                  (abs)        0000
__size_of_main_init                   (abs)        0000
__size_of_max7219_init1               (abs)        0000
__size_of_sprintf                     (abs)        0000
__stringbase                          strings      0008
__stringtab                           strings      0003
_dbg_close                            text6        0519
_dbg_init                             text3        052B
_dbg_print_MATRIX88                   text13       0733
_g_debug                              bssBANK1     00A0
_g_matrix88                           dataBANK3    0190
_hal_MATRIX88_to_MATRIX7219           text12       06EB
_hal_print_MATRIX7219                 text9        05A9
_hal_print_MATRIX88                   text8        0567
_hal_print_Main_Screen                text7        051E
_main                                 maintext     058E
_main_close                           text5        051A
_main_init                            text1        053B
_max7219_init1                        text2        05EF
_sprintf                              text14       0629
btemp                                 (abs)        007E
clear_ram0                            clrtext      0533
dbg_print_MATRIX88@col                cstackCOMMON 007C
dbg_print_MATRIX88@enable             cstackCOMMON 007D
dbg_print_MATRIX88@lable              cstackCOMMON 0076
dbg_print_MATRIX88@matrix             cstackCOMMON 0077
dbg_print_MATRIX88@row                cstackCOMMON 007B
end_of_initialization                 cinit        07FC
hal_MATRIX88_to_MATRIX7219@col        cstackCOMMON 0077
hal_MATRIX88_to_MATRIX7219@mask       cstackCOMMON 0075
hal_MATRIX88_to_MATRIX7219@matrix7219 cstackCOMMON 0070
hal_MATRIX88_to_MATRIX7219@matrix88   cstackCOMMON 0074
hal_MATRIX88_to_MATRIX7219@row        cstackCOMMON 0076
hal_print_MATRIX7219@col              cstackCOMMON 0079
hal_print_MATRIX7219@matrix           cstackCOMMON 0078
hal_print_MATRIX88@matrix7219         cstackBANK0  0048
hal_print_MATRIX88@matrix88           cstackBANK0  0047
init_fetch0                           inittext     0544
init_ram0                             inittext     0548
intlevel0                             functab      0000
intlevel1                             functab      0000
intlevel2                             functab      0000
intlevel3                             functab      0000
intlevel4                             functab      0000
intlevel5                             functab      0000
ltemp                                 (abs)        007E
ltemp0                                (abs)        007E
ltemp1                                (abs)        0082
ltemp2                                (abs)        0086
ltemp3                                (abs)        0080
reset_vec                             reset_vec    0000
sprintf@ap                            cstackCOMMON 0072
sprintf@c                             cstackCOMMON 0074
sprintf@f                             cstackCOMMON 0070
sprintf@flag                          cstackCOMMON 0073
sprintf@sp                            cstackCOMMON 0075
stackhi                               (abs)        0000
stacklo                               (abs)        0000
start                                 init         0000
start_initialization                  cinit        07DF
ttemp                                 (abs)        007E
ttemp0                                (abs)        007E
ttemp1                                (abs)        0081
ttemp2                                (abs)        0084
ttemp3                                (abs)        0087
ttemp4                                (abs)        007F
wtemp                                 (abs)        007E
wtemp0                                (abs)        007E
wtemp1                                (abs)        0080
wtemp2                                (abs)        0082
wtemp3                                (abs)        0084
wtemp4                                (abs)        0086
wtemp5                                (abs)        0088
wtemp6                                (abs)        007F


FUNCTION INFORMATION:

 *************** function _main *****************
 Defined at:
		line 29 in file "../main.c"
 Parameters:    Size  Location     Type
		None
 Auto vars:     Size  Location     Type
		None
 Return value:  Size  Location     Type
                  2  106[None  ] int 
 Registers used:
		wreg, fsr0l, fsr0h, status,2, status,0, pclath, cstack
 Tracked objects:
		On entry : 
		On exit  : 
		Unchanged: 
 Data sizes:     COMMON   BANK0   BANK1   BANK3   BANK2
      Params:         0       0       0       0       0
      Locals:         0       0       0       0       0
      Temps:          0       2       0       0       0
      Totals:         0       2       0       0       0
Total ram usage:        2 bytes
 Hardware stack levels required when called:    5
 This function calls:
		_dbg_print_MATRIX88
		_hal_print_Main_Screen
		_main_close
		_main_init
 This function is called by:
		Startup code after reset
 This function uses a non-reentrant model


 *************** function _main_init *****************
 Defined at:
		line 18 in file "../main.c"
 Parameters:    Size  Location     Type
		None
 Auto vars:     Size  Location     Type
		None
 Return value:  Size  Location     Type
                  1    wreg      void 
 Registers used:
		wreg, fsr0l, fsr0h, status,2, status,0, pclath, cstack
 Tracked objects:
		On entry : 
		On exit  : 
		Unchanged: 
 Data sizes:     COMMON   BANK0   BANK1   BANK3   BANK2
      Params:         0       0       0       0       0
      Locals:         0       0       0       0       0
      Temps:          0       0       0       0       0
      Totals:         0       0       0       0       0
Total ram usage:        0 bytes
 Hardware stack levels used:    1
 Hardware stack levels required when called:    3
 This function calls:
		_dbg_init
		_max7219_init1
 This function is called by:
		_main
 This function uses a non-reentrant model


 *************** function _max7219_init1 *****************
 Defined at:
		line 49 in file "../max7219.h"
 Parameters:    Size  Location     Type
		None
 Auto vars:     Size  Location     Type
		None
 Return value:  Size  Location     Type
                  1    wreg      void 
 Registers used:
		wreg, status,2, status,0, pclath, cstack
 Tracked objects:
		On entry : 
		On exit  : 
		Unchanged: 
 Data sizes:     COMMON   BANK0   BANK1   BANK3   BANK2
      Params:         0       0       0       0       0
      Locals:         0       0       0       0       0
      Temps:          1       0       0       0       0
      Totals:         1       0       0       0       0
Total ram usage:        1 bytes
 Hardware stack levels used:    1
 Hardware stack levels required when called:    2
 This function calls:
		_Write_Byte
 This function is called by:
		_main_init
 This function uses a non-reentrant model


 *************** function _dbg_init *****************
 Defined at:
		line 57 in file "../debug_uart.h"
 Parameters:    Size  Location     Type
		None
 Auto vars:     Size  Location     Type
		None
 Return value:  Size  Location     Type
                  1    wreg      void 
 Registers used:
		wreg, fsr0l, fsr0h, status,2, status,0, pclath, cstack
 Tracked objects:
		On entry : 
		On exit  : 
		Unchanged: 
 Data sizes:     COMMON   BANK0   BANK1   BANK3   BANK2
      Params:         0       0       0       0       0
      Locals:         0       0       0       0       0
      Temps:          0       0       0       0       0
      Totals:         0       0       0       0       0
Total ram usage:        0 bytes
 Hardware stack levels used:    1
 Hardware stack levels required when called:    1
 This function calls:
		_USARTInit
 This function is called by:
		_main_init
 This function uses a non-reentrant model


 *************** function _USARTInit *****************
 Defined at:
		line 31 in file "../usart_pic16.c"
 Parameters:    Size  Location     Type
  baud_rate       2    0[COMMON] unsigned int 
 Auto vars:     Size  Location     Type
		None
 Return value:  Size  Location     Type
                  1    wreg      void 
 Registers used:
		wreg, fsr0l, fsr0h, status,2, status,0
 Tracked objects:
		On entry : 
		On exit  : 
		Unchanged: 
 Data sizes:     COMMON   BANK0   BANK1   BANK3   BANK2
      Params:         2       0       0       0       0
      Locals:         0       0       0       0       0
      Temps:          1       0       0       0       0
      Totals:         3       0       0       0       0
Total ram usage:        3 bytes
 Hardware stack levels used:    1
 This function calls:
		Nothing
 This function is called by:
		_dbg_init
 This function uses a non-reentrant model


 *************** function _main_close *****************
 Defined at:
		line 25 in file "../main.c"
 Parameters:    Size  Location     Type
		None
 Auto vars:     Size  Location     Type
		None
 Return value:  Size  Location     Type
                  1    wreg      void 
 Registers used:
		status,2, status,0, pclath, cstack
 Tracked objects:
		On entry : 
		On exit  : 
		Unchanged: 
 Data sizes:     COMMON   BANK0   BANK1   BANK3   BANK2
      Params:         0       0       0       0       0
      Locals:         0       0       0       0       0
      Temps:          0       0       0       0       0
      Totals:         0       0       0       0       0
Total ram usage:        0 bytes
 Hardware stack levels used:    1
 Hardware stack levels required when called:    1
 This function calls:
		_dbg_close
 This function is called by:
		_main
 This function uses a non-reentrant model


 *************** function _dbg_close *****************
 Defined at:
		line 61 in file "../debug_uart.h"
 Parameters:    Size  Location     Type
		None
 Auto vars:     Size  Location     Type
		None
 Return value:  Size  Location     Type
                  1    wreg      void 
 Registers used:
		None
 Tracked objects:
		On entry : 
		On exit  : 
		Unchanged: 
 Data sizes:     COMMON   BANK0   BANK1   BANK3   BANK2
      Params:         0       0       0       0       0
      Locals:         0       0       0       0       0
      Temps:          0       0       0       0       0
      Totals:         0       0       0       0       0
Total ram usage:        0 bytes
 Hardware stack levels used:    1
 This function calls:
		Nothing
 This function is called by:
		_main_close
 This function uses a non-reentrant model


 *************** function _hal_print_Main_Screen *****************
 Defined at:
		line 7 in file "../hal.h"
 Parameters:    Size  Location     Type
		None
 Auto vars:     Size  Location     Type
		None
 Return value:  Size  Location     Type
                  1    wreg      void 
 Registers used:
		wreg, fsr0l, fsr0h, status,2, status,0, pclath, cstack
 Tracked objects:
		On entry : 
		On exit  : 
		Unchanged: 
 Data sizes:     COMMON   BANK0   BANK1   BANK3   BANK2
      Params:         0       0       0       0       0
      Locals:         0       0       0       0       0
      Temps:          0       0       0       0       0
      Totals:         0       0       0       0       0
Total ram usage:        0 bytes
 Hardware stack levels used:    1
 Hardware stack levels required when called:    4
 This function calls:
		_hal_print_MATRIX88
 This function is called by:
		_main
 This function uses a non-reentrant model


 *************** function _hal_print_MATRIX88 *****************
 Defined at:
		line 33 in file "../hal_max7219.h"
 Parameters:    Size  Location     Type
  matrix88        1    wreg     PTR const struct .
		 -> g_matrix88(64), 
 Auto vars:     Size  Location     Type
  matrix88        1    0[BANK0 ] PTR const struct .
		 -> g_matrix88(64), 
  matrix7219      8    1[BANK0 ] struct .
 Return value:  Size  Location     Type
                  1    wreg      void 
 Registers used:
		wreg, fsr0l, fsr0h, status,2, status,0, pclath, cstack
 Tracked objects:
		On entry : 
		On exit  : 
		Unchanged: 
 Data sizes:     COMMON   BANK0   BANK1   BANK3   BANK2
      Params:         0       0       0       0       0
      Locals:         0       9       0       0       0
      Temps:          1       0       0       0       0
      Totals:         1       9       0       0       0
Total ram usage:       10 bytes
 Hardware stack levels used:    1
 Hardware stack levels required when called:    3
 This function calls:
		_hal_MATRIX88_to_MATRIX7219
		_hal_print_MATRIX7219
 This function is called by:
		_hal_print_Main_Screen
 This function uses a non-reentrant model


 *************** function _hal_print_MATRIX7219 *****************
 Defined at:
		line 24 in file "../hal_max7219.h"
 Parameters:    Size  Location     Type
  matrix          1    wreg     PTR const struct .
		 -> hal_print_MATRIX88@matrix7219(8), 
 Auto vars:     Size  Location     Type
  matrix          1    8[COMMON] PTR const struct .
		 -> hal_print_MATRIX88@matrix7219(8), 
  col             1    9[COMMON] unsigned char 
 Return value:  Size  Location     Type
                  1    wreg      void 
 Registers used:
		wreg, fsr0l, fsr0h, status,2, status,0, pclath, cstack
 Tracked objects:
		On entry : 
		On exit  : 
		Unchanged: 
 Data sizes:     COMMON   BANK0   BANK1   BANK3   BANK2
      Params:         0       0       0       0       0
      Locals:         2       0       0       0       0
      Temps:          2       0       0       0       0
      Totals:         4       0       0       0       0
Total ram usage:        4 bytes
 Hardware stack levels used:    1
 Hardware stack levels required when called:    2
 This function calls:
		_Write_Byte
 This function is called by:
		_hal_print_MATRIX88
 This function uses a non-reentrant model


 *************** function _Write_Byte *****************
 Defined at:
		line 41 in file "../max7219.h"
 Parameters:    Size  Location     Type
  myColumn        1    wreg     unsigned char 
  myValue         1    4[COMMON] unsigned char 
 Auto vars:     Size  Location     Type
  myColumn        1    5[COMMON] unsigned char 
 Return value:  Size  Location     Type
                  1    wreg      void 
 Registers used:
		wreg, status,2, status,0, pclath, cstack
 Tracked objects:
		On entry : 
		On exit  : 
		Unchanged: 
 Data sizes:     COMMON   BANK0   BANK1   BANK3   BANK2
      Params:         1       0       0       0       0
      Locals:         1       0       0       0       0
      Temps:          0       0       0       0       0
      Totals:         2       0       0       0       0
Total ram usage:        2 bytes
 Hardware stack levels used:    1
 Hardware stack levels required when called:    1
 This function calls:
		_SPI1_write
 This function is called by:
		_max7219_init1
		_hal_print_MATRIX7219
 This function uses a non-reentrant model


 *************** function _SPI1_write *****************
 Defined at:
		line 16 in file "../max7219.h"
 Parameters:    Size  Location     Type
  data            1    wreg     unsigned char 
 Auto vars:     Size  Location     Type
  data            1    1[COMMON] unsigned char 
  i               1    3[COMMON] unsigned char 
  mask            1    2[COMMON] unsigned char 
 Return value:  Size  Location     Type
                  1    wreg      void 
 Registers used:
		wreg, status,2, status,0
 Tracked objects:
		On entry : 
		On exit  : 
		Unchanged: 
 Data sizes:     COMMON   BANK0   BANK1   BANK3   BANK2
      Params:         0       0       0       0       0
      Locals:         3       0       0       0       0
      Temps:          1       0       0       0       0
      Totals:         4       0       0       0       0
Total ram usage:        4 bytes
 Hardware stack levels used:    1
 This function calls:
		Nothing
 This function is called by:
		_Write_Byte
 This function uses a non-reentrant model


 *************** function _hal_MATRIX88_to_MATRIX7219 *****************
 Defined at:
		line 6 in file "../hal_max7219.h"
 Parameters:    Size  Location     Type
  matrix88        1    wreg     PTR const struct .
		 -> g_matrix88(64), 
  matrix7219      1    0[COMMON] PTR struct .
		 -> hal_print_MATRIX88@matrix7219(8), 
 Auto vars:     Size  Location     Type
  matrix88        1    4[COMMON] PTR const struct .
		 -> g_matrix88(64), 
  row             1    6[COMMON] unsigned char 
  col             1    7[COMMON] unsigned char 
  mask            1    5[COMMON] unsigned char 
 Return value:  Size  Location     Type
                  1    wreg      void 
 Registers used:
		wreg, fsr0l, fsr0h, status,2, status,0
 Tracked objects:
		On entry : 
		On exit  : 
		Unchanged: 
 Data sizes:     COMMON   BANK0   BANK1   BANK3   BANK2
      Params:         1       0       0       0       0
      Locals:         4       0       0       0       0
      Temps:          3       0       0       0       0
      Totals:         8       0       0       0       0
Total ram usage:        8 bytes
 Hardware stack levels used:    1
 This function calls:
		Nothing
 This function is called by:
		_hal_print_MATRIX88
 This function uses a non-reentrant model


 *************** function _dbg_print_MATRIX88 *****************
 Defined at:
		line 7 in file "../debug.h"
 Parameters:    Size  Location     Type
  enable          1    wreg     unsigned char 
  lable           1    6[COMMON] PTR const unsigned char 
		 -> STR_7(12), 
  matrix          1    7[COMMON] PTR const struct .
		 -> g_matrix88(64), 
 Auto vars:     Size  Location     Type
  enable          1   13[COMMON] unsigned char 
  col             1   12[COMMON] unsigned char 
  row             1   11[COMMON] unsigned char 
 Return value:  Size  Location     Type
                  1    wreg      void 
 Registers used:
		wreg, fsr0l, fsr0h, status,2, status,0, pclath, cstack
 Tracked objects:
		On entry : 
		On exit  : 
		Unchanged: 
 Data sizes:     COMMON   BANK0   BANK1   BANK3   BANK2
      Params:         2       0       0       0       0
      Locals:         3       0       0       0       0
      Temps:          3       0       0       0       0
      Totals:         8       0       0       0       0
Total ram usage:        8 bytes
 Hardware stack levels used:    1
 Hardware stack levels required when called:    2
 This function calls:
		_USARTWriteString
		_sprintf
 This function is called by:
		_main
 This function uses a non-reentrant model


 *************** function _sprintf *****************
 Defined at:
		line 492 in file "C:\Program Files (x86)\Microchip\xc8\v1.37\sources\common\doprnt.c"
 Parameters:    Size  Location     Type
  sp              1    wreg     PTR unsigned char 
		 -> g_debug(64), 
  f               1    0[COMMON] PTR const unsigned char 
		 -> STR_7(12), STR_6(23), STR_5(3), STR_4(2), 
		 -> STR_3(2), STR_2(31), STR_1(4), 
 Auto vars:     Size  Location     Type
  sp              1    5[COMMON] PTR unsigned char 
		 -> g_debug(64), 
  tmpval          4    0        struct .
  cp              2    0        PTR const unsigned char 
  len             2    0        unsigned int 
  val             2    0        unsigned int 
  c               1    4[COMMON] char 
  flag            1    3[COMMON] unsigned char 
  ap              1    2[COMMON] PTR void [1]
		 -> ?_sprintf(2), 
  prec            1    0        char 
 Return value:  Size  Location     Type
                  2    0[COMMON] int 
 Registers used:
		wreg, fsr0l, fsr0h, status,2, status,0, pclath
 Tracked objects:
		On entry : 
		On exit  : 
		Unchanged: 
 Data sizes:     COMMON   BANK0   BANK1   BANK3   BANK2
      Params:         1       0       0       0       0
      Locals:         4       0       0       0       0
      Temps:          1       0       0       0       0
      Totals:         6       0       0       0       0
Total ram usage:        6 bytes
 Hardware stack levels used:    2
 This function calls:
		Nothing
 This function is called by:
		_dbg_print_MATRIX88
 This function uses a non-reentrant model


 *************** function _USARTWriteString *****************
 Defined at:
		line 76 in file "../usart_pic16.c"
 Parameters:    Size  Location     Type
  str             1    wreg     PTR const unsigned char 
		 -> g_debug(64), 
 Auto vars:     Size  Location     Type
  str             1    2[COMMON] PTR const unsigned char 
		 -> g_debug(64), 
 Return value:  Size  Location     Type
                  1    wreg      void 
 Registers used:
		wreg, fsr0l, fsr0h, status,2, status,0, pclath, cstack
 Tracked objects:
		On entry : 
		On exit  : 
		Unchanged: 
 Data sizes:     COMMON   BANK0   BANK1   BANK3   BANK2
      Params:         0       0       0       0       0
      Locals:         1       0       0       0       0
      Temps:          1       0       0       0       0
      Totals:         2       0       0       0       0
Total ram usage:        2 bytes
 Hardware stack levels used:    1
 Hardware stack levels required when called:    1
 This function calls:
		_USARTWriteChar
 This function is called by:
		_dbg_print_MATRIX88
		_USARTWriteLine
 This function uses a non-reentrant model


 *************** function _USARTWriteChar *****************
 Defined at:
		line 70 in file "../usart_pic16.c"
 Parameters:    Size  Location     Type
  ch              1    wreg     unsigned char 
 Auto vars:     Size  Location     Type
  ch              1    0[COMMON] unsigned char 
 Return value:  Size  Location     Type
                  1    wreg      void 
 Registers used:
		wreg
 Tracked objects:
		On entry : 
		On exit  : 
		Unchanged: 
 Data sizes:     COMMON   BANK0   BANK1   BANK3   BANK2
      Params:         0       0       0       0       0
      Locals:         1       0       0       0       0
      Temps:          0       0       0       0       0
      Totals:         1       0       0       0       0
Total ram usage:        1 bytes
 Hardware stack levels used:    1
 This function calls:
		Nothing
 This function is called by:
		_USARTWriteString
		_USARTWriteLine
		_USARTWriteInt
		_USARTGotoNewLine
 This function uses a non-reentrant model



MODULE INFORMATION

Module		Function		Class		Link	Load	Size
../main.c
		_main_close    		CODE           	051A	0000	5
		_main          		CODE           	058E	0000	28
		_main_init     		CODE           	053B	0000	10

../main.c estimated size: 43

../debug_uart.h
		_dbg_close     		CODE           	0519	0000	2
		_dbg_init      		CODE           	052B	0000	9

../debug_uart.h estimated size: 11

C:\Program Files (x86)\Microchip\xc8\v1.37\sources\common\doprnt.c
		_sprintf       		CODE           	0629	0000	60

C:\Program Files (x86)\Microchip\xc8\v1.37\sources\common\doprnt.c estimated size: 60

../hal.h
		_hal_print_Main_Screen		CODE           	051E	0000	6

../hal.h estimated size: 6

../debug.h
		_dbg_print_MATRIX88		CODE           	0733	0000	173

../debug.h estimated size: 173

shared
		__stringtab    		STRING         	0003	0000	7
		__initialization		CODE           	07DF	0000	30

shared estimated size: 37

../usart_pic16.c
		_USARTWriteString		CODE           	0579	0000	22
		_USARTWriteChar		CODE           	0523	0000	9
		_USARTInit     		CODE           	06A4	0000	72

../usart_pic16.c estimated size: 103

../hal_max7219.h
		_hal_MATRIX88_to_MATRIX7219		CODE           	06EB	0000	73
		_hal_print_MATRIX7219		CODE           	05A9	0000	29
		_hal_print_MATRIX88		CODE           	0567	0000	19

../hal_max7219.h estimated size: 121

../max7219.h
		_Write_Byte    		CODE           	0555	0000	19
		_SPI1_write    		CODE           	05C5	0000	43
		_max7219_init1 		CODE           	05EF	0000	59

../max7219.h estimated size: 121

