HI-TECH Software C Compiler 

Linker command line:

--edf=C:\Program Files\HI-TECH Software\PICC\9.83\dat\en_msgs.txt -cs \
  -h+dist/default/production\Calling_system.X.production.sym -z -Q16F877A \
  -ol.obj -Mdist/default/production/Calling_system.X.production.map -E1 \
  -ACONST=00h-0FFhx32 -ACODE=00h-07FFhx4 -ASTRCODE=00h-01FFFh \
  -AENTRY=00h-0FFhx32 -ASTRING=00h-0FFhx32 -ABANK0=020h-06Fh \
  -ABANK1=0A0h-0EFh -ABANK2=0110h-016Fh -ABANK3=0190h-01EFh \
  -ARAM=020h-06Fh,0A0h-0EFh,0110h-016Fh,0190h-01EFh \
  -AABS1=020h-07Fh,0A0h-0EFh,0110h-016Fh,0190h-01EFh -ACOMMON=070h-07Fh \
  -ASFR0=00h-01Fh -ASFR1=080h-09Fh -ASFR2=0100h-010Fh -ASFR3=0180h-018Fh \
  -preset_vec=00h,intentry=04h,init,end_init -ppowerup=CODE -pfunctab=CODE \
  -ACONFIG=02007h-02007h -pconfig=CONFIG -DCONFIG=2 -AIDLOC=02000h-02003h \
  -pidloc=IDLOC -DIDLOC=2 -AEEDATA=00h-0FFh/02100h -peeprom_data=EEDATA \
  -DEEDATA=2 -DCODE=2 -DSTRCODE=2 -DSTRING=2 -DCONST=2 -DENTRY=2 -k \
  C:\DOCUME~1\Admin\LOCALS~1\Temp\s3ls.obj \
  dist/default/production\Calling_system.X.production.obj 

Object code version is 3.10

Machine type is 16F877A



                Name                               Link     Load   Length Selector   Space Scale
C:\DOCUME~1\Admin\LOCALS~1\Temp\s3ls.obj
                end_init                             12       12        3        8       0
                reset_vec                             0        0        3        0       0
dist/default/production\Calling_system.X.production.obj
                intentry                              4        4        E        8       0
                config                             2007     2007        1     400E       0
                text210                             1D8      1D8       25        8       0
                text209                             162      162       45        8       0
                text208                              C0       C0       A2        8       0
                text207                             1A7      1A7       31        8       0
                maintext                             15       15       AB        8       0
                cstackBANK0                          34       34        4       20       1
                cstackCOMMON                         70       70        8       70       1
                clrtext                             211      211        8        8       0
                dataBANK0                            38       38        1       20       1
                bssBANK0                             20       20       14       20       1
                bssCOMMON                            78       78        1       70       1
                cinit                               1FD      1FD       14        8       0
                idataBANK0                          219      219        1        8       0

TOTAL           Name                               Link     Load   Length     Space
        CLASS   CONST          

        CLASS   CODE           
                end_init                             12       12        3         0
                intentry                              4        4        E         0
                reset_vec                             0        0        3         0
                text210                             1D8      1D8       25         0
                text209                             162      162       45         0
                text208                              C0       C0       A2         0
                text207                             1A7      1A7       31         0
                maintext                             15       15       AB         0
                clrtext                             211      211        8         0
                cinit                               1FD      1FD       14         0
                idataBANK0                          219      219        1         0

        CLASS   STRCODE        

        CLASS   ENTRY          

        CLASS   STRING         

        CLASS   BANK0          
                cstackBANK0                          34       34        4         1
                dataBANK0                            38       38        1         1
                bssBANK0                             20       20       14         1

        CLASS   BANK1          

        CLASS   BANK2          

        CLASS   BANK3          

        CLASS   RAM            

        CLASS   ABS1           
                abs_s1                               7E       7E        2         1

        CLASS   COMMON         
                cstackCOMMON                         70       70        8         1
                bssCOMMON                            78       78        1         1

        CLASS   SFR0           

        CLASS   SFR1           

        CLASS   SFR2           

        CLASS   SFR3           

        CLASS   CONFIG         
                config                             2007     2007        1         0

        CLASS   IDLOC          

        CLASS   EEDATA         



SEGMENTS        Name                           Load    Length   Top    Selector   Space  Class     Delta

                reset_vec                      000000  000003  000003         0       0  CODE        2
                intentry                       000004  000216  00021A         8       0  CODE        2
                bssBANK0                       000020  000019  000039        20       1  BANK0       1
                cstackCOMMON                   000070  000009  000079        70       1  COMMON      1
                config                         002007  000001  002008      400E       0  CONFIG      2


UNUSED ADDRESS RANGES

        Name                Unused          Largest block    Delta
        BANK0            0039-006F             37           1
        BANK1            00A0-00EF             50           1
        BANK2            0110-016F             60           1
        BANK3            0190-01EF             60           1
        CODE             0003-0003              1           2
                         021A-1FFF            800
        COMMON           0079-007D              5           1
        CONST            0003-0003              1           2
                         021A-1FFF            100
        EEDATA           2100-21FF            100           2
        ENTRY            0003-0003              1           2
                         021A-1FFF            100
        IDLOC            2000-2003              4           2
        RAM              0039-006F             37           1
                         00A0-00EF             50
                         0110-016F             60
                         0190-01EF             60
        SFR0             0000-001F             20           1
        SFR1             0080-009F             20           1
        SFR2             0100-010F             10           1
        SFR3             0180-018F             10           1
        STRCODE          0003-0003              1           2
                         021A-1FFF           1DE6
        STRING           0003-0003              1           2
                         021A-1FFF            100

                                  Symbol Table

??_Init                     cstackCOMMON 0075
??_Interrupt_Handler        cstackCOMMON 0070
??_OutDigit                 cstackCOMMON 0076
??_OutputAllDigits          cstackCOMMON 0077
??_main                     cstackBANK0  0036
?_Init                      cstackCOMMON 0070
?_Interrupt_Handler         cstackCOMMON 0070
?_OutDigit                  cstackCOMMON 0075
?_OutputAllDigits           cstackCOMMON 0070
?_main                      cstackCOMMON 0070
OutDigit@digit              cstackCOMMON 0076
OutDigit@index              cstackCOMMON 0075
OutputAllDigits@i           cstackBANK0  0035
OutputAllDigits@tmp         cstackBANK0  0034
_CARRY                      (abs)        0018
_EEADR                      (abs)        010D
_EECON1                     (abs)        018C
_EECON2                     (abs)        018D
_EEDATA                     (abs)        010C
_GIE                        (abs)        005F
_Init                       text209      0162
_Interrupt_Handler          text210      01D8
_OutDigit                   text208      00C0
_OutputAllDigits            text207      01A7
_PCFG0                      (abs)        04F8
_PCFG1                      (abs)        04F9
_PCFG2                      (abs)        04FA
_PCFG3                      (abs)        04FB
_PEIE                       (abs)        005E
_PORTA                      (abs)        0005
_PORTC                      (abs)        0007
_PORTD                      (abs)        0008
_RB5                        (abs)        0035
_RBIE                       (abs)        005B
_RBIF                       (abs)        0058
_RD                         (abs)        0C60
_T1CKPS0                    (abs)        0084
_T1CKPS1                    (abs)        0085
_T1OSCEN                    (abs)        0083
_TMR0IE                     (abs)        005D
_TMR1CS                     (abs)        0081
_TMR1IE                     (abs)        0460
_TMR1IF                     (abs)        0060
_TMR1ON                     (abs)        0080
_TRISA                      (abs)        0085
_TRISB                      (abs)        0086
_TRISC                      (abs)        0087
_TRISD                      (abs)        0088
_WR                         (abs)        0C61
_WREN                       (abs)        0C62
__Habs1                     abs1         0000
__Hbank0                    bank0        0000
__Hbank1                    bank1        0000
__Hbank2                    bank2        0000
__Hbank3                    bank3        0000
__HbssBANK0                 bssBANK0     0000
__HbssCOMMON                bssCOMMON    0000
__Hcinit                    cinit        0000
__Hclrtext                  clrtext      0000
__Hcode                     code         0000
__Hcommon                   common       0000
__Hconfig                   config       2008
__HcstackBANK0              cstackBANK0  0000
__HcstackCOMMON             cstackCOMMON 0000
__HdataBANK0                dataBANK0    0000
__Heeprom_data              eeprom_data  0000
__Hend_init                 end_init     0015
__Hfunctab                  functab      0000
__HidataBANK0               idataBANK0   0000
__Hidloc                    idloc        0000
__Hinit                     init         0012
__Hintentry                 intentry     0012
__Hmaintext                 maintext     0000
__Hpowerup                  powerup      0000
__Hram                      ram          0000
__Hreset_vec                reset_vec    0003
__Hsfr0                     sfr0         0000
__Hsfr1                     sfr1         0000
__Hsfr2                     sfr2         0000
__Hsfr3                     sfr3         0000
__Hstrings                  strings      0000
__Htext                     text         0000
__Labs1                     abs1         0000
__Lbank0                    bank0        0000
__Lbank1                    bank1        0000
__Lbank2                    bank2        0000
__Lbank3                    bank3        0000
__LbssBANK0                 bssBANK0     0000
__LbssCOMMON                bssCOMMON    0000
__Lcinit                    cinit        0000
__Lclrtext                  clrtext      0000
__Lcode                     code         0000
__Lcommon                   common       0000
__Lconfig                   config       2007
__LcstackBANK0              cstackBANK0  0000
__LcstackCOMMON             cstackCOMMON 0000
__LdataBANK0                dataBANK0    0000
__Leeprom_data              eeprom_data  0000
__Lend_init                 end_init     0012
__Lfunctab                  functab      0000
__LidataBANK0               idataBANK0   0000
__Lidloc                    idloc        0000
__Linit                     init         0012
__Lintentry                 intentry     0004
__Lmaintext                 maintext     0000
__Lpowerup                  powerup      0000
__Lram                      ram          0000
__Lreset_vec                reset_vec    0000
__Lsfr0                     sfr0         0000
__Lsfr1                     sfr1         0000
__Lsfr2                     sfr2         0000
__Lsfr3                     sfr3         0000
__Lstrings                  strings      0000
__Ltext                     text         0000
__S0                        (abs)        2008
__S1                        (abs)        0079
__S2                        (abs)        0000
__end_of_Init               text209      01A7
__end_of_Interrupt_Handler  text210      01FD
__end_of_OutDigit           text208      0162
__end_of_OutputAllDigits    text207      01D8
__end_of_main               maintext     00C0
__pbssBANK0                 bssBANK0     0020
__pbssCOMMON                bssCOMMON    0078
__pcstackBANK0              cstackBANK0  0034
__pcstackCOMMON             cstackCOMMON 0070
__pdataBANK0                dataBANK0    0038
__pidataBANK0               idataBANK0   0219
__pintentry                 intentry     0004
__pmaintext                 maintext     0015
__ptext207                  text207      01A7
__ptext208                  text208      00C0
__ptext209                  text209      0162
__ptext210                  text210      01D8
__ptext211                  text211      0000
__size_of_Init              (abs)        0000
__size_of_Interrupt_Handler (abs)        0000
__size_of_OutDigit          (abs)        0000
__size_of_OutputAllDigits   (abs)        0000
__size_of_main              (abs)        0000
_baseIndex                  bssBANK0     0032
_digits                     bssBANK0     0020
_exit                       init         0012
_main                       maintext     0015
_mode                       bssCOMMON    0078
_nRBPU                      (abs)        040F
_share_memory               dataBANK0    0038
_timeout                    bssBANK0     0026
_timer1_interrupt_count     bssBANK0     0033
_visible                    bssBANK0     002C
btemp                       (abs)        007E
clear_ram                   clrtext      0211
end_of_initialization       cinit        020D
interrupt_function          intentry     0004
intlevel0                   functab      0000
intlevel1                   functab      0000
intlevel2                   functab      0000
intlevel3                   functab      0000
intlevel4                   functab      0000
intlevel5                   functab      0000
main@i                      cstackBANK0  0037
reset_vec                   reset_vec    0000
saved_w                     (abs)        007E
start                       init         0012
start_initialization        cinit        01FD
wtemp0                      (abs)        007E
