Microchip MPLAB XC8 Compiler V1.37 ()

Linker command line:

-W-3 --edf=C:\Program Files (x86)\Microchip\xc8\v1.37\dat\en_msgs.txt -cs \
  -h+dist/default/production\Multi_LED8x8.X.production.sym \
  --cmf=dist/default/production\Multi_LED8x8.X.production.cmf -z -Q16F886 \
  -oC:\Users\Admin\AppData\Local\Temp\s508.2 \
  -Mdist/default/production/Multi_LED8x8.X.production.map -E1 -ver=XC8 \
  -ASTACK=0110h-016fh -pstack=STACK -ACODE=00h-07FFhx4 -ASTRCODE=00h-01FFFh \
  -ASTRING=00h-0FFhx32 -ACONST=00h-0FFhx32 -AENTRY=00h-0FFhx32 \
  -ACOMMON=070h-07Fh -ABANK0=020h-06Fh -ABANK1=0A0h-0EFh \
  -ABANK2=0110h-016Fh -ABANK3=0190h-01EFh \
  -ARAM=020h-06Fh,0A0h-0EFh,0110h-016Fh,0190h-01EFh \
  -AABS1=020h-07Fh,0A0h-0EFh,0110h-016Fh,0190h-01EFh -ASFR0=00h-01Fh \
  -ASFR1=080h-09Fh -ASFR2=0100h-010Fh -ASFR3=0180h-018Fh \
  -preset_vec=00h,intentry,init,end_init -ppowerup=CODE -pcinit=CODE \
  -pfunctab=CODE -ACONFIG=02007h-02008h -pconfig=CONFIG -DCONFIG=2 \
  -AIDLOC=02000h-02003h -pidloc=IDLOC -DIDLOC=2 -AEEDATA=00h-0FFh/02100h \
  -peeprom_data=EEDATA -DEEDATA=2 -DCODE=2 -DSTRCODE=2 -DSTRING=2 -DCONST=2 \
  -DENTRY=2 -k C:\Users\Admin\AppData\Local\Temp\s508.obj \
  dist/default/production\Multi_LED8x8.X.production.obj 

Object code version is 3.11

Machine type is 16F886



                Name                               Link     Load   Length Selector   Space Scale
C:\Users\Admin\AppData\Local\Temp\s508.obj
                end_init                              0        0        3        0       0
dist/default/production\Multi_LED8x8.X.production.obj
                cinit                               7D1      7D1       2F      FA2       0
                text11                              547      547       2A      A8E       0
                text10                              571      571       2F      AE2       0
                text9                               640      640       74      C80       0
                text8                               73A      73A       97      E74       0
                text7                               4E7      4E7        1      9CE       0
                text6                               4EA      4EA        4      9D4       0
                text5                               5A0      5A0       40      B40       0
                text4                               4EE      4EE        8      9DC       0
                text3                               52B      52B       1C      A56       0
                text2                               6B4      6B4       86      D68       0
                text1                               4F6      4F6        9      9EC       0
                maintext                            509      509       11      A12       0
                cstackBANK0                          20       20       1E       20       1
                cstackCOMMON                         70       70        B       70       1
                inittext                            51A      51A       11      A34       0
                dataBANK3                           190      190       60      190       1
                dataBANK0                            3E       3E        A       20       1
                bssBANK0                             48       48        5       20       1
                dataCOMMON                           7B       7B        2       70       1
                strings                               3        3       10        6       0
                idataBANK3                          5E0      5E0       60      BC0       0
                idataBANK0                          4FF      4FF        A      9FE       0
                idataCOMMON                         4E8      4E8        2      9D0       0

TOTAL           Name                               Link     Load   Length     Space
        CLASS   STACK          

        CLASS   CODE           
                end_init                              0        0        3         0
                cinit                               7D1      7D1       2F         0
                text11                              547      547       2A         0
                text10                              571      571       2F         0
                text9                               640      640       74         0
                text8                               73A      73A       97         0
                text7                               4E7      4E7        1         0
                text6                               4EA      4EA        4         0
                text5                               5A0      5A0       40         0
                text4                               4EE      4EE        8         0
                text3                               52B      52B       1C         0
                text2                               6B4      6B4       86         0
                text1                               4F6      4F6        9         0
                maintext                            509      509       11         0
                inittext                            51A      51A       11         0
                idataBANK3                          5E0      5E0       60         0
                idataBANK0                          4FF      4FF        A         0
                idataCOMMON                         4E8      4E8        2         0

        CLASS   STRCODE        

        CLASS   STRING         
                strings                               3        3       10         0

        CLASS   CONST          

        CLASS   ENTRY          

        CLASS   COMMON         
                cstackCOMMON                         70       70        B         1
                dataCOMMON                           7B       7B        2         1

        CLASS   BANK0          
                cstackBANK0                          20       20       1E         1
                dataBANK0                            3E       3E        A         1
                bssBANK0                             48       48        5         1

        CLASS   BANK1          

        CLASS   BANK2          

        CLASS   BANK3          
                dataBANK3                           190      190       60         1

        CLASS   RAM            

        CLASS   ABS1           
                abs_s1                               7E       7E        2         1

        CLASS   SFR0           

        CLASS   SFR1           

        CLASS   SFR2           

        CLASS   SFR3           

        CLASS   CONFIG         

        CLASS   IDLOC          

        CLASS   EEDATA         



SEGMENTS        Name                           Load    Length   Top    Selector   Space  Class     Delta

                reset_vec                      000000  000003  000003         0       0  CODE        2
                strings                        000003  000010  000013         6       0  STRING      2
                cstackBANK0                    000020  00002D  00004D        20       1  BANK0       1
                cstackCOMMON                   000070  00000D  00007D        70       1  COMMON      1
                dataBANK3                      000190  000060  0001F0       190       1  BANK3       1
                text7                          0004E7  000001  0004E8       9CE       0  CODE        2
                idataCOMMON                    0004E8  000002  0004EA       9D0       0  CODE        2
                text6                          0004EA  000004  0004EE       9D4       0  CODE        2
                text4                          0004EE  000008  0004F6       9DC       0  CODE        2
                text1                          0004F6  000009  0004FF       9EC       0  CODE        2
                idataBANK0                     0004FF  00000A  000509       9FE       0  CODE        2
                maintext                       000509  000011  00051A       A12       0  CODE        2
                inittext                       00051A  000011  00052B       A34       0  CODE        2
                text3                          00052B  00001C  000547       A56       0  CODE        2
                text11                         000547  00002A  000571       A8E       0  CODE        2
                text10                         000571  00002F  0005A0       AE2       0  CODE        2
                text5                          0005A0  000040  0005E0       B40       0  CODE        2
                idataBANK3                     0005E0  000060  000640       BC0       0  CODE        2
                text9                          000640  000074  0006B4       C80       0  CODE        2
                text2                          0006B4  000086  00073A       D68       0  CODE        2
                text8                          00073A  000097  0007D1       E74       0  CODE        2
                cinit                          0007D1  00002F  000800       FA2       0  CODE        2


UNUSED ADDRESS RANGES

        Name                Unused          Largest block    Delta
        BANK0            004D-006F             23           1
        BANK1            00A0-00EF             50           1
        BANK2            0110-016F             60           1
        CODE             0013-04E6            4D4           2
                         0800-1FFF            800
        COMMON           007D-007D              1           1
        CONFIG           2007-2008              2           2
        CONST            0013-04E6            100           2
                         0800-1FFF            100
        EEDATA           2100-21FF            100           2
        ENTRY            0013-04E6            100           2
                         0800-1FFF            100
        IDLOC            2000-2003              4           2
        RAM              004D-006F             23           1
                         00A0-00EF             50
                         0110-016F             60
        SFR0             0000-001F             20           1
        SFR1             0080-009F             20           1
        SFR2             0100-010F             10           1
        SFR3             0180-018F             10           1
        STACK            0110-016F             60           1
        STRCODE          0013-04E6            4D4           2
                         0800-1FFF           1800
        STRING           0013-04E6            100           2
                         0800-1FFF            100

                                  Symbol Table

SPI1_write@data                        cstackCOMMON 0071
SPI1_write@i                           cstackCOMMON 0073
SPI1_write@mask                        cstackCOMMON 0072
USARTInit@baud_rate                    cstackCOMMON 0070
USARTWriteInt@F1605                    bssBANK0     0048
Write_Matrix@at                        cstackBANK0  0020
Write_Matrix@col                       cstackBANK0  0023
Write_Matrix@column                    cstackCOMMON 0075
Write_Matrix@matrix                    cstackBANK0  0022
Write_Matrix@option                    cstackCOMMON 0074
Write_Matrix@row                       cstackBANK0  0024
Write_Matrix@value                     cstackBANK0  0021
_ANSELbits                             (abs)        0188
_GIE                                   (abs)        005F
_PEIE                                  (abs)        005E
_PIR1bits                              (abs)        000C
_RA1                                   (abs)        0029
_RA2                                   (abs)        002A
_RA3                                   (abs)        002B
_RCIE                                  (abs)        0465
_RCSTAbits                             (abs)        0018
_SPBRG                                 (abs)        0099
_SPI1_write                            text11       0547
_TRISAbits                             (abs)        0085
_TXREG                                 (abs)        0019
_TXSTAbits                             (abs)        0098
_USARTInit                             text5        05A0
_Write_Matrix                          text9        0640
__Habs1                                abs1         0000
__Hbank0                               bank0        0000
__Hbank1                               bank1        0000
__Hbank2                               bank2        0000
__Hbank3                               bank3        0000
__HbssBANK0                            bssBANK0     0000
__Hcinit                               cinit        0800
__Hclrtext                             clrtext      0000
__Hcode                                code         0000
__Hcommon                              common       0000
__Hconfig                              config       0000
__HcstackBANK0                         cstackBANK0  0000
__HcstackCOMMON                        cstackCOMMON 0000
__HdataBANK0                           dataBANK0    0000
__HdataBANK3                           dataBANK3    0000
__HdataCOMMON                          dataCOMMON   0000
__Heeprom_data                         eeprom_data  0000
__Hend_init                            end_init     0003
__Hfunctab                             functab      0000
__HidataBANK0                          idataBANK0   0000
__HidataBANK3                          idataBANK3   0000
__HidataCOMMON                         idataCOMMON  0000
__Hidloc                               idloc        0000
__Hinit                                init         0000
__Hinittext                            inittext     0000
__Hintentry                            intentry     0000
__Hmaintext                            maintext     0000
__Hpowerup                             powerup      0000
__Hram                                 ram          0000
__Hreset_vec                           reset_vec    0000
__Hsfr0                                sfr0         0000
__Hsfr1                                sfr1         0000
__Hsfr2                                sfr2         0000
__Hsfr3                                sfr3         0000
__Hspace_0                             (abs)        0800
__Hspace_1                             (abs)        01F0
__Hspace_2                             (abs)        0000
__Hspace_3                             (abs)        0000
__Hstack                               stack        0000
__Hstrings                             strings      0000
__Htext                                text         0000
__Labs1                                abs1         0000
__Lbank0                               bank0        0000
__Lbank1                               bank1        0000
__Lbank2                               bank2        0000
__Lbank3                               bank3        0000
__LbssBANK0                            bssBANK0     0000
__Lcinit                               cinit        07D1
__Lclrtext                             clrtext      0000
__Lcode                                code         0000
__Lcommon                              common       0000
__Lconfig                              config       0000
__LcstackBANK0                         cstackBANK0  0000
__LcstackCOMMON                        cstackCOMMON 0000
__LdataBANK0                           dataBANK0    0000
__LdataBANK3                           dataBANK3    0000
__LdataCOMMON                          dataCOMMON   0000
__Leeprom_data                         eeprom_data  0000
__Lend_init                            end_init     0000
__Lfunctab                             functab      0000
__LidataBANK0                          idataBANK0   0000
__LidataBANK3                          idataBANK3   0000
__LidataCOMMON                         idataCOMMON  0000
__Lidloc                               idloc        0000
__Linit                                init         0000
__Linittext                            inittext     0000
__Lintentry                            intentry     0000
__Lmaintext                            maintext     0000
__Lpowerup                             powerup      0000
__Lram                                 ram          0000
__Lreset_vec                           reset_vec    0000
__Lsfr0                                sfr0         0000
__Lsfr1                                sfr1         0000
__Lsfr2                                sfr2         0000
__Lsfr3                                sfr3         0000
__Lspace_0                             (abs)        0000
__Lspace_1                             (abs)        0000
__Lspace_2                             (abs)        0000
__Lspace_3                             (abs)        0000
__Lstack                               stack        0000
__Lstrings                             strings      0000
__Ltext                                text         0000
__S0                                   (abs)        0800
__S1                                   (abs)        01F0
__S2                                   (abs)        0000
__S3                                   (abs)        0000
___int_sp                              stack        0000
___latbits                             (abs)        0002
___sp                                  stack        0000
__end_of_SPI1_write                    text11       0571
__end_of_USARTInit                     text5        05E0
__end_of_Write_Matrix                  text9        06B4
__end_of__initialization               cinit        07FC
__end_of__stringtab                    strings      0009
__end_of_dbg_close                     text7        04E8
__end_of_dbg_init                      text4        04F6
__end_of_hal_print_MATRIX_MATRIX7219   text8        07D1
__end_of_main                          maintext     051A
__end_of_main_close                    text6        04EE
__end_of_main_init                     text1        04FF
__end_of_max7219_init1                 text2        073A
__end_of_memset                        text3        0547
__end_of_reverse                       text10       05A0
__initialization                       cinit        07D1
__pbssBANK0                            bssBANK0     0048
__pcstackBANK0                         cstackBANK0  0020
__pcstackCOMMON                        cstackCOMMON 0070
__pdataBANK0                           dataBANK0    003E
__pdataBANK3                           dataBANK3    0190
__pdataCOMMON                          dataCOMMON   007B
__pidataBANK0                          idataBANK0   04FF
__pidataBANK3                          idataBANK3   05E0
__pidataCOMMON                         idataCOMMON  04E8
__pmaintext                            maintext     0509
__pstrings                             strings      0003
__ptext1                               text1        04F6
__ptext10                              text10       0571
__ptext11                              text11       0547
__ptext2                               text2        06B4
__ptext3                               text3        052B
__ptext4                               text4        04EE
__ptext5                               text5        05A0
__ptext6                               text6        04EA
__ptext7                               text7        04E7
__ptext8                               text8        073A
__ptext9                               text9        0640
__size_of_SPI1_write                   (abs)        0000
__size_of_USARTInit                    (abs)        0000
__size_of_Write_Matrix                 (abs)        0000
__size_of_dbg_close                    (abs)        0000
__size_of_dbg_init                     (abs)        0000
__size_of_hal_print_MATRIX_MATRIX7219  (abs)        0000
__size_of_main                         (abs)        0000
__size_of_main_close                   (abs)        0000
__size_of_main_init                    (abs)        0000
__size_of_max7219_init1                (abs)        0000
__size_of_memset                       (abs)        0000
__size_of_reverse                      (abs)        0000
__stringbase                           strings      0008
__stringtab                            strings      0003
_dbg_close                             text7        04E7
_dbg_init                              text4        04EE
_g_debug_tab                           dataCOMMON   007B
_g_matrix_matrix8x8                    dataBANK3    0190
_hal_print_MATRIX_MATRIX7219           text8        073A
_main                                  maintext     0509
_main_close                            text6        04EA
_main_init                             text1        04F6
_max7219_init1                         text2        06B4
_memset                                text3        052B
_reverse                               text10       0571
btemp                                  (abs)        007E
end_of_initialization                  cinit        07FC
hal_print_MATRIX_MATRIX7219@col        cstackBANK0  003B
hal_print_MATRIX_MATRIX7219@matrix     cstackBANK0  002F
hal_print_MATRIX_MATRIX7219@matrix88   cstackBANK0  002E
hal_print_MATRIX_MATRIX7219@matrix_col cstackBANK0  003C
hal_print_MATRIX_MATRIX7219@matrix_row cstackBANK0  003D
init_fetch0                            inittext     051A
init_ram0                              inittext     051E
intlevel0                              functab      0000
intlevel1                              functab      0000
intlevel2                              functab      0000
intlevel3                              functab      0000
intlevel4                              functab      0000
intlevel5                              functab      0000
ltemp                                  (abs)        007E
ltemp0                                 (abs)        007E
ltemp1                                 (abs)        0082
ltemp2                                 (abs)        0086
ltemp3                                 (abs)        0080
max7219_init1@matrix                   cstackBANK0  0025
memset@c                               cstackCOMMON 0070
memset@n                               cstackCOMMON 0072
memset@p                               cstackCOMMON 0075
memset@p1                              cstackCOMMON 0076
reset_vec                              reset_vec    0000
reverse@byte                           cstackCOMMON 0071
reverse@res                            cstackCOMMON 0072
reverse@temp                           cstackCOMMON 0073
stackhi                                (abs)        0000
stacklo                                (abs)        0000
start                                  init         0000
start_initialization                   cinit        07D1
ttemp                                  (abs)        007E
ttemp0                                 (abs)        007E
ttemp1                                 (abs)        0081
ttemp2                                 (abs)        0084
ttemp3                                 (abs)        0087
ttemp4                                 (abs)        007F
wtemp                                  (abs)        007E
wtemp0                                 (abs)        007E
wtemp1                                 (abs)        0080
wtemp2                                 (abs)        0082
wtemp3                                 (abs)        0084
wtemp4                                 (abs)        0086
wtemp5                                 (abs)        0088
wtemp6                                 (abs)        007F


FUNCTION INFORMATION:

 *************** function _main *****************
 Defined at:
		line 72 in file "../main.c"
 Parameters:    Size  Location     Type
		None
 Auto vars:     Size  Location     Type
		None
 Return value:  Size  Location     Type
                  2  122[None  ] int 
 Registers used:
		wreg, fsr0l, fsr0h, status,2, status,0, pclath, cstack
 Tracked objects:
		On entry : 
		On exit  : 
		Unchanged: 
 Data sizes:     COMMON   BANK0   BANK1   BANK3   BANK2
      Params:         0       0       0       0       0
      Locals:         0       0       0       0       0
      Temps:          0       0       0       0       0
      Totals:         0       0       0       0       0
Total ram usage:        0 bytes
 Hardware stack levels required when called:    4
 This function calls:
		_hal_print_MATRIX_MATRIX7219
		_main_close
		_main_init
 This function is called by:
		Startup code after reset
 This function uses a non-reentrant model


 *************** function _main_init *****************
 Defined at:
		line 60 in file "../main.c"
 Parameters:    Size  Location     Type
		None
 Auto vars:     Size  Location     Type
		None
 Return value:  Size  Location     Type
                  1    wreg      void 
 Registers used:
		wreg, fsr0l, fsr0h, status,2, status,0, pclath, cstack
 Tracked objects:
		On entry : 
		On exit  : 
		Unchanged: 
 Data sizes:     COMMON   BANK0   BANK1   BANK3   BANK2
      Params:         0       0       0       0       0
      Locals:         0       0       0       0       0
      Temps:          0       0       0       0       0
      Totals:         0       0       0       0       0
Total ram usage:        0 bytes
 Hardware stack levels used:    1
 Hardware stack levels required when called:    3
 This function calls:
		_dbg_init
		_max7219_init1
 This function is called by:
		_main
 This function uses a non-reentrant model


 *************** function _max7219_init1 *****************
 Defined at:
		line 88 in file "../max7219.h"
 Parameters:    Size  Location     Type
		None
 Auto vars:     Size  Location     Type
  matrix         12    5[BANK0 ] struct .
 Return value:  Size  Location     Type
                  1    wreg      void 
 Registers used:
		wreg, fsr0l, fsr0h, status,2, status,0, pclath, cstack
 Tracked objects:
		On entry : 
		On exit  : 
		Unchanged: 
 Data sizes:     COMMON   BANK0   BANK1   BANK3   BANK2
      Params:         0       0       0       0       0
      Locals:         0      12       0       0       0
      Temps:          1       0       0       0       0
      Totals:         1      12       0       0       0
Total ram usage:       13 bytes
 Hardware stack levels used:    1
 Hardware stack levels required when called:    2
 This function calls:
		_Write_Matrix
		_memset
 This function is called by:
		_main_init
 This function uses a non-reentrant model


 *************** function _memset *****************
 Defined at:
		line 8 in file "C:\Program Files (x86)\Microchip\xc8\v1.37\sources\common\memset.c"
 Parameters:    Size  Location     Type
  p1              1    wreg     PTR void 
		 -> max7219_init1@matrix(12), 
  c               2    0[COMMON] int 
  n               2    2[COMMON] unsigned int 
 Auto vars:     Size  Location     Type
  p1              1    6[COMMON] PTR void 
		 -> max7219_init1@matrix(12), 
  p               1    5[COMMON] PTR unsigned char 
		 -> max7219_init1@matrix(12), 
 Return value:  Size  Location     Type
                  1    wreg      PTR void 
 Registers used:
		wreg, fsr0l, fsr0h, status,2, status,0
 Tracked objects:
		On entry : 
		On exit  : 
		Unchanged: 
 Data sizes:     COMMON   BANK0   BANK1   BANK3   BANK2
      Params:         4       0       0       0       0
      Locals:         2       0       0       0       0
      Temps:          1       0       0       0       0
      Totals:         7       0       0       0       0
Total ram usage:        7 bytes
 Hardware stack levels used:    1
 This function calls:
		Nothing
 This function is called by:
		_max7219_init1
 This function uses a non-reentrant model


 *************** function _dbg_init *****************
 Defined at:
		line 123 in file "../debug_uart.h"
 Parameters:    Size  Location     Type
		None
 Auto vars:     Size  Location     Type
		None
 Return value:  Size  Location     Type
                  1    wreg      void 
 Registers used:
		wreg, fsr0l, fsr0h, status,2, status,0, pclath, cstack
 Tracked objects:
		On entry : 
		On exit  : 
		Unchanged: 
 Data sizes:     COMMON   BANK0   BANK1   BANK3   BANK2
      Params:         0       0       0       0       0
      Locals:         0       0       0       0       0
      Temps:          0       0       0       0       0
      Totals:         0       0       0       0       0
Total ram usage:        0 bytes
 Hardware stack levels used:    1
 Hardware stack levels required when called:    1
 This function calls:
		_USARTInit
 This function is called by:
		_main_init
 This function uses a non-reentrant model


 *************** function _USARTInit *****************
 Defined at:
		line 31 in file "../../../Multi_LED8x8/mplab/usart_pic16.c"
 Parameters:    Size  Location     Type
  baud_rate       2    0[COMMON] unsigned int 
 Auto vars:     Size  Location     Type
		None
 Return value:  Size  Location     Type
                  1    wreg      void 
 Registers used:
		wreg, fsr0l, fsr0h, status,2, status,0
 Tracked objects:
		On entry : 
		On exit  : 
		Unchanged: 
 Data sizes:     COMMON   BANK0   BANK1   BANK3   BANK2
      Params:         2       0       0       0       0
      Locals:         0       0       0       0       0
      Temps:          0       0       0       0       0
      Totals:         2       0       0       0       0
Total ram usage:        2 bytes
 Hardware stack levels used:    1
 This function calls:
		Nothing
 This function is called by:
		_dbg_init
 This function uses a non-reentrant model


 *************** function _main_close *****************
 Defined at:
		line 68 in file "../main.c"
 Parameters:    Size  Location     Type
		None
 Auto vars:     Size  Location     Type
		None
 Return value:  Size  Location     Type
                  1    wreg      void 
 Registers used:
		status,2, status,0, pclath, cstack
 Tracked objects:
		On entry : 
		On exit  : 
		Unchanged: 
 Data sizes:     COMMON   BANK0   BANK1   BANK3   BANK2
      Params:         0       0       0       0       0
      Locals:         0       0       0       0       0
      Temps:          0       0       0       0       0
      Totals:         0       0       0       0       0
Total ram usage:        0 bytes
 Hardware stack levels used:    1
 Hardware stack levels required when called:    1
 This function calls:
		_dbg_close
 This function is called by:
		_main
 This function uses a non-reentrant model


 *************** function _dbg_close *****************
 Defined at:
		line 127 in file "../debug_uart.h"
 Parameters:    Size  Location     Type
		None
 Auto vars:     Size  Location     Type
		None
 Return value:  Size  Location     Type
                  1    wreg      void 
 Registers used:
		None
 Tracked objects:
		On entry : 
		On exit  : 
		Unchanged: 
 Data sizes:     COMMON   BANK0   BANK1   BANK3   BANK2
      Params:         0       0       0       0       0
      Locals:         0       0       0       0       0
      Temps:          0       0       0       0       0
      Totals:         0       0       0       0       0
Total ram usage:        0 bytes
 Hardware stack levels used:    1
 This function calls:
		Nothing
 This function is called by:
		_main_close
 This function uses a non-reentrant model


 *************** function _hal_print_MATRIX_MATRIX7219 *****************
 Defined at:
		line 11 in file "../hal_max7219.h"
 Parameters:    Size  Location     Type
  matrix88        1    wreg     PTR const struct .
		 -> g_matrix_matrix8x8(96), 
 Auto vars:     Size  Location     Type
  matrix88        1   14[BANK0 ] PTR const struct .
		 -> g_matrix_matrix8x8(96), 
  matrix_col      1   28[BANK0 ] unsigned char 
  matrix_row      1   29[BANK0 ] unsigned char 
  matrix         12   15[BANK0 ] struct .
  col             1   27[BANK0 ] unsigned char 
 Return value:  Size  Location     Type
                  1    wreg      void 
 Registers used:
		wreg, fsr0l, fsr0h, status,2, status,0, pclath, cstack
 Tracked objects:
		On entry : 
		On exit  : 
		Unchanged: 
 Data sizes:     COMMON   BANK0   BANK1   BANK3   BANK2
      Params:         0       0       0       0       0
      Locals:         0      16       0       0       0
      Temps:          0       9       0       0       0
      Totals:         0      25       0       0       0
Total ram usage:       25 bytes
 Hardware stack levels used:    1
 Hardware stack levels required when called:    2
 This function calls:
		_Write_Matrix
 This function is called by:
		_main
 This function uses a non-reentrant model


 *************** function _Write_Matrix *****************
 Defined at:
		line 59 in file "../max7219.h"
 Parameters:    Size  Location     Type
  matrix          1    wreg     PTR const struct .
		 -> hal_print_MATRIX_MATRIX7219@matrix(12), max7219_init1@matrix(12), 
  option          1    4[COMMON] unsigned char 
  column          1    5[COMMON] unsigned char 
 Auto vars:     Size  Location     Type
  matrix          1    2[BANK0 ] PTR const struct .
		 -> hal_print_MATRIX_MATRIX7219@matrix(12), max7219_init1@matrix(12), 
  col             1    3[BANK0 ] unsigned char 
  row             1    4[BANK0 ] unsigned char 
  value           1    1[BANK0 ] unsigned char 
  at              1    0[BANK0 ] unsigned char 
 Return value:  Size  Location     Type
                  1    wreg      void 
 Registers used:
		wreg, fsr0l, fsr0h, status,2, status,0, pclath, cstack
 Tracked objects:
		On entry : 
		On exit  : 
		Unchanged: 
 Data sizes:     COMMON   BANK0   BANK1   BANK3   BANK2
      Params:         2       0       0       0       0
      Locals:         0       5       0       0       0
      Temps:          4       0       0       0       0
      Totals:         6       5       0       0       0
Total ram usage:       11 bytes
 Hardware stack levels used:    1
 Hardware stack levels required when called:    1
 This function calls:
		_SPI1_write
		_reverse
 This function is called by:
		_max7219_init1
		_hal_print_MATRIX_MATRIX7219
 This function uses a non-reentrant model


 *************** function _reverse *****************
 Defined at:
		line 96 in file "../bit_lib.h"
 Parameters:    Size  Location     Type
  byte            1    wreg     unsigned char 
 Auto vars:     Size  Location     Type
  byte            1    1[COMMON] unsigned char 
  temp            1    3[COMMON] PTR struct .
		 -> reverse@byte(1), 
  res             1    2[COMMON] struct .
 Return value:  Size  Location     Type
                  1    wreg      unsigned char 
 Registers used:
		wreg, fsr0l, fsr0h
 Tracked objects:
		On entry : 
		On exit  : 
		Unchanged: 
 Data sizes:     COMMON   BANK0   BANK1   BANK3   BANK2
      Params:         0       0       0       0       0
      Locals:         3       0       0       0       0
      Temps:          1       0       0       0       0
      Totals:         4       0       0       0       0
Total ram usage:        4 bytes
 Hardware stack levels used:    1
 This function calls:
		Nothing
 This function is called by:
		_Write_Matrix
 This function uses a non-reentrant model


 *************** function _SPI1_write *****************
 Defined at:
		line 27 in file "../max7219.h"
 Parameters:    Size  Location     Type
  data            1    wreg     unsigned char 
 Auto vars:     Size  Location     Type
  data            1    1[COMMON] unsigned char 
  i               1    3[COMMON] unsigned char 
  mask            1    2[COMMON] unsigned char 
 Return value:  Size  Location     Type
                  1    wreg      void 
 Registers used:
		wreg, status,2, status,0
 Tracked objects:
		On entry : 
		On exit  : 
		Unchanged: 
 Data sizes:     COMMON   BANK0   BANK1   BANK3   BANK2
      Params:         0       0       0       0       0
      Locals:         3       0       0       0       0
      Temps:          1       0       0       0       0
      Totals:         4       0       0       0       0
Total ram usage:        4 bytes
 Hardware stack levels used:    1
 This function calls:
		Nothing
 This function is called by:
		_Write_Matrix
		_Write_Byte
 This function uses a non-reentrant model



MODULE INFORMATION

Module		Function		Class		Link	Load	Size
../main.c
		_main_close    		CODE           	04EA	0000	5
		_main          		CODE           	0509	0000	18
		_main_init     		CODE           	04F6	0000	10

../main.c estimated size: 33

C:\Program Files (x86)\Microchip\xc8\v1.37\sources\common\memset.c
		_memset        		CODE           	052B	0000	29

C:\Program Files (x86)\Microchip\xc8\v1.37\sources\common\memset.c estimated size: 29

../debug_uart.h
		_dbg_close     		CODE           	04E7	0000	2
		_dbg_init      		CODE           	04EE	0000	9

../debug_uart.h estimated size: 11

../../../Multi_LED8x8/mplab/usart_pic16.c
		_USARTInit     		CODE           	05A0	0000	65

../../../Multi_LED8x8/mplab/usart_pic16.c estimated size: 65

shared
		__stringtab    		STRING         	0003	0000	7
		__initialization		CODE           	07D1	0000	44

shared estimated size: 51

../hal_max7219.h
		_hal_print_MATRIX_MATRIX7219		CODE           	073A	0000	152

../hal_max7219.h estimated size: 152

../bit_lib.h
		_reverse       		CODE           	0571	0000	48

../bit_lib.h estimated size: 48

../max7219.h
		_Write_Matrix  		CODE           	0640	0000	117
		_SPI1_write    		CODE           	0547	0000	43
		_max7219_init1 		CODE           	06B4	0000	135

../max7219.h estimated size: 295

