Microchip MPLAB XC8 Compiler V1.37 ()

Linker command line:

-W-3 --edf=C:\Program Files (x86)\Microchip\xc8\v1.37\dat\en_msgs.txt -cs \
  -h+dist/default/production\teris_16f886.X.production.sym \
  --cmf=dist/default/production\teris_16f886.X.production.cmf -z -Q16F886 \
  -oC:\Users\Admin\AppData\Local\Temp\s5q4.2 \
  -Mdist/default/production/teris_16f886.X.production.map -E1 -ver=XC8 \
  -ASTACK=0150h-016fh -pstack=STACK -ACODE=00h-07FFhx4 -ASTRCODE=00h-01FFFh \
  -ASTRING=00h-0FFhx32 -ACONST=00h-0FFhx32 -AENTRY=00h-0FFhx32 \
  -ACOMMON=070h-07Fh -ABANK0=020h-06Fh -ABANK1=0A0h-0EFh \
  -ABANK2=0110h-016Fh -ABANK3=0190h-01EFh \
  -ARAM=020h-06Fh,0A0h-0EFh,0110h-016Fh,0190h-01EFh \
  -AABS1=020h-07Fh,0A0h-0EFh,0110h-016Fh,0190h-01EFh -ASFR0=00h-01Fh \
  -ASFR1=080h-09Fh -ASFR2=0100h-010Fh -ASFR3=0180h-018Fh \
  -preset_vec=00h,intentry,init,end_init -ppowerup=CODE -pcinit=CODE \
  -pfunctab=CODE -ACONFIG=02007h-02008h -pconfig=CONFIG -DCONFIG=2 \
  -AIDLOC=02000h-02003h -pidloc=IDLOC -DIDLOC=2 -AEEDATA=00h-0FFh/02100h \
  -peeprom_data=EEDATA -DEEDATA=2 -DCODE=2 -DSTRCODE=2 -DSTRING=2 -DCONST=2 \
  -DENTRY=2 -k C:\Users\Admin\AppData\Local\Temp\s5q4.obj \
  dist/default/production\teris_16f886.X.production.obj 

Object code version is 3.11

Machine type is 16F886



                Name                               Link     Load   Length Selector   Space Scale
C:\Users\Admin\AppData\Local\Temp\s5q4.obj
                end_init                              0        0        3        0       0
                config                             2007     2007        2     400E       0
dist/default/production\teris_16f886.X.production.obj
                cinit                               7C1      7C1       3F      F82       0
                text44                              AD5      AD5       1C     15AA       0
                text43                              DBC      DBC       48     1B78       0
                text42                                4        4       2A        8       0
                text41                              A7E      A7E       12     14FC       0
                text40                              AF1      AF1       1C     15E2       0
                text39                              A90      A90       12     1520       0
                text38                             179F     179F        5     2F3E       0
                text37                             17BC     17BC       11     2F78       0
                text36                              D2E      D2E       47     1A5C       0
                text35                              E04      E04       4D     1C08       0
                text34                              CAC      CAC       3F     1958       0
                text33                              D75      D75       47     1AEA       0
                text32                              AA2      AA2       18     1544       0
                text31                              E51      E51       4F     1CA2       0
                text30                              BDB      BDB       26     17B6       0
                text29                               2E       2E       66       5C       0
                text28                              C01      C01       27     1802       0
                text27                              C7B      C7B       31     18F6       0
                text26                             17CD     17CD       11     2F9A       0
                text25                              B6F      B6F       23     16DE       0
                text24                              1E3      1E3       74      3C6       0
                text23                              257      257       7F      4AE       0
                text22                              C28      C28       27     1850       0
                text21                              B4D      B4D       22     169A       0
                text20                              CEB      CEB       43     19D6       0
                text19                              369      369      10D      6D2       0
                text18                              171      171       72      2E2       0
                text17                              B92      B92       24     1724       0
                text16                              2D6      2D6       93      5AC       0
                text15                              EF0      EF0       55     1DE0       0
                text14                              B0D      B0D       20     161A       0
                text13                              F9C      F9C       64     1F38       0
                text12                              F45      F45       57     1E8A       0
                text11                              B2D      B2D       20     165A       0
                text10                              586      586      23B      B0C       0
                text9                               100      100       71      200       0
                text8                               C4F      C4F       2C     189E       0
                text7                               EA0      EA0       50     1D40       0
                text6                              17A4     17A4        8     2F48       0
                text5                               BB6      BB6       25     176C       0
                text4                              17DE     17DE       11     2FBC       0
                text3                              17AC     17AC        8     2F58       0
                text2                                94       94       6C      128       0
                text1                               A75      A75        9     14EA       0
                maintext                            476      476      110      8EC       0
                cstackBANK0                          20       20       39       20       1
                cstackCOMMON                         70       70        E       70       1
                inittext                           17EF     17EF       11     2FDE       0
                clrtext                            17B4     17B4        8     2F68       0
                bssBANK2                            110      110       40      110       1
                bssBANK3                            190      190       60      190       1
                dataBANK1                            C0       C0       1B       A0       1
                bssBANK1                             A0       A0       20       A0       1
                dataBANK0                            64       64        5       20       1
                bssBANK0                             59       59        B       20       1
                nvBANK0                              69       69        2       20       1
                stringtext                          800      800      26F       10       0
                idataBANK1                          ABA      ABA       1B     1574       0
                idataBANK0                          A70      A70        5     14E0       0

TOTAL           Name                               Link     Load   Length     Space
        CLASS   STACK          

        CLASS   CODE           
                end_init                              0        0        3         0
                cinit                               7C1      7C1       3F         0
                text44                              AD5      AD5       1C         0
                text43                              DBC      DBC       48         0
                text42                                4        4       2A         0
                text41                              A7E      A7E       12         0
                text40                              AF1      AF1       1C         0
                text39                              A90      A90       12         0
                text38                             179F     179F        5         0
                text37                             17BC     17BC       11         0
                text36                              D2E      D2E       47         0
                text35                              E04      E04       4D         0
                text34                              CAC      CAC       3F         0
                text33                              D75      D75       47         0
                text32                              AA2      AA2       18         0
                text31                              E51      E51       4F         0
                text30                              BDB      BDB       26         0
                text29                               2E       2E       66         0
                text28                              C01      C01       27         0
                text27                              C7B      C7B       31         0
                text26                             17CD     17CD       11         0
                text25                              B6F      B6F       23         0
                text24                              1E3      1E3       74         0
                text23                              257      257       7F         0
                text22                              C28      C28       27         0
                text21                              B4D      B4D       22         0
                text20                              CEB      CEB       43         0
                text19                              369      369      10D         0
                text18                              171      171       72         0
                text17                              B92      B92       24         0
                text16                              2D6      2D6       93         0
                text15                              EF0      EF0       55         0
                text14                              B0D      B0D       20         0
                text13                              F9C      F9C       64         0
                text12                              F45      F45       57         0
                text11                              B2D      B2D       20         0
                text10                              586      586      23B         0
                text9                               100      100       71         0
                text8                               C4F      C4F       2C         0
                text7                               EA0      EA0       50         0
                text6                              17A4     17A4        8         0
                text5                               BB6      BB6       25         0
                text4                              17DE     17DE       11         0
                text3                              17AC     17AC        8         0
                text2                                94       94       6C         0
                text1                               A75      A75        9         0
                maintext                            476      476      110         0
                inittext                           17EF     17EF       11         0
                clrtext                            17B4     17B4        8         0
                idataBANK1                          ABA      ABA       1B         0
                idataBANK0                          A70      A70        5         0

        CLASS   STRCODE        
                stringtext                          800      800      26F         0

        CLASS   STRING         

        CLASS   CONST          

        CLASS   ENTRY          

        CLASS   COMMON         
                cstackCOMMON                         70       70        E         1

        CLASS   BANK0          
                cstackBANK0                          20       20       39         1
                dataBANK0                            64       64        5         1
                bssBANK0                             59       59        B         1
                nvBANK0                              69       69        2         1

        CLASS   BANK1          
                dataBANK1                            C0       C0       1B         1
                bssBANK1                             A0       A0       20         1

        CLASS   BANK2          
                bssBANK2                            110      110       40         1

        CLASS   BANK3          
                bssBANK3                            190      190       60         1

        CLASS   RAM            

        CLASS   ABS1           
                abs_s1                               7E       7E        2         1

        CLASS   SFR0           

        CLASS   SFR1           

        CLASS   SFR2           

        CLASS   SFR3           

        CLASS   CONFIG         
                config                             2007     2007        2         0

        CLASS   IDLOC          

        CLASS   EEDATA         



SEGMENTS        Name                           Load    Length   Top    Selector   Space  Class     Delta

                reset_vec                      000000  000003  000003         0       0  CODE        2
                text42                         000004  00002A  00002E         8       0  CODE        2
                cstackBANK0                    000020  00004B  00006B        20       1  BANK0       1
                text29                         00002E  000066  000094        5C       0  CODE        2
                cstackCOMMON                   000070  00000E  00007E        70       1  COMMON      1
                bssBANK1                       0000A0  00003B  0000DB        A0       1  BANK1       1
                bssBANK2                       000110  000040  000150       110       1  BANK2       1
                text2                          000094  00006C  000100       128       0  CODE        2
                bssBANK3                       000190  000060  0001F0       190       1  BANK3       1
                text9                          000100  000071  000171       200       0  CODE        2
                text18                         000171  000072  0001E3       2E2       0  CODE        2
                text24                         0001E3  000074  000257       3C6       0  CODE        2
                text23                         000257  00007F  0002D6       4AE       0  CODE        2
                text16                         0002D6  000093  000369       5AC       0  CODE        2
                text19                         000369  00010D  000476       6D2       0  CODE        2
                maintext                       000476  000110  000586       8EC       0  CODE        2
                text10                         000586  00023B  0007C1       B0C       0  CODE        2
                cinit                          0007C1  00003F  000800       F82       0  CODE        2
                stringtext                     000800  00026F  000A6F        10       0  STRCODE     2
                idataBANK0                     000A70  000005  000A75      14E0       0  CODE        2
                text1                          000A75  000009  000A7E      14EA       0  CODE        2
                text41                         000A7E  000012  000A90      14FC       0  CODE        2
                text39                         000A90  000012  000AA2      1520       0  CODE        2
                text32                         000AA2  000018  000ABA      1544       0  CODE        2
                idataBANK1                     000ABA  00001B  000AD5      1574       0  CODE        2
                text44                         000AD5  00001C  000AF1      15AA       0  CODE        2
                text40                         000AF1  00001C  000B0D      15E2       0  CODE        2
                text14                         000B0D  000020  000B2D      161A       0  CODE        2
                text11                         000B2D  000020  000B4D      165A       0  CODE        2
                text21                         000B4D  000022  000B6F      169A       0  CODE        2
                text25                         000B6F  000023  000B92      16DE       0  CODE        2
                text17                         000B92  000024  000BB6      1724       0  CODE        2
                text5                          000BB6  000025  000BDB      176C       0  CODE        2
                text30                         000BDB  000026  000C01      17B6       0  CODE        2
                text28                         000C01  000027  000C28      1802       0  CODE        2
                text22                         000C28  000027  000C4F      1850       0  CODE        2
                text8                          000C4F  00002C  000C7B      189E       0  CODE        2
                text27                         000C7B  000031  000CAC      18F6       0  CODE        2
                text34                         000CAC  00003F  000CEB      1958       0  CODE        2
                text20                         000CEB  000043  000D2E      19D6       0  CODE        2
                text36                         000D2E  000047  000D75      1A5C       0  CODE        2
                text33                         000D75  000047  000DBC      1AEA       0  CODE        2
                text43                         000DBC  000048  000E04      1B78       0  CODE        2
                text35                         000E04  00004D  000E51      1C08       0  CODE        2
                text31                         000E51  00004F  000EA0      1CA2       0  CODE        2
                text7                          000EA0  000050  000EF0      1D40       0  CODE        2
                text15                         000EF0  000055  000F45      1DE0       0  CODE        2
                text12                         000F45  000057  000F9C      1E8A       0  CODE        2
                text13                         000F9C  000064  001000      1F38       0  CODE        2
                text38                         00179F  000005  0017A4      2F3E       0  CODE        2
                text6                          0017A4  000008  0017AC      2F48       0  CODE        2
                text3                          0017AC  000008  0017B4      2F58       0  CODE        2
                clrtext                        0017B4  000008  0017BC      2F68       0  CODE        2
                text37                         0017BC  000011  0017CD      2F78       0  CODE        2
                text26                         0017CD  000011  0017DE      2F9A       0  CODE        2
                text4                          0017DE  000011  0017EF      2FBC       0  CODE        2
                inittext                       0017EF  000011  001800      2FDE       0  CODE        2
                config                         002007  000002  002009      400E       0  CONFIG      2


UNUSED ADDRESS RANGES

        Name                Unused          Largest block    Delta
        BANK0            006B-006F              5           1
        BANK1            00DB-00EF             15           1
        BANK2            0150-016F             20           1
        CODE             0003-0003              1           2
                         0A6F-0A6F              1
                         1000-179E            79F
                         1800-1FFF            800
        CONST            0003-0003              1           2
                         0A6F-0A6F              1
                         1000-179E            100
                         1800-1FFF            100
        EEDATA           2100-21FF            100           2
        ENTRY            0003-0003              1           2
                         0A6F-0A6F              1
                         1000-179E            100
                         1800-1FFF            100
        IDLOC            2000-2003              4           2
        RAM              006B-006F              5           1
                         00DB-00EF             15
                         0150-016F             20
        SFR0             0000-001F             20           1
        SFR1             0080-009F             20           1
        SFR2             0100-010F             10           1
        SFR3             0180-018F             10           1
        STACK            0150-016F             20           1
        STRCODE          0003-0003              1           2
                         0A6F-0A6F              1
                         1000-179E            79F
                         1800-1FFF            800
        STRING           0003-0003              1           2
                         0A6F-0A6F              1
                         1000-179E            100
                         1800-1FFF            100

                                  Symbol Table

?___awmod                            cstackBANK0  0027
?___lmul                             cstackCOMMON 0070
?___wmul                             cstackBANK0  0020
?_get_heavy                          cstackCOMMON 0070
?_get_num_of_orphan                  cstackCOMMON 0070
?_rand                               cstackBANK0  0020
MATRIX88_to_MATRIX7219@col           cstackCOMMON 0077
MATRIX88_to_MATRIX7219@mask          cstackCOMMON 0075
MATRIX88_to_MATRIX7219@matrix7219    cstackCOMMON 0070
MATRIX88_to_MATRIX7219@matrix88      cstackCOMMON 0074
MATRIX88_to_MATRIX7219@row           cstackCOMMON 0076
SPI1_write@data                      cstackCOMMON 0071
SPI1_write@i                         cstackCOMMON 0073
SPI1_write@mask                      cstackCOMMON 0072
USARTInit@baud_rate                  cstackCOMMON 0070
USARTWriteChar@ch                    cstackCOMMON 0070
USARTWriteInt@F1617                  bssBANK0     0059
USARTWriteString@str                 cstackCOMMON 0071
Write_Byte@myColumn                  cstackCOMMON 0075
Write_Byte@myValue                   cstackCOMMON 0074
_ANSELbits                           (abs)        0188
_Clear_Matrix                        text37       17BC
_GIE                                 (abs)        005F
_MATRIX88_to_MATRIX7219              text43       0DBC
_PEIE                                (abs)        005E
_PIR1bits                            (abs)        000C
_RA1                                 (abs)        0029
_RA2                                 (abs)        002A
_RA3                                 (abs)        002B
_RCIE                                (abs)        0465
_RCREG                               (abs)        001A
_RCSTAbits                           (abs)        0018
_SPBRG                               (abs)        0099
_SPI1_write                          text42       0004
_TRISAbits                           (abs)        0085
_TXREG                               (abs)        0019
_TXSTAbits                           (abs)        0098
_UQEnd                               nvBANK0      0069
_UQFront                             nvBANK0      006A
_URBuff                              bssBANK3     0190
_USARTInit                           text36       0D2E
_USARTWriteChar                      text6        17A4
_USARTWriteString                    text5        0BB6
_Write_Byte                          text41       0A7E
__CFG_BOR4V$BOR21V                   (abs)        0000
__CFG_BOREN$ON                       (abs)        0000
__CFG_CP$ON                          (abs)        0000
__CFG_CPD$ON                         (abs)        0000
__CFG_FCMEN$ON                       (abs)        0000
__CFG_FOSC$INTRC_NOCLKOUT            (abs)        0000
__CFG_IESO$ON                        (abs)        0000
__CFG_LVP$ON                         (abs)        0000
__CFG_MCLRE$ON                       (abs)        0000
__CFG_PWRTE$OFF                      (abs)        0000
__CFG_WDTE$ON                        (abs)        0000
__CFG_WRT$OFF                        (abs)        0000
__Habs1                              abs1         0000
__Hbank0                             bank0        0000
__Hbank1                             bank1        0000
__Hbank2                             bank2        0000
__Hbank3                             bank3        0000
__HbssBANK0                          bssBANK0     0000
__HbssBANK1                          bssBANK1     0000
__HbssBANK2                          bssBANK2     0000
__HbssBANK3                          bssBANK3     0000
__Hcinit                             cinit        0800
__Hclrtext                           clrtext      0000
__Hcode                              code         0000
__Hcommon                            common       0000
__Hconfig                            config       2009
__HcstackBANK0                       cstackBANK0  0000
__HcstackCOMMON                      cstackCOMMON 0000
__HdataBANK0                         dataBANK0    0000
__HdataBANK1                         dataBANK1    0000
__Heeprom_data                       eeprom_data  0000
__Hend_init                          end_init     0003
__Hfunctab                           functab      0000
__HidataBANK0                        idataBANK0   0000
__HidataBANK1                        idataBANK1   0000
__Hidloc                             idloc        0000
__Hinit                              init         0000
__Hinittext                          inittext     0000
__Hintentry                          intentry     0000
__Hmaintext                          maintext     0000
__HnvBANK0                           nvBANK0      0000
__Hpowerup                           powerup      0000
__Hram                               ram          0000
__Hreset_vec                         reset_vec    0000
__Hsfr0                              sfr0         0000
__Hsfr1                              sfr1         0000
__Hsfr2                              sfr2         0000
__Hsfr3                              sfr3         0000
__Hspace_0                           (abs)        2009
__Hspace_1                           (abs)        01F0
__Hspace_2                           (abs)        0000
__Hspace_3                           (abs)        0000
__Hstack                             stack        0000
__Hstrings                           strings      0000
__Hstringtext                        stringtext   0000
__Htext                              text         0000
__Labs1                              abs1         0000
__Lbank0                             bank0        0000
__Lbank1                             bank1        0000
__Lbank2                             bank2        0000
__Lbank3                             bank3        0000
__LbssBANK0                          bssBANK0     0000
__LbssBANK1                          bssBANK1     0000
__LbssBANK2                          bssBANK2     0000
__LbssBANK3                          bssBANK3     0000
__Lcinit                             cinit        07C1
__Lclrtext                           clrtext      0000
__Lcode                              code         0000
__Lcommon                            common       0000
__Lconfig                            config       2007
__LcstackBANK0                       cstackBANK0  0000
__LcstackCOMMON                      cstackCOMMON 0000
__LdataBANK0                         dataBANK0    0000
__LdataBANK1                         dataBANK1    0000
__Leeprom_data                       eeprom_data  0000
__Lend_init                          end_init     0000
__Lfunctab                           functab      0000
__LidataBANK0                        idataBANK0   0000
__LidataBANK1                        idataBANK1   0000
__Lidloc                             idloc        0000
__Linit                              init         0000
__Linittext                          inittext     0000
__Lintentry                          intentry     0000
__Lmaintext                          maintext     0000
__LnvBANK0                           nvBANK0      0000
__Lpowerup                           powerup      0000
__Lram                               ram          0000
__Lreset_vec                         reset_vec    0000
__Lsfr0                              sfr0         0000
__Lsfr1                              sfr1         0000
__Lsfr2                              sfr2         0000
__Lsfr3                              sfr3         0000
__Lspace_0                           (abs)        0000
__Lspace_1                           (abs)        0000
__Lspace_2                           (abs)        0000
__Lspace_3                           (abs)        0000
__Lstack                             stack        0000
__Lstrings                           strings      0000
__Lstringtext                        stringtext   0000
__Ltext                              text         0000
__S0                                 (abs)        2009
__S1                                 (abs)        01F0
__S2                                 (abs)        0000
__S3                                 (abs)        0000
___awmod                             text35       0E04
___awmod@counter                     cstackBANK0  002B
___awmod@dividend                    cstackBANK0  0029
___awmod@divisor                     cstackBANK0  0027
___awmod@sign                        cstackBANK0  002C
___bmul                              text26       17CD
___bmul@multiplicand                 cstackCOMMON 0070
___bmul@multiplier                   cstackCOMMON 0073
___bmul@product                      cstackCOMMON 0072
___int_sp                            stack        0000
___latbits                           (abs)        0002
___lmul                              text34       0CAC
___lmul@multiplicand                 cstackCOMMON 0074
___lmul@multiplier                   cstackCOMMON 0070
___lmul@product                      cstackCOMMON 0079
___sp                                stack        0000
___wmul                              text25       0B6F
___wmul@multiplicand                 cstackBANK0  0022
___wmul@multiplier                   cstackBANK0  0020
___wmul@product                      cstackCOMMON 007C
__end_of_Clear_Matrix                text37       17CD
__end_of_MATRIX88_to_MATRIX7219      text43       0E04
__end_of_SPI1_write                  text42       002E
__end_of_USARTInit                   text36       0D75
__end_of_USARTWriteChar              text6        17AC
__end_of_USARTWriteString            text5        0BDB
__end_of_Write_Byte                  text41       0A90
__end_of___awmod                     text35       0E51
__end_of___bmul                      text26       17DE
__end_of___lmul                      text34       0CEB
__end_of___wmul                      text25       0B92
__end_of__initialization             cinit        07FC
__end_of__stringtab                  stringtext   0812
__end_of_char_info_index_rand        text32       0ABA
__end_of_clear                       text31       0EA0
__end_of_debug_line                  text4        17EF
__end_of_debug_str                   text3        17B4
__end_of_delete_matrix               text27       0CAC
__end_of_delete_row                  text29       0094
__end_of_dpowers                     stringtext   0828
__end_of_fall_off                    text24       0257
__end_of_find_best_solution          text10       07C1
__end_of_g_matrix44                  stringtext   09B0
__end_of_get_heavy                   text23       02D6
__end_of_get_high                    text21       0B6F
__end_of_get_high_after_merge        text20       0D2E
__end_of_get_holes_after_merge       text19       0476
__end_of_get_num_of_orphan           text18       01E3
__end_of_get_num_removed_rows        text17       0BB6
__end_of_hexpowers                   stringtext   0830
__end_of_hit_land                    text9        0171
__end_of_is_left_boundary            text15       0F45
__end_of_is_right_boundary           text12       0F9C
__end_of_is_row_empty                text22       0C4F
__end_of_is_row_full                 text28       0C28
__end_of_is_valid                    text16       0369
__end_of_left_most                   text14       0B2D
__end_of_main                        maintext     0586
__end_of_max7219_init1               text8        0C7B
__end_of_memcpy                      text30       0C01
__end_of_memset                      text44       0AF1
__end_of_merge                       text7        0EF0
__end_of_merge1                      text13       1000
__end_of_octpowers                   stringtext   081E
__end_of_printf_MATRIX7219           text40       0B0D
__end_of_printf_MATRIX88             text39       0AA2
__end_of_printf_Screen               text38       17A4
__end_of_printf_debug_MATRIX88       text2        0100
__end_of_rand                        text33       0DBC
__end_of_right_most                  text11       0B4D
__end_of_srand                       text1        0A7E
__initialization                     cinit        07C1
__pbssBANK0                          bssBANK0     0059
__pbssBANK1                          bssBANK1     00A0
__pbssBANK2                          bssBANK2     0110
__pbssBANK3                          bssBANK3     0190
__pcstackBANK0                       cstackBANK0  0020
__pcstackCOMMON                      cstackCOMMON 0070
__pdataBANK0                         dataBANK0    0064
__pdataBANK1                         dataBANK1    00C0
__pidataBANK0                        idataBANK0   0A70
__pidataBANK1                        idataBANK1   0ABA
__pmaintext                          maintext     0476
__pnvBANK0                           nvBANK0      0069
__pstringtext                        stringtext   0800
__ptext1                             text1        0A75
__ptext10                            text10       0586
__ptext11                            text11       0B2D
__ptext12                            text12       0F45
__ptext13                            text13       0F9C
__ptext14                            text14       0B0D
__ptext15                            text15       0EF0
__ptext16                            text16       02D6
__ptext17                            text17       0B92
__ptext18                            text18       0171
__ptext19                            text19       0369
__ptext2                             text2        0094
__ptext20                            text20       0CEB
__ptext21                            text21       0B4D
__ptext22                            text22       0C28
__ptext23                            text23       0257
__ptext24                            text24       01E3
__ptext25                            text25       0B6F
__ptext26                            text26       17CD
__ptext27                            text27       0C7B
__ptext28                            text28       0C01
__ptext29                            text29       002E
__ptext3                             text3        17AC
__ptext30                            text30       0BDB
__ptext31                            text31       0E51
__ptext32                            text32       0AA2
__ptext33                            text33       0D75
__ptext34                            text34       0CAC
__ptext35                            text35       0E04
__ptext36                            text36       0D2E
__ptext37                            text37       17BC
__ptext38                            text38       179F
__ptext39                            text39       0A90
__ptext4                             text4        17DE
__ptext40                            text40       0AF1
__ptext41                            text41       0A7E
__ptext42                            text42       0004
__ptext43                            text43       0DBC
__ptext44                            text44       0AD5
__ptext5                             text5        0BB6
__ptext6                             text6        17A4
__ptext7                             text7        0EA0
__ptext8                             text8        0C4F
__ptext9                             text9        0100
__size_of_Clear_Matrix               (abs)        0000
__size_of_MATRIX88_to_MATRIX7219     (abs)        0000
__size_of_SPI1_write                 (abs)        0000
__size_of_USARTInit                  (abs)        0000
__size_of_USARTWriteChar             (abs)        0000
__size_of_USARTWriteString           (abs)        0000
__size_of_Write_Byte                 (abs)        0000
__size_of___awmod                    (abs)        0000
__size_of___bmul                     (abs)        0000
__size_of___lmul                     (abs)        0000
__size_of___wmul                     (abs)        0000
__size_of_char_info_index_rand       (abs)        0000
__size_of_clear                      (abs)        0000
__size_of_debug_line                 (abs)        0000
__size_of_debug_str                  (abs)        0000
__size_of_delete_matrix              (abs)        0000
__size_of_delete_row                 (abs)        0000
__size_of_fall_off                   (abs)        0000
__size_of_find_best_solution         (abs)        0000
__size_of_get_heavy                  (abs)        0000
__size_of_get_high                   (abs)        0000
__size_of_get_high_after_merge       (abs)        0000
__size_of_get_holes_after_merge      (abs)        0000
__size_of_get_num_of_orphan          (abs)        0000
__size_of_get_num_removed_rows       (abs)        0000
__size_of_hit_land                   (abs)        0000
__size_of_is_left_boundary           (abs)        0000
__size_of_is_right_boundary          (abs)        0000
__size_of_is_row_empty               (abs)        0000
__size_of_is_row_full                (abs)        0000
__size_of_is_valid                   (abs)        0000
__size_of_left_most                  (abs)        0000
__size_of_main                       (abs)        0000
__size_of_max7219_init1              (abs)        0000
__size_of_memcpy                     (abs)        0000
__size_of_memset                     (abs)        0000
__size_of_merge                      (abs)        0000
__size_of_merge1                     (abs)        0000
__size_of_printf_MATRIX7219          (abs)        0000
__size_of_printf_MATRIX88            (abs)        0000
__size_of_printf_Screen              (abs)        0000
__size_of_printf_debug_MATRIX88      (abs)        0000
__size_of_rand                       (abs)        0000
__size_of_right_most                 (abs)        0000
__size_of_srand                      (abs)        0000
__stringbase                         stringtext   0812
__stringtab                          stringtext   0800
_char_info_index_rand                text32       0AA2
_clear                               text31       0E51
_cur_x                               dataBANK0    0068
_cur_y                               bssBANK0     0062
_debug_line                          text4        17DE
_debug_str                           text3        17AC
_delete_matrix                       text27       0C7B
_delete_row                          text29       002E
_dpowers                             stringtext   081E
_fall_off                            text24       01E3
_find_best_solution                  text10       0586
_g_char_info                         dataBANK1    00C0
_g_char_info_index                   bssBANK0     0063
_g_cur_matrix44                      bssBANK0     005E
_g_debug                             bssBANK1     00A0
_g_matrix44                          stringtext   0830
_g_matrix88                          bssBANK3     01B0
_get_heavy                           text23       0257
_get_high                            text21       0B4D
_get_high_after_merge                text20       0CEB
_get_holes_after_merge               text19       0369
_get_num_of_orphan                   text18       0171
_get_num_removed_rows                text17       0B92
_hexpowers                           stringtext   0828
_hit_land                            text9        0100
_is_left_boundary                    text15       0EF0
_is_right_boundary                   text12       0F45
_is_row_empty                        text22       0C28
_is_row_full                         text28       0C01
_is_valid                            text16       02D6
_left_most                           text14       0B0D
_main                                maintext     0476
_max7219_init1                       text8        0C4F
_memcpy                              text30       0BDB
_memset                              text44       0AD5
_merge                               text7        0EA0
_merge1                              text13       0F9C
_octpowers                           stringtext   0812
_printf_MATRIX7219                   text40       0AF1
_printf_MATRIX88                     text39       0A90
_printf_Screen                       text38       179F
_printf_debug_MATRIX88               text2        0094
_rand                                text33       0D75
_randx                               dataBANK0    0064
_right_most                          text11       0B2D
_srand                               text1        0A75
_temp_cur_matrix44                   bssBANK0     0060
_temp_matrix88                       bssBANK2     0110
btemp                                (abs)        007E
clear@col                            cstackCOMMON 007A
clear@matrix44                       cstackCOMMON 0071
clear@matrix88                       cstackCOMMON 0073
clear@row                            cstackCOMMON 0079
clear@x                              cstackCOMMON 0078
clear@y                              cstackCOMMON 0070
clear_ram0                           clrtext      17B4
debug_line@str                       cstackCOMMON 0073
debug_str@str                        cstackCOMMON 0073
delete_matrix@count                  cstackBANK0  0024
delete_matrix@matrix                 cstackBANK0  0025
delete_matrix@row                    cstackBANK0  0026
delete_row@i                         cstackBANK0  0023
delete_row@len                       cstackBANK0  0020
delete_row@matrix                    cstackBANK0  0022
delete_row@row                       cstackCOMMON 0077
end_of_initialization                cinit        07FC
fall_off@col                         cstackCOMMON 0079
fall_off@matrix44                    cstackCOMMON 0071
fall_off@matrix88                    cstackCOMMON 0073
fall_off@row                         cstackCOMMON 007A
fall_off@x                           cstackCOMMON 0078
fall_off@y                           cstackCOMMON 0070
find_best_solution@left_most_index   cstackBANK0  003D
find_best_solution@res               cstackBANK0  0043
find_best_solution@right_most_index  cstackBANK0  003E
find_best_solution@tem_pre_sub_index cstackBANK0  0040
find_best_solution@tem_sub_index     cstackBANK0  0047
find_best_solution@temp_high         cstackBANK0  0044
find_best_solution@temp_pre_risk     cstackBANK0  003B
find_best_solution@temp_pre_x        cstackBANK0  003F
find_best_solution@temp_risk         cstackBANK0  0041
find_best_solution@temp_x            cstackBANK0  0048
find_best_solution@temp_y            cstackBANK0  0046
get_heavy@col                        cstackCOMMON 007B
get_heavy@matrix                     cstackCOMMON 0079
get_heavy@pre                        cstackCOMMON 007A
get_heavy@risk                       cstackCOMMON 0076
get_heavy@row                        cstackCOMMON 007C
get_heavy@start                      cstackCOMMON 0078
get_high@matrix                      cstackCOMMON 0077
get_high@row                         cstackCOMMON 0078
get_high_after_merge@col             cstackCOMMON 0077
get_high_after_merge@matrix          cstackCOMMON 0070
get_high_after_merge@row             cstackCOMMON 0078
get_high_after_merge@y               cstackCOMMON 0076
get_holes_after_merge@col            cstackCOMMON 007A
get_holes_after_merge@matrix         cstackCOMMON 0079
get_holes_after_merge@num_hole       cstackCOMMON 0076
get_holes_after_merge@row            cstackCOMMON 007B
get_holes_after_merge@start          cstackCOMMON 0078
get_holes_after_merge@stop           cstackCOMMON 0077
get_num_of_orphan@col                cstackCOMMON 007A
get_num_of_orphan@full               cstackCOMMON 0078
get_num_of_orphan@matrix             cstackCOMMON 0079
get_num_of_orphan@risk               cstackCOMMON 0076
get_num_of_orphan@row                cstackCOMMON 007B
get_num_removed_rows@count           cstackCOMMON 0077
get_num_removed_rows@matrix          cstackCOMMON 0078
get_num_removed_rows@row             cstackCOMMON 0079
hit_land@col                         cstackCOMMON 0079
hit_land@matrix44                    cstackCOMMON 0071
hit_land@matrix88                    cstackCOMMON 0073
hit_land@row                         cstackCOMMON 007A
hit_land@x                           cstackCOMMON 0078
hit_land@y                           cstackCOMMON 0070
init_fetch0                          inittext     17EF
init_ram0                            inittext     17F3
intlevel0                            functab      0000
intlevel1                            functab      0000
intlevel2                            functab      0000
intlevel3                            functab      0000
intlevel4                            functab      0000
intlevel5                            functab      0000
is_left_boundary@col                 cstackCOMMON 007A
is_left_boundary@matrix44            cstackCOMMON 0070
is_left_boundary@matrix88            cstackCOMMON 0072
is_left_boundary@row                 cstackCOMMON 0079
is_left_boundary@x                   cstackCOMMON 0078
is_right_boundary@col                cstackCOMMON 0079
is_right_boundary@matrix44           cstackCOMMON 0070
is_right_boundary@matrix88           cstackCOMMON 0072
is_right_boundary@row                cstackCOMMON 0078
is_right_boundary@x                  cstackCOMMON 0077
is_row_empty@col                     cstackCOMMON 0075
is_row_empty@matrix                  cstackCOMMON 0074
is_row_empty@row                     cstackCOMMON 0070
is_row_full@col                      cstackCOMMON 0075
is_row_full@matrix                   cstackCOMMON 0074
is_row_full@row                      cstackCOMMON 0070
is_valid@col                         cstackCOMMON 007A
is_valid@matrix44                    cstackCOMMON 0071
is_valid@matrix88                    cstackCOMMON 0073
is_valid@row                         cstackCOMMON 0079
is_valid@x                           cstackCOMMON 0078
is_valid@y                           cstackCOMMON 0070
left_most@matrix44                   cstackCOMMON 007B
left_most@matrix88                   cstackCOMMON 007D
left_most@x                          cstackBANK0  0021
ltemp                                (abs)        007E
ltemp0                               (abs)        007E
ltemp1                               (abs)        0082
ltemp2                               (abs)        0086
ltemp3                               (abs)        0080
main@Seed                            cstackBANK0  0056
main@hit_res                         cstackBANK0  0058
memcpy@d                             cstackCOMMON 0074
memcpy@d1                            cstackCOMMON 0076
memcpy@n                             cstackCOMMON 0071
memcpy@s                             cstackCOMMON 0075
memcpy@s1                            cstackCOMMON 0070
memset@c                             cstackCOMMON 0070
memset@n                             cstackCOMMON 0072
memset@p                             cstackCOMMON 0075
memset@p1                            cstackCOMMON 0076
merge1@col                           cstackBANK0  0028
merge1@len                           cstackBANK0  0024
merge1@matrix44                      cstackCOMMON 0078
merge1@matrix88_in                   cstackCOMMON 007A
merge1@matrix88_out                  cstackCOMMON 007B
merge1@row                           cstackBANK0  0027
merge1@x                             cstackBANK0  0026
merge1@y                             cstackCOMMON 0077
merge@col                            cstackCOMMON 007A
merge@matrix44                       cstackCOMMON 0071
merge@matrix88                       cstackCOMMON 0073
merge@row                            cstackCOMMON 0079
merge@x                              cstackCOMMON 0078
merge@y                              cstackCOMMON 0070
printf_MATRIX7219@col                cstackCOMMON 0079
printf_MATRIX7219@matrix             cstackCOMMON 0078
printf_MATRIX88@matrix7219           cstackBANK0  0021
printf_MATRIX88@matrix88             cstackBANK0  0020
printf_debug_MATRIX88@col            cstackCOMMON 007C
printf_debug_MATRIX88@lable          cstackCOMMON 0075
printf_debug_MATRIX88@matrix         cstackCOMMON 0077
printf_debug_MATRIX88@row            cstackCOMMON 007B
reset_vec                            reset_vec    0000
right_most@matrix44                  cstackCOMMON 007A
right_most@matrix88                  cstackCOMMON 007C
right_most@x                         cstackBANK0  0020
srand@x                              cstackCOMMON 0070
stackhi                              (abs)        0000
stacklo                              (abs)        0000
start                                init         0000
start_initialization                 cinit        07C1
ttemp                                (abs)        007E
ttemp0                               (abs)        007E
ttemp1                               (abs)        0081
ttemp2                               (abs)        0084
ttemp3                               (abs)        0087
ttemp4                               (abs)        007F
wtemp                                (abs)        007E
wtemp0                               (abs)        007E
wtemp1                               (abs)        0080
wtemp2                               (abs)        0082
wtemp3                               (abs)        0084
wtemp4                               (abs)        0086
wtemp5                               (abs)        0088
wtemp6                               (abs)        007F


FUNCTION INFORMATION:

 *************** function _main *****************
 Defined at:
		line 1302 in file "teris_16f886.c"
 Parameters:    Size  Location     Type
  argc            2   41[BANK0 ] int 
  argv            2   43[BANK0 ] PTR PTR unsigned char 
 Auto vars:     Size  Location     Type
  Seed            2   54[BANK0 ] unsigned int 
  hit_res         1   56[BANK0 ] unsigned char 
 Return value:  Size  Location     Type
                  2   41[BANK0 ] int 
 Registers used:
		wreg, fsr0l, fsr0h, status,2, status,0, btemp+1, pclath, cstack
 Tracked objects:
		On entry : 
		On exit  : 
		Unchanged: 
 Data sizes:     COMMON   BANK0   BANK1   BANK3   BANK2
      Params:         0       4       0       0       0
      Locals:         0       3       0       0       0
      Temps:          0       9       0       0       0
      Totals:         0      16       0       0       0
Total ram usage:       16 bytes
 Hardware stack levels required when called:    6
 This function calls:
		_Clear_Matrix
		_USARTInit
		___bmul
		_char_info_index_rand
		_clear
		_delete_matrix
		_find_best_solution
		_hit_land
		_max7219_init1
		_merge
		_printf_Screen
		_printf_debug_MATRIX88
		_srand
 This function is called by:
		Startup code after reset
 This function uses a non-reentrant model


 *************** function _srand *****************
 Defined at:
		line 6 in file "C:\Program Files (x86)\Microchip\xc8\v1.37\sources\common\rand.c"
 Parameters:    Size  Location     Type
  x               2    0[COMMON] unsigned int 
 Auto vars:     Size  Location     Type
		None
 Return value:  Size  Location     Type
                  1    wreg      void 
 Registers used:
		wreg
 Tracked objects:
		On entry : 
		On exit  : 
		Unchanged: 
 Data sizes:     COMMON   BANK0   BANK1   BANK3   BANK2
      Params:         2       0       0       0       0
      Locals:         0       0       0       0       0
      Temps:          0       0       0       0       0
      Totals:         2       0       0       0       0
Total ram usage:        2 bytes
 Hardware stack levels used:    1
 This function calls:
		Nothing
 This function is called by:
		_main
 This function uses a non-reentrant model


 *************** function _printf_debug_MATRIX88 *****************
 Defined at:
		line 473 in file "teris_16f886.c"
 Parameters:    Size  Location     Type
  lable           2    5[COMMON] PTR const unsigned char 
		 -> STR_22(12), ROM(8192), 
  matrix          1    7[COMMON] PTR const struct .
		 -> g_matrix88(64), 
 Auto vars:     Size  Location     Type
  col             1   12[COMMON] unsigned char 
  row             1   11[COMMON] unsigned char 
 Return value:  Size  Location     Type
                  1    wreg      void 
 Registers used:
		wreg, fsr0l, fsr0h, status,2, status,0, btemp+1, pclath, cstack
 Tracked objects:
		On entry : 
		On exit  : 
		Unchanged: 
 Data sizes:     COMMON   BANK0   BANK1   BANK3   BANK2
      Params:         3       0       0       0       0
      Locals:         2       0       0       0       0
      Temps:          3       0       0       0       0
      Totals:         8       0       0       0       0
Total ram usage:        8 bytes
 Hardware stack levels used:    1
 Hardware stack levels required when called:    3
 This function calls:
		_debug_line
		_debug_str
 This function is called by:
		_main
		_printf_debug_Screen
 This function uses a non-reentrant model


 *************** function _debug_str *****************
 Defined at:
		line 287 in file "teris_16f886.c"
 Parameters:    Size  Location     Type
  str             2    3[COMMON] PTR const unsigned char 
		 -> STR_22(12), STR_18(2), STR_17(2), STR_8(2), 
		 -> STR_7(2), ROM(8192), 
 Auto vars:     Size  Location     Type
		None
 Return value:  Size  Location     Type
                  1    wreg      void 
 Registers used:
		wreg, fsr0l, fsr0h, status,2, status,0, btemp+1, pclath, cstack
 Tracked objects:
		On entry : 
		On exit  : 
		Unchanged: 
 Data sizes:     COMMON   BANK0   BANK1   BANK3   BANK2
      Params:         2       0       0       0       0
      Locals:         0       0       0       0       0
      Temps:          0       0       0       0       0
      Totals:         2       0       0       0       0
Total ram usage:        2 bytes
 Hardware stack levels used:    1
 Hardware stack levels required when called:    2
 This function calls:
		_USARTWriteString
 This function is called by:
		_printf_debug_MATRIX88
		_printf_debug_MATRIX44
		_printf_debug_cur_MATRIX44
		_printf_debug_Screen
 This function uses a non-reentrant model


 *************** function _debug_line *****************
 Defined at:
		line 297 in file "teris_16f886.c"
 Parameters:    Size  Location     Type
  str             2    3[COMMON] PTR const unsigned char 
		 -> STR_21(2), STR_20(21), STR_19(1), STR_16(29), 
		 -> STR_15(2), STR_12(20), STR_11(2), STR_10(21), 
		 -> STR_9(1), STR_6(29), STR_5(2), 
 Auto vars:     Size  Location     Type
		None
 Return value:  Size  Location     Type
                  1    wreg      void 
 Registers used:
		wreg, fsr0l, fsr0h, status,2, status,0, btemp+1, pclath, cstack
 Tracked objects:
		On entry : 
		On exit  : 
		Unchanged: 
 Data sizes:     COMMON   BANK0   BANK1   BANK3   BANK2
      Params:         2       0       0       0       0
      Locals:         0       0       0       0       0
      Temps:          0       0       0       0       0
      Totals:         2       0       0       0       0
Total ram usage:        2 bytes
 Hardware stack levels used:    1
 Hardware stack levels required when called:    2
 This function calls:
		_USARTWriteString
 This function is called by:
		_printf_debug_MATRIX88
		_printf_debug_MATRIX44
		_printf_debug_cur_MATRIX44
		_printf_debug_all_MATRIX44
		_printf_debug_Screen
 This function uses a non-reentrant model


 *************** function _USARTWriteString *****************
 Defined at:
		line 76 in file "usart_pic16.c"
 Parameters:    Size  Location     Type
  str             2    1[COMMON] PTR const unsigned char 
		 -> STR_22(12), STR_21(2), STR_20(21), STR_19(1), 
		 -> STR_18(2), STR_17(2), STR_16(29), STR_15(2), 
		 -> STR_12(20), STR_11(2), STR_10(21), STR_9(1), 
		 -> STR_8(2), STR_7(2), STR_6(29), STR_5(2), 
		 -> ROM(8192), STR_4(3), STR_3(3), STR_2(3), 
		 -> g_debug(32), STR_1(3), 
 Auto vars:     Size  Location     Type
		None
 Return value:  Size  Location     Type
                  1    wreg      void 
 Registers used:
		wreg, fsr0l, fsr0h, status,2, status,0, btemp+1, pclath, cstack
 Tracked objects:
		On entry : 
		On exit  : 
		Unchanged: 
 Data sizes:     COMMON   BANK0   BANK1   BANK3   BANK2
      Params:         2       0       0       0       0
      Locals:         0       0       0       0       0
      Temps:          0       0       0       0       0
      Totals:         2       0       0       0       0
Total ram usage:        2 bytes
 Hardware stack levels used:    1
 Hardware stack levels required when called:    1
 This function calls:
		_USARTWriteChar
 This function is called by:
		_debug_str
		_debug_line
		_USARTWriteLine
		_debug_int1
		_debug_int2
		_debug_int3
 This function uses a non-reentrant model


 *************** function _USARTWriteChar *****************
 Defined at:
		line 70 in file "usart_pic16.c"
 Parameters:    Size  Location     Type
  ch              1    wreg     unsigned char 
 Auto vars:     Size  Location     Type
  ch              1    0[COMMON] unsigned char 
 Return value:  Size  Location     Type
                  1    wreg      void 
 Registers used:
		wreg
 Tracked objects:
		On entry : 
		On exit  : 
		Unchanged: 
 Data sizes:     COMMON   BANK0   BANK1   BANK3   BANK2
      Params:         0       0       0       0       0
      Locals:         1       0       0       0       0
      Temps:          0       0       0       0       0
      Totals:         1       0       0       0       0
Total ram usage:        1 bytes
 Hardware stack levels used:    1
 This function calls:
		Nothing
 This function is called by:
		_USARTWriteString
		_USARTWriteLine
		_USARTWriteInt
		_USARTGotoNewLine
 This function uses a non-reentrant model


 *************** function _merge *****************
 Defined at:
		line 851 in file "teris_16f886.c"
 Parameters:    Size  Location     Type
  x               1    wreg     char 
  y               1    0[COMMON] char 
  matrix44        2    1[COMMON] PTR const struct .
		 -> NULL(0), g_matrix44(384), 
  matrix88        1    3[COMMON] PTR struct .
		 -> g_matrix88(64), 
 Auto vars:     Size  Location     Type
  x               1    8[COMMON] char 
  col             1   10[COMMON] unsigned char 
  row             1    9[COMMON] unsigned char 
 Return value:  Size  Location     Type
                  1    wreg      void 
 Registers used:
		wreg, fsr0l, fsr0h, status,2, status,0, btemp+1, pclath
 Tracked objects:
		On entry : 
		On exit  : 
		Unchanged: 
 Data sizes:     COMMON   BANK0   BANK1   BANK3   BANK2
      Params:         4       0       0       0       0
      Locals:         3       0       0       0       0
      Temps:          4       0       0       0       0
      Totals:        11       0       0       0       0
Total ram usage:       11 bytes
 Hardware stack levels used:    2
 This function calls:
		Nothing
 This function is called by:
		_main
 This function uses a non-reentrant model


 *************** function _max7219_init1 *****************
 Defined at:
		line 445 in file "teris_16f886.c"
 Parameters:    Size  Location     Type
		None
 Auto vars:     Size  Location     Type
		None
 Return value:  Size  Location     Type
                  1    wreg      void 
 Registers used:
		wreg, status,2, status,0, pclath, cstack
 Tracked objects:
		On entry : 
		On exit  : 
		Unchanged: 
 Data sizes:     COMMON   BANK0   BANK1   BANK3   BANK2
      Params:         0       0       0       0       0
      Locals:         0       0       0       0       0
      Temps:          1       0       0       0       0
      Totals:         1       0       0       0       0
Total ram usage:        1 bytes
 Hardware stack levels used:    1
 Hardware stack levels required when called:    2
 This function calls:
		_Write_Byte
 This function is called by:
		_main
 This function uses a non-reentrant model


 *************** function _hit_land *****************
 Defined at:
		line 687 in file "teris_16f886.c"
 Parameters:    Size  Location     Type
  x               1    wreg     char 
  y               1    0[COMMON] char 
  matrix44        2    1[COMMON] PTR const struct .
		 -> NULL(0), g_matrix44(384), 
  matrix88        1    3[COMMON] PTR const struct .
		 -> g_matrix88(64), 
 Auto vars:     Size  Location     Type
  x               1    8[COMMON] char 
  col             1    9[COMMON] char 
  row             1   10[COMMON] char 
 Return value:  Size  Location     Type
                  1    wreg      unsigned char 
 Registers used:
		wreg, fsr0l, fsr0h, status,2, status,0, btemp+1, pclath
 Tracked objects:
		On entry : 
		On exit  : 
		Unchanged: 
 Data sizes:     COMMON   BANK0   BANK1   BANK3   BANK2
      Params:         4       0       0       0       0
      Locals:         3       0       0       0       0
      Temps:          4       0       0       0       0
      Totals:        11       0       0       0       0
Total ram usage:       11 bytes
 Hardware stack levels used:    2
 This function calls:
		Nothing
 This function is called by:
		_main
 This function uses a non-reentrant model


 *************** function _find_best_solution *****************
 Defined at:
		line 1103 in file "teris_16f886.c"
 Parameters:    Size  Location     Type
		None
 Auto vars:     Size  Location     Type
  temp_x          1   40[BANK0 ] char 
  tem_sub_inde    1   39[BANK0 ] unsigned char 
  temp_high       2   36[BANK0 ] unsigned int 
  temp_risk       2   33[BANK0 ] int 
  temp_pre_ris    2   27[BANK0 ] int 
  temp_y          1   38[BANK0 ] char 
  res             1   35[BANK0 ] unsigned char 
  tem_pre_sub_    1   32[BANK0 ] char 
  temp_pre_x      1   31[BANK0 ] char 
  right_most_i    1   30[BANK0 ] char 
  left_most_in    1   29[BANK0 ] char 
 Return value:  Size  Location     Type
                  1    wreg      unsigned char 
 Registers used:
		wreg, fsr0l, fsr0h, status,2, status,0, btemp+1, pclath, cstack
 Tracked objects:
		On entry : 
		On exit  : 
		Unchanged: 
 Data sizes:     COMMON   BANK0   BANK1   BANK3   BANK2
      Params:         0       0       0       0       0
      Locals:         0      14       0       0       0
      Temps:          0      18       0       0       0
      Totals:         0      32       0       0       0
Total ram usage:       32 bytes
 Hardware stack levels used:    1
 Hardware stack levels required when called:    3
 This function calls:
		___bmul
		___wmul
		_fall_off
		_get_heavy
		_get_high
		_get_high_after_merge
		_get_holes_after_merge
		_get_num_of_orphan
		_get_num_removed_rows
		_is_valid
		_left_most
		_merge1
		_right_most
 This function is called by:
		_main
 This function uses a non-reentrant model


 *************** function _right_most *****************
 Defined at:
		line 978 in file "teris_16f886.c"
 Parameters:    Size  Location     Type
  x               1    wreg     char 
  matrix44        2   10[COMMON] PTR const struct .
		 -> NULL(0), g_matrix44(384), 
  matrix88        1   12[COMMON] PTR const struct .
		 -> g_matrix88(64), 
 Auto vars:     Size  Location     Type
  x               1    0[BANK0 ] char 
 Return value:  Size  Location     Type
                  1    wreg      char 
 Registers used:
		wreg, fsr0l, fsr0h, status,2, status,0, btemp+1, pclath, cstack
 Tracked objects:
		On entry : 
		On exit  : 
		Unchanged: 
 Data sizes:     COMMON   BANK0   BANK1   BANK3   BANK2
      Params:         3       0       0       0       0
      Locals:         0       1       0       0       0
      Temps:          1       0       0       0       0
      Totals:         4       1       0       0       0
Total ram usage:        5 bytes
 Hardware stack levels used:    1
 Hardware stack levels required when called:    2
 This function calls:
		_is_right_boundary
 This function is called by:
		_find_best_solution
 This function uses a non-reentrant model


 *************** function _is_right_boundary *****************
 Defined at:
		line 786 in file "teris_16f886.c"
 Parameters:    Size  Location     Type
  x               1    wreg     char 
  matrix44        2    0[COMMON] PTR const struct .
		 -> NULL(0), g_matrix44(384), 
  matrix88        1    2[COMMON] PTR const struct .
		 -> g_matrix88(64), 
 Auto vars:     Size  Location     Type
  x               1    7[COMMON] char 
  col             1    9[COMMON] char 
  row             1    8[COMMON] char 
 Return value:  Size  Location     Type
                  1    wreg      unsigned char 
 Registers used:
		wreg, fsr0l, fsr0h, status,2, status,0, btemp+1, pclath
 Tracked objects:
		On entry : 
		On exit  : 
		Unchanged: 
 Data sizes:     COMMON   BANK0   BANK1   BANK3   BANK2
      Params:         3       0       0       0       0
      Locals:         3       0       0       0       0
      Temps:          4       0       0       0       0
      Totals:        10       0       0       0       0
Total ram usage:       10 bytes
 Hardware stack levels used:    2
 This function calls:
		Nothing
 This function is called by:
		_right_most
 This function uses a non-reentrant model


 *************** function _merge1 *****************
 Defined at:
		line 864 in file "teris_16f886.c"
 Parameters:    Size  Location     Type
  x               1    wreg     char 
  y               1    7[COMMON] char 
  matrix44        2    8[COMMON] PTR const struct .
		 -> NULL(0), g_matrix44(384), 
  matrix88_in     1   10[COMMON] PTR const struct .
		 -> g_matrix88(64), 
  matrix88_out    1   11[COMMON] PTR struct .
		 -> temp_matrix88(64), 
 Auto vars:     Size  Location     Type
  x               1    6[BANK0 ] char 
  col             1    8[BANK0 ] unsigned char 
  row             1    7[BANK0 ] unsigned char 
  len             2    4[BANK0 ] unsigned int 
 Return value:  Size  Location     Type
                  1    wreg      void 
 Registers used:
		wreg, fsr0l, fsr0h, status,2, status,0, btemp+1, pclath, cstack
 Tracked objects:
		On entry : 
		On exit  : 
		Unchanged: 
 Data sizes:     COMMON   BANK0   BANK1   BANK3   BANK2
      Params:         5       0       0       0       0
      Locals:         0       5       0       0       0
      Temps:          0       4       0       0       0
      Totals:         5       9       0       0       0
Total ram usage:       14 bytes
 Hardware stack levels used:    1
 Hardware stack levels required when called:    1
 This function calls:
		_memcpy
 This function is called by:
		_find_best_solution
 This function uses a non-reentrant model


 *************** function _left_most *****************
 Defined at:
		line 964 in file "teris_16f886.c"
 Parameters:    Size  Location     Type
  x               1    wreg     char 
  matrix44        2   11[COMMON] PTR const struct .
		 -> NULL(0), g_matrix44(384), 
  matrix88        1   13[COMMON] PTR const struct .
		 -> g_matrix88(64), 
 Auto vars:     Size  Location     Type
  x               1    1[BANK0 ] char 
 Return value:  Size  Location     Type
                  1    wreg      char 
 Registers used:
		wreg, fsr0l, fsr0h, status,2, status,0, btemp+1, pclath, cstack
 Tracked objects:
		On entry : 
		On exit  : 
		Unchanged: 
 Data sizes:     COMMON   BANK0   BANK1   BANK3   BANK2
      Params:         3       0       0       0       0
      Locals:         0       1       0       0       0
      Temps:          0       1       0       0       0
      Totals:         3       2       0       0       0
Total ram usage:        5 bytes
 Hardware stack levels used:    1
 Hardware stack levels required when called:    2
 This function calls:
		_is_left_boundary
 This function is called by:
		_find_best_solution
 This function uses a non-reentrant model


 *************** function _is_left_boundary *****************
 Defined at:
		line 766 in file "teris_16f886.c"
 Parameters:    Size  Location     Type
  x               1    wreg     char 
  matrix44        2    0[COMMON] PTR const struct .
		 -> NULL(0), g_matrix44(384), 
  matrix88        1    2[COMMON] PTR const struct .
		 -> g_matrix88(64), 
 Auto vars:     Size  Location     Type
  x               1    8[COMMON] char 
  col             1   10[COMMON] char 
  row             1    9[COMMON] char 
 Return value:  Size  Location     Type
                  1    wreg      unsigned char 
 Registers used:
		wreg, fsr0l, fsr0h, status,2, status,0, btemp+1, pclath
 Tracked objects:
		On entry : 
		On exit  : 
		Unchanged: 
 Data sizes:     COMMON   BANK0   BANK1   BANK3   BANK2
      Params:         3       0       0       0       0
      Locals:         3       0       0       0       0
      Temps:          5       0       0       0       0
      Totals:        11       0       0       0       0
Total ram usage:       11 bytes
 Hardware stack levels used:    2
 This function calls:
		Nothing
 This function is called by:
		_left_most
 This function uses a non-reentrant model


 *************** function _is_valid *****************
 Defined at:
		line 722 in file "teris_16f886.c"
 Parameters:    Size  Location     Type
  x               1    wreg     char 
  y               1    0[COMMON] char 
  matrix44        2    1[COMMON] PTR const struct .
		 -> NULL(0), g_matrix44(384), 
  matrix88        1    3[COMMON] PTR const struct .
		 -> g_matrix88(64), 
 Auto vars:     Size  Location     Type
  x               1    8[COMMON] char 
  col             1   10[COMMON] char 
  row             1    9[COMMON] char 
 Return value:  Size  Location     Type
                  1    wreg      unsigned char 
 Registers used:
		wreg, fsr0l, fsr0h, status,2, status,0, btemp+1, pclath
 Tracked objects:
		On entry : 
		On exit  : 
		Unchanged: 
 Data sizes:     COMMON   BANK0   BANK1   BANK3   BANK2
      Params:         4       0       0       0       0
      Locals:         3       0       0       0       0
      Temps:          4       0       0       0       0
      Totals:        11       0       0       0       0
Total ram usage:       11 bytes
 Hardware stack levels used:    2
 This function calls:
		Nothing
 This function is called by:
		_find_best_solution
 This function uses a non-reentrant model


 *************** function _get_num_removed_rows *****************
 Defined at:
		line 649 in file "teris_16f886.c"
 Parameters:    Size  Location     Type
  matrix          1    wreg     PTR struct .
		 -> temp_matrix88(64), 
 Auto vars:     Size  Location     Type
  matrix          1    8[COMMON] PTR struct .
		 -> temp_matrix88(64), 
  row             1    9[COMMON] char 
  count           1    7[COMMON] unsigned char 
 Return value:  Size  Location     Type
                  1    wreg      unsigned char 
 Registers used:
		wreg, fsr0l, fsr0h, status,2, status,0, pclath, cstack
 Tracked objects:
		On entry : 
		On exit  : 
		Unchanged: 
 Data sizes:     COMMON   BANK0   BANK1   BANK3   BANK2
      Params:         0       0       0       0       0
      Locals:         3       0       0       0       0
      Temps:          1       0       0       0       0
      Totals:         4       0       0       0       0
Total ram usage:        4 bytes
 Hardware stack levels used:    1
 Hardware stack levels required when called:    1
 This function calls:
		_is_row_full
 This function is called by:
		_find_best_solution
 This function uses a non-reentrant model


 *************** function _get_num_of_orphan *****************
 Defined at:
		line 885 in file "teris_16f886.c"
 Parameters:    Size  Location     Type
  matrix          1    wreg     PTR const struct .
		 -> temp_matrix88(64), 
 Auto vars:     Size  Location     Type
  matrix          1    9[COMMON] PTR const struct .
		 -> temp_matrix88(64), 
  row             1   11[COMMON] char 
  col             1   10[COMMON] unsigned char 
  risk            2    6[COMMON] unsigned int 
  full            1    8[COMMON] unsigned char 
 Return value:  Size  Location     Type
                  2    0[COMMON] unsigned int 
 Registers used:
		wreg, fsr0l, fsr0h, status,2, status,0
 Tracked objects:
		On entry : 
		On exit  : 
		Unchanged: 
 Data sizes:     COMMON   BANK0   BANK1   BANK3   BANK2
      Params:         2       0       0       0       0
      Locals:         6       0       0       0       0
      Temps:          4       0       0       0       0
      Totals:        12       0       0       0       0
Total ram usage:       12 bytes
 Hardware stack levels used:    1
 This function calls:
		Nothing
 This function is called by:
		_find_best_solution
 This function uses a non-reentrant model


 *************** function _get_holes_after_merge *****************
 Defined at:
		line 1027 in file "teris_16f886.c"
 Parameters:    Size  Location     Type
  matrix          1    wreg     PTR struct .
		 -> temp_matrix88(64), 
 Auto vars:     Size  Location     Type
  matrix          1    9[COMMON] PTR struct .
		 -> temp_matrix88(64), 
  row             1   11[COMMON] char 
  col             1   10[COMMON] char 
  start           1    8[COMMON] char 
  stop            1    7[COMMON] char 
  num_hole        1    6[COMMON] unsigned char 
 Return value:  Size  Location     Type
                  1    wreg      unsigned char 
 Registers used:
		wreg, fsr0l, fsr0h, status,2, status,0, btemp+1
 Tracked objects:
		On entry : 
		On exit  : 
		Unchanged: 
 Data sizes:     COMMON   BANK0   BANK1   BANK3   BANK2
      Params:         0       0       0       0       0
      Locals:         6       0       0       0       0
      Temps:          6       0       0       0       0
      Totals:        12       0       0       0       0
Total ram usage:       12 bytes
 Hardware stack levels used:    1
 This function calls:
		Nothing
 This function is called by:
		_find_best_solution
 This function uses a non-reentrant model


 *************** function _get_high_after_merge *****************
 Defined at:
		line 1006 in file "teris_16f886.c"
 Parameters:    Size  Location     Type
  y               1    wreg     char 
  matrix          2    0[COMMON] PTR struct .
		 -> NULL(0), g_matrix44(384), 
 Auto vars:     Size  Location     Type
  y               1    6[COMMON] char 
  col             1    7[COMMON] char 
  row             1    8[COMMON] char 
 Return value:  Size  Location     Type
                  1    wreg      unsigned char 
 Registers used:
		wreg, fsr0l, fsr0h, status,2, status,0, btemp+1, pclath
 Tracked objects:
		On entry : 
		On exit  : 
		Unchanged: 
 Data sizes:     COMMON   BANK0   BANK1   BANK3   BANK2
      Params:         2       0       0       0       0
      Locals:         3       0       0       0       0
      Temps:          4       0       0       0       0
      Totals:         9       0       0       0       0
Total ram usage:        9 bytes
 Hardware stack levels used:    2
 This function calls:
		Nothing
 This function is called by:
		_find_best_solution
 This function uses a non-reentrant model


 *************** function _get_high *****************
 Defined at:
		line 992 in file "teris_16f886.c"
 Parameters:    Size  Location     Type
  matrix          1    wreg     PTR struct .
		 -> g_matrix88(64), 
 Auto vars:     Size  Location     Type
  matrix          1    7[COMMON] PTR struct .
		 -> g_matrix88(64), 
  row             1    8[COMMON] char 
 Return value:  Size  Location     Type
                  1    wreg      unsigned char 
 Registers used:
		wreg, fsr0l, fsr0h, status,2, status,0, pclath, cstack
 Tracked objects:
		On entry : 
		On exit  : 
		Unchanged: 
 Data sizes:     COMMON   BANK0   BANK1   BANK3   BANK2
      Params:         0       0       0       0       0
      Locals:         2       0       0       0       0
      Temps:          1       0       0       0       0
      Totals:         3       0       0       0       0
Total ram usage:        3 bytes
 Hardware stack levels used:    1
 Hardware stack levels required when called:    1
 This function calls:
		_is_row_empty
 This function is called by:
		_find_best_solution
 This function uses a non-reentrant model


 *************** function _is_row_empty *****************
 Defined at:
		line 665 in file "teris_16f886.c"
 Parameters:    Size  Location     Type
  matrix          1    wreg     PTR const struct .
		 -> g_matrix88(64), 
  row             1    0[COMMON] unsigned char 
 Auto vars:     Size  Location     Type
  matrix          1    4[COMMON] PTR const struct .
		 -> g_matrix88(64), 
  col             1    5[COMMON] unsigned char 
 Return value:  Size  Location     Type
                  1    wreg      unsigned char 
 Registers used:
		wreg, fsr0l, fsr0h, status,2, status,0
 Tracked objects:
		On entry : 
		On exit  : 
		Unchanged: 
 Data sizes:     COMMON   BANK0   BANK1   BANK3   BANK2
      Params:         1       0       0       0       0
      Locals:         2       0       0       0       0
      Temps:          3       0       0       0       0
      Totals:         6       0       0       0       0
Total ram usage:        6 bytes
 Hardware stack levels used:    1
 This function calls:
		Nothing
 This function is called by:
		_get_high
 This function uses a non-reentrant model


 *************** function _get_heavy *****************
 Defined at:
		line 917 in file "teris_16f886.c"
 Parameters:    Size  Location     Type
  matrix          1    wreg     PTR const struct .
		 -> temp_matrix88(64), 
 Auto vars:     Size  Location     Type
  matrix          1    9[COMMON] PTR const struct .
		 -> temp_matrix88(64), 
  row             1   12[COMMON] char 
  col             1   11[COMMON] unsigned char 
  risk            2    6[COMMON] unsigned int 
  pre             1   10[COMMON] unsigned char 
  start           1    8[COMMON] unsigned char 
 Return value:  Size  Location     Type
                  2    0[COMMON] unsigned int 
 Registers used:
		wreg, fsr0l, fsr0h, status,2, status,0
 Tracked objects:
		On entry : 
		On exit  : 
		Unchanged: 
 Data sizes:     COMMON   BANK0   BANK1   BANK3   BANK2
      Params:         2       0       0       0       0
      Locals:         7       0       0       0       0
      Temps:          4       0       0       0       0
      Totals:        13       0       0       0       0
Total ram usage:       13 bytes
 Hardware stack levels used:    1
 This function calls:
		Nothing
 This function is called by:
		_find_best_solution
 This function uses a non-reentrant model


 *************** function _fall_off *****************
 Defined at:
		line 806 in file "teris_16f886.c"
 Parameters:    Size  Location     Type
  x               1    wreg     char 
  y               1    0[COMMON] char 
  matrix44        2    1[COMMON] PTR const struct .
		 -> NULL(0), g_matrix44(384), 
  matrix88        1    3[COMMON] PTR const struct .
		 -> g_matrix88(64), 
 Auto vars:     Size  Location     Type
  x               1    8[COMMON] char 
  col             1    9[COMMON] char 
  row             1   10[COMMON] char 
 Return value:  Size  Location     Type
                  1    wreg      unsigned char 
 Registers used:
		wreg, fsr0l, fsr0h, status,2, status,0, btemp+1, pclath
 Tracked objects:
		On entry : 
		On exit  : 
[...]
  d1              1    wreg     PTR void 
		 -> temp_matrix88(64), g_matrix88.data(64), g_matrix88(64), 
  s1              1    0[COMMON] PTR const void 
		 -> g_matrix88.data(64), g_matrix88(64), 
  n               2    1[COMMON] unsigned int 
 Auto vars:     Size  Location     Type
  d1              1    6[COMMON] PTR void 
		 -> temp_matrix88(64), g_matrix88.data(64), g_matrix88(64), 
  s               1    5[COMMON] PTR const unsigned char 
		 -> g_matrix88.data(64), g_matrix88(64), 
  d               1    4[COMMON] PTR unsigned char 
		 -> temp_matrix88(64), g_matrix88.data(64), g_matrix88(64), 
 Return value:  Size  Location     Type
                  1    wreg      PTR void 
 Registers used:
		wreg, fsr0l, fsr0h, status,2, status,0
 Tracked objects:
		On entry : 
		On exit  : 
		Unchanged: 
 Data sizes:     COMMON   BANK0   BANK1   BANK3   BANK2
      Params:         3       0       0       0       0
      Locals:         3       0       0       0       0
      Temps:          1       0       0       0       0
      Totals:         7       0       0       0       0
Total ram usage:        7 bytes
 Hardware stack levels used:    1
 This function calls:
		Nothing
 This function is called by:
		_delete_row
		_merge1
 This function uses a non-reentrant model


 *************** function _clear *****************
 Defined at:
		line 838 in file "teris_16f886.c"
 Parameters:    Size  Location     Type
  x               1    wreg     char 
  y               1    0[COMMON] char 
  matrix44        2    1[COMMON] PTR const struct .
		 -> NULL(0), g_matrix44(384), 
  matrix88        1    3[COMMON] PTR struct .
		 -> g_matrix88(64), 
 Auto vars:     Size  Location     Type
  x               1    8[COMMON] char 
  col             1   10[COMMON] unsigned char 
  row             1    9[COMMON] unsigned char 
 Return value:  Size  Location     Type
                  1    wreg      void 
 Registers used:
		wreg, fsr0l, fsr0h, status,2, status,0, btemp+1, pclath
 Tracked objects:
		On entry : 
		On exit  : 
		Unchanged: 
 Data sizes:     COMMON   BANK0   BANK1   BANK3   BANK2
      Params:         4       0       0       0       0
      Locals:         3       0       0       0       0
      Temps:          4       0       0       0       0
      Totals:        11       0       0       0       0
Total ram usage:       11 bytes
 Hardware stack levels used:    2
 This function calls:
		Nothing
 This function is called by:
		_main
 This function uses a non-reentrant model


 *************** function _char_info_index_rand *****************
 Defined at:
		line 960 in file "teris_16f886.c"
 Parameters:    Size  Location     Type
		None
 Auto vars:     Size  Location     Type
		None
 Return value:  Size  Location     Type
                  1    wreg      unsigned char 
 Registers used:
		wreg, status,2, status,0, pclath, cstack
 Tracked objects:
		On entry : 
		On exit  : 
		Unchanged: 
 Data sizes:     COMMON   BANK0   BANK1   BANK3   BANK2
      Params:         0       0       0       0       0
      Locals:         0       0       0       0       0
      Temps:          0       0       0       0       0
      Totals:         0       0       0       0       0
Total ram usage:        0 bytes
 Hardware stack levels used:    1
 Hardware stack levels required when called:    2
 This function calls:
		___awmod
		_rand
 This function is called by:
		_main
 This function uses a non-reentrant model


 *************** function _rand *****************
 Defined at:
		line 12 in file "C:\Program Files (x86)\Microchip\xc8\v1.37\sources\common\rand.c"
 Parameters:    Size  Location     Type
		None
 Auto vars:     Size  Location     Type
		None
 Return value:  Size  Location     Type
                  2    0[BANK0 ] int 
 Registers used:
		wreg, status,2, status,0, pclath, cstack
 Tracked objects:
		On entry : 
		On exit  : 
		Unchanged: 
 Data sizes:     COMMON   BANK0   BANK1   BANK3   BANK2
      Params:         0       2       0       0       0
      Locals:         0       0       0       0       0
      Temps:          0       5       0       0       0
      Totals:         0       7       0       0       0
Total ram usage:        7 bytes
 Hardware stack levels used:    1
 Hardware stack levels required when called:    1
 This function calls:
		___lmul
 This function is called by:
		_char_info_index_rand
 This function uses a non-reentrant model


 *************** function ___lmul *****************
 Defined at:
		line 15 in file "C:\Program Files (x86)\Microchip\xc8\v1.37\sources\common\Umul32.c"
 Parameters:    Size  Location     Type
  multiplier      4    0[COMMON] unsigned long 
  multiplicand    4    4[COMMON] unsigned long 
 Auto vars:     Size  Location     Type
  product         4    9[COMMON] unsigned long 
 Return value:  Size  Location     Type
                  4    0[COMMON] unsigned long 
 Registers used:
		wreg, status,2, status,0
 Tracked objects:
		On entry : 
		On exit  : 
		Unchanged: 
 Data sizes:     COMMON   BANK0   BANK1   BANK3   BANK2
      Params:         8       0       0       0       0
      Locals:         4       0       0       0       0
      Temps:          1       0       0       0       0
      Totals:        13       0       0       0       0
Total ram usage:       13 bytes
 Hardware stack levels used:    1
 This function calls:
		Nothing
 This function is called by:
		_rand
 This function uses a non-reentrant model


 *************** function ___awmod *****************
 Defined at:
		line 6 in file "C:\Program Files (x86)\Microchip\xc8\v1.37\sources\common\awmod.c"
 Parameters:    Size  Location     Type
  divisor         2    7[BANK0 ] int 
  dividend        2    9[BANK0 ] int 
 Auto vars:     Size  Location     Type
  sign            1   12[BANK0 ] unsigned char 
  counter         1   11[BANK0 ] unsigned char 
 Return value:  Size  Location     Type
                  2    7[BANK0 ] int 
 Registers used:
		wreg, status,2, status,0
 Tracked objects:
		On entry : 
		On exit  : 
		Unchanged: 
 Data sizes:     COMMON   BANK0   BANK1   BANK3   BANK2
      Params:         0       4       0       0       0
      Locals:         0       2       0       0       0
      Temps:          1       0       0       0       0
      Totals:         1       6       0       0       0
Total ram usage:        7 bytes
 Hardware stack levels used:    1
 This function calls:
		Nothing
 This function is called by:
		_char_info_index_rand
		_USARTWriteInt
 This function uses a non-reentrant model


 *************** function _USARTInit *****************
 Defined at:
		line 31 in file "usart_pic16.c"
 Parameters:    Size  Location     Type
  baud_rate       2    0[COMMON] unsigned int 
 Auto vars:     Size  Location     Type
		None
 Return value:  Size  Location     Type
                  1    wreg      void 
 Registers used:
		wreg, fsr0l, fsr0h, status,2, status,0
 Tracked objects:
		On entry : 
		On exit  : 
		Unchanged: 
 Data sizes:     COMMON   BANK0   BANK1   BANK3   BANK2
      Params:         2       0       0       0       0
      Locals:         0       0       0       0       0
      Temps:          1       0       0       0       0
      Totals:         3       0       0       0       0
Total ram usage:        3 bytes
 Hardware stack levels used:    1
 This function calls:
		Nothing
 This function is called by:
		_main
 This function uses a non-reentrant model


 *************** function _Clear_Matrix *****************
 Defined at:
		line 588 in file "teris_16f886.c"
 Parameters:    Size  Location     Type
		None
 Auto vars:     Size  Location     Type
		None
 Return value:  Size  Location     Type
                  1    wreg      void 
 Registers used:
		wreg, fsr0l, fsr0h, status,2, status,0, pclath, cstack
 Tracked objects:
		On entry : 
		On exit  : 
		Unchanged: 
 Data sizes:     COMMON   BANK0   BANK1   BANK3   BANK2
      Params:         0       0       0       0       0
      Locals:         0       0       0       0       0
      Temps:          0       0       0       0       0
      Totals:         0       0       0       0       0
Total ram usage:        0 bytes
 Hardware stack levels used:    1
 Hardware stack levels required when called:    5
 This function calls:
		_memset
		_printf_Screen
 This function is called by:
		_main
 This function uses a non-reentrant model


 *************** function _printf_Screen *****************
 Defined at:
		line 572 in file "teris_16f886.c"
 Parameters:    Size  Location     Type
		None
 Auto vars:     Size  Location     Type
		None
 Return value:  Size  Location     Type
                  1    wreg      void 
 Registers used:
		wreg, fsr0l, fsr0h, status,2, status,0, pclath, cstack
 Tracked objects:
		On entry : 
		On exit  : 
		Unchanged: 
 Data sizes:     COMMON   BANK0   BANK1   BANK3   BANK2
      Params:         0       0       0       0       0
      Locals:         0       0       0       0       0
      Temps:          0       0       0       0       0
      Totals:         0       0       0       0       0
Total ram usage:        0 bytes
 Hardware stack levels used:    1
 Hardware stack levels required when called:    4
 This function calls:
		_printf_MATRIX88
 This function is called by:
		_Clear_Matrix
		_main
 This function uses a non-reentrant model


 *************** function _printf_MATRIX88 *****************
 Defined at:
		line 545 in file "teris_16f886.c"
 Parameters:    Size  Location     Type
  matrix88        1    wreg     PTR const struct .
		 -> g_matrix88(64), 
 Auto vars:     Size  Location     Type
  matrix88        1    0[BANK0 ] PTR const struct .
		 -> g_matrix88(64), 
  matrix7219      8    1[BANK0 ] struct .
 Return value:  Size  Location     Type
                  1    wreg      void 
 Registers used:
		wreg, fsr0l, fsr0h, status,2, status,0, pclath, cstack
 Tracked objects:
		On entry : 
		On exit  : 
		Unchanged: 
 Data sizes:     COMMON   BANK0   BANK1   BANK3   BANK2
      Params:         0       0       0       0       0
      Locals:         0       9       0       0       0
      Temps:          1       0       0       0       0
      Totals:         1       9       0       0       0
Total ram usage:       10 bytes
 Hardware stack levels used:    1
 Hardware stack levels required when called:    3
 This function calls:
		_MATRIX88_to_MATRIX7219
		_printf_MATRIX7219
 This function is called by:
		_printf_Screen
 This function uses a non-reentrant model


 *************** function _printf_MATRIX7219 *****************
 Defined at:
		line 532 in file "teris_16f886.c"
 Parameters:    Size  Location     Type
  matrix          1    wreg     PTR const struct .
		 -> printf_MATRIX88@matrix7219(8), 
 Auto vars:     Size  Location     Type
  matrix          1    8[COMMON] PTR const struct .
		 -> printf_MATRIX88@matrix7219(8), 
  col             1    9[COMMON] unsigned char 
 Return value:  Size  Location     Type
                  1    wreg      void 
 Registers used:
		wreg, fsr0l, fsr0h, status,2, status,0, pclath, cstack
 Tracked objects:
		On entry : 
		On exit  : 
		Unchanged: 
 Data sizes:     COMMON   BANK0   BANK1   BANK3   BANK2
      Params:         0       0       0       0       0
      Locals:         2       0       0       0       0
      Temps:          2       0       0       0       0
      Totals:         4       0       0       0       0
Total ram usage:        4 bytes
 Hardware stack levels used:    1
 Hardware stack levels required when called:    2
 This function calls:
		_Write_Byte
 This function is called by:
		_printf_MATRIX88
 This function uses a non-reentrant model


 *************** function _Write_Byte *****************
 Defined at:
		line 437 in file "teris_16f886.c"
 Parameters:    Size  Location     Type
  myColumn        1    wreg     unsigned char 
  myValue         1    4[COMMON] unsigned char 
 Auto vars:     Size  Location     Type
  myColumn        1    5[COMMON] unsigned char 
 Return value:  Size  Location     Type
                  1    wreg      void 
 Registers used:
		wreg, status,2, status,0, pclath, cstack
 Tracked objects:
		On entry : 
		On exit  : 
		Unchanged: 
 Data sizes:     COMMON   BANK0   BANK1   BANK3   BANK2
      Params:         1       0       0       0       0
      Locals:         1       0       0       0       0
      Temps:          0       0       0       0       0
      Totals:         2       0       0       0       0
Total ram usage:        2 bytes
 Hardware stack levels used:    1
 Hardware stack levels required when called:    1
 This function calls:
		_SPI1_write
 This function is called by:
		_max7219_init1
		_printf_MATRIX7219
 This function uses a non-reentrant model


 *************** function _SPI1_write *****************
 Defined at:
		line 412 in file "teris_16f886.c"
 Parameters:    Size  Location     Type
  data            1    wreg     unsigned char 
 Auto vars:     Size  Location     Type
  data            1    1[COMMON] unsigned char 
  i               1    3[COMMON] unsigned char 
  mask            1    2[COMMON] unsigned char 
 Return value:  Size  Location     Type
                  1    wreg      void 
 Registers used:
		wreg, status,2, status,0
 Tracked objects:
		On entry : 
		On exit  : 
		Unchanged: 
 Data sizes:     COMMON   BANK0   BANK1   BANK3   BANK2
      Params:         0       0       0       0       0
      Locals:         3       0       0       0       0
      Temps:          1       0       0       0       0
      Totals:         4       0       0       0       0
Total ram usage:        4 bytes
 Hardware stack levels used:    1
 This function calls:
		Nothing
 This function is called by:
		_Write_Byte
 This function uses a non-reentrant model


 *************** function _MATRIX88_to_MATRIX7219 *****************
 Defined at:
		line 454 in file "teris_16f886.c"
 Parameters:    Size  Location     Type
  matrix88        1    wreg     PTR const struct .
		 -> g_matrix88(64), 
  matrix7219      1    0[COMMON] PTR struct .
		 -> printf_MATRIX88@matrix7219(8), 
 Auto vars:     Size  Location     Type
  matrix88        1    4[COMMON] PTR const struct .
		 -> g_matrix88(64), 
  row             1    6[COMMON] unsigned char 
  col             1    7[COMMON] unsigned char 
  mask            1    5[COMMON] unsigned char 
 Return value:  Size  Location     Type
                  1    wreg      void 
 Registers used:
		wreg, fsr0l, fsr0h, status,2, status,0
 Tracked objects:
		On entry : 
		On exit  : 
		Unchanged: 
 Data sizes:     COMMON   BANK0   BANK1   BANK3   BANK2
      Params:         1       0       0       0       0
      Locals:         4       0       0       0       0
      Temps:          3       0       0       0       0
      Totals:         8       0       0       0       0
Total ram usage:        8 bytes
 Hardware stack levels used:    1
 This function calls:
		Nothing
 This function is called by:
		_printf_MATRIX88
 This function uses a non-reentrant model


 *************** function _memset *****************
 Defined at:
		line 8 in file "C:\Program Files (x86)\Microchip\xc8\v1.37\sources\common\memset.c"
 Parameters:    Size  Location     Type
  p1              1    wreg     PTR void 
		 -> g_matrix88.data(64), g_matrix88(64), 
  c               2    0[COMMON] int 
  n               2    2[COMMON] unsigned int 
 Auto vars:     Size  Location     Type
  p1              1    6[COMMON] PTR void 
		 -> g_matrix88.data(64), g_matrix88(64), 
  p               1    5[COMMON] PTR unsigned char 
		 -> g_matrix88.data(64), g_matrix88(64), 
 Return value:  Size  Location     Type
                  1    wreg      PTR void 
 Registers used:
		wreg, fsr0l, fsr0h, status,2, status,0
 Tracked objects:
		On entry : 
		On exit  : 
		Unchanged: 
 Data sizes:     COMMON   BANK0   BANK1   BANK3   BANK2
      Params:         4       0       0       0       0
      Locals:         2       0       0       0       0
      Temps:          1       0       0       0       0
      Totals:         7       0       0       0       0
Total ram usage:        7 bytes
 Hardware stack levels used:    1
 This function calls:
		Nothing
 This function is called by:
		_Clear_Matrix
		_delete_row
 This function uses a non-reentrant model



MODULE INFORMATION

Module		Function		Class		Link	Load	Size
C:\Program Files (x86)\Microchip\xc8\v1.37\sources\common\memset.c
		_memset        		CODE           	0AD5	0000	29

C:\Program Files (x86)\Microchip\xc8\v1.37\sources\common\memset.c estimated size: 29

usart_pic16.c
		_USARTWriteString		CODE           	0BB6	0000	38
		_USARTWriteChar		CODE           	17A4	0000	9
		_USARTInit     		CODE           	0D2E	0000	72

usart_pic16.c estimated size: 119

C:\Program Files (x86)\Microchip\xc8\v1.37\sources\common\rand.c
		_srand         		CODE           	0A75	0000	10
		_rand          		CODE           	0D75	0000	72

C:\Program Files (x86)\Microchip\xc8\v1.37\sources\common\rand.c estimated size: 82

C:\Program Files (x86)\Microchip\xc8\v1.37\sources\common\Umul16.c
		___wmul        		CODE           	0B6F	0000	36

C:\Program Files (x86)\Microchip\xc8\v1.37\sources\common\Umul16.c estimated size: 36

teris_16f886.c
		_is_row_empty  		CODE           	0C28	0000	40
		_find_best_solution		CODE           	0586	0000	572
		_is_right_boundary		CODE           	0F45	0000	88
		_debug_str     		CODE           	17AC	0000	9
		_Clear_Matrix  		CODE           	17BC	0000	18
		_get_high_after_merge		CODE           	0CEB	0000	68
		_hit_land      		CODE           	0100	0000	114
		_char_info_index_rand		CODE           	0AA2	0000	25
		_printf_Screen 		CODE           	179F	0000	6
		_printf_MATRIX7219		CODE           	0AF1	0000	29
		_main          		CODE           	0476	0000	273
		_debug_line    		CODE           	17DE	0000	18
		_get_num_removed_rows		CODE           	0B92	0000	37
		_get_high      		CODE           	0B4D	0000	35
		_merge1        		CODE           	0F9C	0000	101
		_Write_Byte    		CODE           	0A7E	0000	19
		_printf_MATRIX88		CODE           	0A90	0000	19
		_get_holes_after_merge		CODE           	0369	0000	270
		_is_left_boundary		CODE           	0EF0	0000	86
		_merge         		CODE           	0EA0	0000	81
		_MATRIX88_to_MATRIX7219		CODE           	0DBC	0000	73
		_right_most    		CODE           	0B2D	0000	33
		_printf_debug_MATRIX88		CODE           	0094	0000	109
		_delete_row    		CODE           	002E	0000	103
		_clear         		CODE           	0E51	0000	80
		_SPI1_write    		CODE           	0004	0000	43
		_delete_matrix 		CODE           	0C7B	0000	50
		_get_heavy     		CODE           	0257	0000	128
		_fall_off      		CODE           	01E3	0000	117
		_get_num_of_orphan		CODE           	0171	0000	115
		_left_most     		CODE           	0B0D	0000	33
		_is_valid      		CODE           	02D6	0000	148
		_is_row_full   		CODE           	0C01	0000	40
		_max7219_init1 		CODE           	0C4F	0000	45

teris_16f886.c estimated size: 3025

C:\Program Files (x86)\Microchip\xc8\v1.37\sources\common\memcpy.c
		_memcpy        		CODE           	0BDB	0000	39

C:\Program Files (x86)\Microchip\xc8\v1.37\sources\common\memcpy.c estimated size: 39

C:\Program Files (x86)\Microchip\xc8\v1.37\sources\common\Umul8.c
		___bmul        		CODE           	17CD	0000	18

C:\Program Files (x86)\Microchip\xc8\v1.37\sources\common\Umul8.c estimated size: 18

C:\Program Files (x86)\Microchip\xc8\v1.37\sources\common\Umul32.c
		___lmul        		CODE           	0CAC	0000	64

C:\Program Files (x86)\Microchip\xc8\v1.37\sources\common\Umul32.c estimated size: 64

shared
		__stringtab    		STRCODE        	0800	0000	19
		_dpowers       		STRCODE        	081E	0000	11
		__initialization		CODE           	07C1	0000	60
		_octpowers     		STRCODE        	0812	0000	13
		_g_matrix44    		STRCODE        	0830	0000	385
		_hexpowers     		STRCODE        	0828	0000	9

shared estimated size: 497

C:\Program Files (x86)\Microchip\xc8\v1.37\sources\common\awmod.c
		___awmod       		CODE           	0E04	0000	78

C:\Program Files (x86)\Microchip\xc8\v1.37\sources\common\awmod.c estimated size: 78

