Microchip MPLAB XC8 Compiler V1.37 ()

Linker command line:

-W-3 --edf=C:\Program Files (x86)\Microchip\xc8\v1.37\dat\en_msgs.txt -cs \
  -h+dist/default/production\teris_16f886.X.production.sym \
  --cmf=dist/default/production\teris_16f886.X.production.cmf -z -Q16F886 \
  -oC:\Users\Admin\AppData\Local\Temp\s27o.2 \
  -Mdist/default/production/teris_16f886.X.production.map -E1 -ver=XC8 \
  -ASTACK=0110h-016fh -pstack=STACK -ACODE=00h-07FFhx4 -ASTRCODE=00h-01FFFh \
  -ASTRING=00h-0FFhx32 -ACONST=00h-0FFhx32 -AENTRY=00h-0FFhx32 \
  -ACOMMON=070h-07Fh -ABANK0=020h-06Fh -ABANK1=0A0h-0EFh \
  -ABANK2=0110h-016Fh -ABANK3=0190h-01EFh \
  -ARAM=020h-06Fh,0A0h-0EFh,0110h-016Fh,0190h-01EFh \
  -AABS1=020h-07Fh,0A0h-0EFh,0110h-016Fh,0190h-01EFh -ASFR0=00h-01Fh \
  -ASFR1=080h-09Fh -ASFR2=0100h-010Fh -ASFR3=0180h-018Fh \
  -preset_vec=00h,intentry,init,end_init -ppowerup=CODE -pcinit=CODE \
  -pfunctab=CODE -ACONFIG=02007h-02008h -pconfig=CONFIG -DCONFIG=2 \
  -AIDLOC=02000h-02003h -pidloc=IDLOC -DIDLOC=2 -AEEDATA=00h-0FFh/02100h \
  -peeprom_data=EEDATA -DEEDATA=2 -DCODE=2 -DSTRCODE=2 -DSTRING=2 -DCONST=2 \
  -DENTRY=2 -k C:\Users\Admin\AppData\Local\Temp\s27o.obj \
  dist/default/production\teris_16f886.X.production.obj 

Object code version is 3.11

Machine type is 16F886



                Name                               Link     Load   Length Selector   Space Scale
C:\Users\Admin\AppData\Local\Temp\s27o.obj
                end_init                              0        0        3        0       0
                config                             2007     2007        2     400E       0
dist/default/production\teris_16f886.X.production.obj
                cinit                               7C9      7C9       37      F92       0
                text51                              9B3      9B3       1C     1366       0
                text50                              2F4      2F4       93      5E8       0
                text49                             178D     178D        F     2F1A       0
                text48                              1D6      1D6       8E      3AC       0
                text47                              B50      B50       2A     16A0       0
                text46                              9EC      9EC       1E     13D8       0
                text45                              B7A      B7A       2F     16F4       0
                text44                             17EE     17EE       12     2FDC       0
                text43                             1751     1751        5     2EA2       0
                text42                             17BB     17BB       11     2F76       0
                text41                              D12      D12       47     1A24       0
                text40                              DEC      DEC       4D     1BD8       0
                text39                              C4C      C4C       3F     1898       0
                text38                              D59      D59       47     1AB2       0
                text37                              980      980       18     1300       0
                text36                              F2D      F2D       69     1E5A       0
                text35                             179C     179C        F     2F38       0
                text34                              C8B      C8B       43     1916       0
                text33                              BDA      BDA       37     17B4       0
                text32                             177F     177F        E     2EFE       0
                text31                              BA9      BA9       31     1752       0
                text30                              998      998       1B     1330       0
                text29                              A71      A71       24     14E2       0
                text28                              ADE      ADE       26     15BC       0
                text27                              9CF      9CF       1D     139E       0
                text26                              A4E      A4E       23     149C       0
                text25                               DD       DD       77      1BA       0
                text24                              154      154       82      2A8       0
                text23                             1756     1756        8     2EAC       0
                text22                              A0A      A0A       22     1414       0
                text21                              C11      C11       3B     1822       0
                text20                              387      387      10E      70E       0
                text19                                5        5       65        A       0
                text18                              A95      A95       24     152A       0
                text17                              264      264       90      4C8       0
                text16                              E39      E39       4D     1C72       0
                text15                              A2C      A2C       22     1458       0
                text14                              B04      B04       26     1608       0
                text13                              ED5      ED5       58     1DAA       0
                text12                              E86      E86       4F     1D0C       0
                text11                              B2A      B2A       26     1654       0
                text10                              5AB      5AB      21E      B56       0
                text9                               F96      F96       6A     1F2C       0
                text8                               DA0      DA0       4C     1B40       0
                text7                               CCE      CCE       44     199C       0
                text6                              175E     175E        8     2EBC       0
                text5                               AB9      AB9       25     1572       0
                text4                              17CC     17CC       11     2F98       0
                text3                              1766     1766        8     2ECC       0
                text2                                6A       6A       73       D4       0
                text1                              1776     1776        9     2EEC       0
                maintext                            495      495      116      92A       0
                cstackBANK0                          20       20       39       20       1
                cstackCOMMON                         70       70        E       70       1
                inittext                           17DD     17DD       11     2FBA       0
                clrtext                            176E     176E        8     2EDC       0
                bssBANK3                            190      190       40      190       1
                dataBANK1                            D0       D0       10       A0       1
                bssBANK1                             A0       A0       30       A0       1
                dataBANK0                            68       68        5       20       1
                bssBANK0                             59       59        F       20       1
                nvBANK0                              6D       6D        2       20       1
                stringtext                          800      800      17A       10       0
                idataBANK1                         17AB     17AB       10     2F56       0
                idataBANK0                          97B      97B        5     12F6       0

TOTAL           Name                               Link     Load   Length     Space
        CLASS   STACK          

        CLASS   CODE           
                end_init                              0        0        3         0
                cinit                               7C9      7C9       37         0
                text51                              9B3      9B3       1C         0
                text50                              2F4      2F4       93         0
                text49                             178D     178D        F         0
                text48                              1D6      1D6       8E         0
                text47                              B50      B50       2A         0
                text46                              9EC      9EC       1E         0
                text45                              B7A      B7A       2F         0
                text44                             17EE     17EE       12         0
                text43                             1751     1751        5         0
                text42                             17BB     17BB       11         0
                text41                              D12      D12       47         0
                text40                              DEC      DEC       4D         0
                text39                              C4C      C4C       3F         0
                text38                              D59      D59       47         0
                text37                              980      980       18         0
                text36                              F2D      F2D       69         0
                text35                             179C     179C        F         0
                text34                              C8B      C8B       43         0
                text33                              BDA      BDA       37         0
                text32                             177F     177F        E         0
                text31                              BA9      BA9       31         0
                text30                              998      998       1B         0
                text29                              A71      A71       24         0
                text28                              ADE      ADE       26         0
                text27                              9CF      9CF       1D         0
                text26                              A4E      A4E       23         0
                text25                               DD       DD       77         0
                text24                              154      154       82         0
                text23                             1756     1756        8         0
                text22                              A0A      A0A       22         0
                text21                              C11      C11       3B         0
                text20                              387      387      10E         0
                text19                                5        5       65         0
                text18                              A95      A95       24         0
                text17                              264      264       90         0
                text16                              E39      E39       4D         0
                text15                              A2C      A2C       22         0
                text14                              B04      B04       26         0
                text13                              ED5      ED5       58         0
                text12                              E86      E86       4F         0
                text11                              B2A      B2A       26         0
                text10                              5AB      5AB      21E         0
                text9                               F96      F96       6A         0
                text8                               DA0      DA0       4C         0
                text7                               CCE      CCE       44         0
                text6                              175E     175E        8         0
                text5                               AB9      AB9       25         0
                text4                              17CC     17CC       11         0
                text3                              1766     1766        8         0
                text2                                6A       6A       73         0
                text1                              1776     1776        9         0
                maintext                            495      495      116         0
                inittext                           17DD     17DD       11         0
                clrtext                            176E     176E        8         0
                idataBANK1                         17AB     17AB       10         0
                idataBANK0                          97B      97B        5         0

        CLASS   STRCODE        
                stringtext                          800      800      17A         0

        CLASS   STRING         

        CLASS   CONST          

        CLASS   ENTRY          

        CLASS   COMMON         
                cstackCOMMON                         70       70        E         1

        CLASS   BANK0          
                cstackBANK0                          20       20       39         1
                dataBANK0                            68       68        5         1
                bssBANK0                             59       59        F         1
                nvBANK0                              6D       6D        2         1

        CLASS   BANK1          
                dataBANK1                            D0       D0       10         1
                bssBANK1                             A0       A0       30         1

        CLASS   BANK2          

        CLASS   BANK3          
                bssBANK3                            190      190       40         1

        CLASS   RAM            

        CLASS   ABS1           
                abs_s1                               7E       7E        2         1

        CLASS   SFR0           

        CLASS   SFR1           

        CLASS   SFR2           

        CLASS   SFR3           

        CLASS   CONFIG         
                config                             2007     2007        2         0

        CLASS   IDLOC          

        CLASS   EEDATA         



SEGMENTS        Name                           Load    Length   Top    Selector   Space  Class     Delta

                reset_vec                      000000  000003  000003         0       0  CODE        2
                text19                         000005  000065  00006A         A       0  CODE        2
                cstackBANK0                    000020  00004F  00006F        20       1  BANK0       1
                cstackCOMMON                   000070  00000E  00007E        70       1  COMMON      1
                bssBANK1                       0000A0  000040  0000E0        A0       1  BANK1       1
                text2                          00006A  000073  0000DD        D4       0  CODE        2
                bssBANK3                       000190  000040  0001D0       190       1  BANK3       1
                text25                         0000DD  000077  000154       1BA       0  CODE        2
                text24                         000154  000082  0001D6       2A8       0  CODE        2
                text48                         0001D6  00008E  000264       3AC       0  CODE        2
                text17                         000264  000090  0002F4       4C8       0  CODE        2
                text50                         0002F4  000093  000387       5E8       0  CODE        2
                text20                         000387  00010E  000495       70E       0  CODE        2
                maintext                       000495  000116  0005AB       92A       0  CODE        2
                text10                         0005AB  00021E  0007C9       B56       0  CODE        2
                cinit                          0007C9  000037  000800       F92       0  CODE        2
                stringtext                     000800  00017A  00097A        10       0  STRCODE     2
                idataBANK0                     00097B  000005  000980      12F6       0  CODE        2
                text37                         000980  000018  000998      1300       0  CODE        2
                text30                         000998  00001B  0009B3      1330       0  CODE        2
                text51                         0009B3  00001C  0009CF      1366       0  CODE        2
                text27                         0009CF  00001D  0009EC      139E       0  CODE        2
                text46                         0009EC  00001E  000A0A      13D8       0  CODE        2
                text22                         000A0A  000022  000A2C      1414       0  CODE        2
                text15                         000A2C  000022  000A4E      1458       0  CODE        2
                text26                         000A4E  000023  000A71      149C       0  CODE        2
                text29                         000A71  000024  000A95      14E2       0  CODE        2
                text18                         000A95  000024  000AB9      152A       0  CODE        2
                text5                          000AB9  000025  000ADE      1572       0  CODE        2
                text28                         000ADE  000026  000B04      15BC       0  CODE        2
                text14                         000B04  000026  000B2A      1608       0  CODE        2
                text11                         000B2A  000026  000B50      1654       0  CODE        2
                text47                         000B50  00002A  000B7A      16A0       0  CODE        2
                text45                         000B7A  00002F  000BA9      16F4       0  CODE        2
                text31                         000BA9  000031  000BDA      1752       0  CODE        2
                text33                         000BDA  000037  000C11      17B4       0  CODE        2
                text21                         000C11  00003B  000C4C      1822       0  CODE        2
                text39                         000C4C  00003F  000C8B      1898       0  CODE        2
                text34                         000C8B  000043  000CCE      1916       0  CODE        2
                text7                          000CCE  000044  000D12      199C       0  CODE        2
                text41                         000D12  000047  000D59      1A24       0  CODE        2
                text38                         000D59  000047  000DA0      1AB2       0  CODE        2
                text8                          000DA0  00004C  000DEC      1B40       0  CODE        2
                text40                         000DEC  00004D  000E39      1BD8       0  CODE        2
                text16                         000E39  00004D  000E86      1C72       0  CODE        2
                text12                         000E86  00004F  000ED5      1D0C       0  CODE        2
                text13                         000ED5  000058  000F2D      1DAA       0  CODE        2
                text36                         000F2D  000069  000F96      1E5A       0  CODE        2
                text9                          000F96  00006A  001000      1F2C       0  CODE        2
                text43                         001751  000005  001756      2EA2       0  CODE        2
                text23                         001756  000008  00175E      2EAC       0  CODE        2
                text6                          00175E  000008  001766      2EBC       0  CODE        2
                text3                          001766  000008  00176E      2ECC       0  CODE        2
                clrtext                        00176E  000008  001776      2EDC       0  CODE        2
                text1                          001776  000009  00177F      2EEC       0  CODE        2
                text32                         00177F  00000E  00178D      2EFE       0  CODE        2
                text49                         00178D  00000F  00179C      2F1A       0  CODE        2
                text35                         00179C  00000F  0017AB      2F38       0  CODE        2
                idataBANK1                     0017AB  000010  0017BB      2F56       0  CODE        2
                text42                         0017BB  000011  0017CC      2F76       0  CODE        2
                text4                          0017CC  000011  0017DD      2F98       0  CODE        2
                inittext                       0017DD  000011  0017EE      2FBA       0  CODE        2
                text44                         0017EE  000012  001800      2FDC       0  CODE        2
                config                         002007  000002  002009      400E       0  CONFIG      2


UNUSED ADDRESS RANGES

        Name                Unused          Largest block    Delta
        BANK0            006F-006F              1           1
        BANK1            00E0-00EF             10           1
        BANK2            0110-016F             60           1
        BANK3            01D0-01EF             20           1
        CODE             0003-0004              2           2
                         097A-097A              1
                         1000-1750            751
                         1800-1FFF            800
        CONST            0003-0004              2           2
                         097A-097A              1
                         1000-1750            100
                         1800-1FFF            100
        EEDATA           2100-21FF            100           2
        ENTRY            0003-0004              2           2
                         097A-097A              1
                         1000-1750            100
                         1800-1FFF            100
        IDLOC            2000-2003              4           2
        RAM              006F-006F              1           1
                         00E0-00EF             10
                         0110-016F             60
                         01D0-01EF             20
        SFR0             0000-001F             20           1
        SFR1             0080-009F             20           1
        SFR2             0100-010F             10           1
        SFR3             0180-018F             10           1
        STACK            0110-016F             60           1
        STRCODE          0003-0004              2           2
                         097A-097A              1
                         1000-1750            751
                         1800-1FFF            800
        STRING           0003-0004              2           2
                         097A-097A              1
                         1000-1750            100
                         1800-1FFF            100

                                  Symbol Table

?___awmod                            cstackBANK0  0027
?___lmul                             cstackCOMMON 0070
?___wmul                             cstackBANK0  002C
?_eeprom_read_int                    cstackCOMMON 0072
?_get_heavy                          cstackCOMMON 007C
?_get_num_of_orphan                  cstackCOMMON 007C
?_rand                               cstackBANK0  0020
MATRIX16x8_to_MATRIX7219@col         cstackBANK0  0025
MATRIX16x8_to_MATRIX7219@mask        cstackBANK0  0023
MATRIX16x8_to_MATRIX7219@matrix16x8  cstackBANK0  0022
MATRIX16x8_to_MATRIX7219@matrix7219  cstackCOMMON 007C
MATRIX16x8_to_MATRIX7219@row         cstackBANK0  0024
SPI1_write@data                      cstackCOMMON 0071
SPI1_write@i                         cstackCOMMON 0073
SPI1_write@mask                      cstackCOMMON 0072
USARTInit@baud_rate                  cstackCOMMON 0070
USARTWriteChar@ch                    cstackCOMMON 0070
USARTWriteInt@F1617                  bssBANK0     0059
USARTWriteString@str                 cstackCOMMON 0071
Write_Word@myColumn1                 cstackCOMMON 0077
Write_Word@myColumn2                 cstackCOMMON 0075
Write_Word@myValue1                  cstackCOMMON 0074
Write_Word@myValue2                  cstackCOMMON 0076
_ANSELbits                           (abs)        0188
_CARRY                               (abs)        0018
_Clear_Matrix                        text42       17BB
_EEADR                               (abs)        010D
_EECON1                              (abs)        018C
_EECON2                              (abs)        018D
_EEDATA                              (abs)        010C
_GIE                                 (abs)        005F
_MATRIX16x8_to_MATRIX7219            text48       01D6
_PEIE                                (abs)        005E
_PIR1bits                            (abs)        000C
_RA1                                 (abs)        0029
_RA2                                 (abs)        002A
_RA3                                 (abs)        002B
_RCIE                                (abs)        0465
_RCREG                               (abs)        001A
_RCSTAbits                           (abs)        0018
_RD                                  (abs)        0C60
_SPBRG                               (abs)        0099
_SPI1_write                          text47       0B50
_Seed                                bssBANK0     005E
_TRISAbits                           (abs)        0085
_TXREG                               (abs)        0019
_TXSTAbits                           (abs)        0098
_UQEnd                               nvBANK0      006D
_UQFront                             nvBANK0      006E
_URBuff                              bssBANK1     00A0
_USARTInit                           text41       0D12
_USARTWriteChar                      text6        175E
_USARTWriteString                    text5        0AB9
_WR                                  (abs)        0C61
_WREN                                (abs)        0C62
_Write_Word                          text46       09EC
__CFG_BOR4V$BOR21V                   (abs)        0000
__CFG_BOREN$ON                       (abs)        0000
__CFG_CP$ON                          (abs)        0000
__CFG_CPD$ON                         (abs)        0000
__CFG_FCMEN$ON                       (abs)        0000
__CFG_FOSC$INTRC_NOCLKOUT            (abs)        0000
__CFG_IESO$ON                        (abs)        0000
__CFG_LVP$ON                         (abs)        0000
__CFG_MCLRE$ON                       (abs)        0000
__CFG_PWRTE$OFF                      (abs)        0000
__CFG_WDTE$ON                        (abs)        0000
__CFG_WRT$OFF                        (abs)        0000
__Habs1                              abs1         0000
__Hbank0                             bank0        0000
__Hbank1                             bank1        0000
__Hbank2                             bank2        0000
__Hbank3                             bank3        0000
__HbssBANK0                          bssBANK0     0000
__HbssBANK1                          bssBANK1     0000
__HbssBANK3                          bssBANK3     0000
__Hcinit                             cinit        0800
__Hclrtext                           clrtext      0000
__Hcode                              code         0000
__Hcommon                            common       0000
__Hconfig                            config       2009
__HcstackBANK0                       cstackBANK0  0000
__HcstackCOMMON                      cstackCOMMON 0000
__HdataBANK0                         dataBANK0    0000
__HdataBANK1                         dataBANK1    0000
__Heeprom_data                       eeprom_data  0000
__Hend_init                          end_init     0003
__Hfunctab                           functab      0000
__HidataBANK0                        idataBANK0   0000
__HidataBANK1                        idataBANK1   0000
__Hidloc                             idloc        0000
__Hinit                              init         0000
__Hinittext                          inittext     0000
__Hintentry                          intentry     0000
__Hmaintext                          maintext     0000
__HnvBANK0                           nvBANK0      0000
__Hpowerup                           powerup      0000
__Hram                               ram          0000
__Hreset_vec                         reset_vec    0000
__Hsfr0                              sfr0         0000
__Hsfr1                              sfr1         0000
__Hsfr2                              sfr2         0000
__Hsfr3                              sfr3         0000
__Hspace_0                           (abs)        2009
__Hspace_1                           (abs)        01D0
__Hspace_2                           (abs)        0000
__Hspace_3                           (abs)        0000
__Hstack                             stack        0000
__Hstrings                           strings      0000
__Hstringtext                        stringtext   0000
__Htext                              text         0000
__Labs1                              abs1         0000
__Lbank0                             bank0        0000
__Lbank1                             bank1        0000
__Lbank2                             bank2        0000
__Lbank3                             bank3        0000
__LbssBANK0                          bssBANK0     0000
__LbssBANK1                          bssBANK1     0000
__LbssBANK3                          bssBANK3     0000
__Lcinit                             cinit        07C9
__Lclrtext                           clrtext      0000
__Lcode                              code         0000
__Lcommon                            common       0000
__Lconfig                            config       2007
__LcstackBANK0                       cstackBANK0  0000
__LcstackCOMMON                      cstackCOMMON 0000
__LdataBANK0                         dataBANK0    0000
__LdataBANK1                         dataBANK1    0000
__Leeprom_data                       eeprom_data  0000
__Lend_init                          end_init     0000
__Lfunctab                           functab      0000
__LidataBANK0                        idataBANK0   0000
__LidataBANK1                        idataBANK1   0000
__Lidloc                             idloc        0000
__Linit                              init         0000
__Linittext                          inittext     0000
__Lintentry                          intentry     0000
__Lmaintext                          maintext     0000
__LnvBANK0                           nvBANK0      0000
__Lpowerup                           powerup      0000
__Lram                               ram          0000
__Lreset_vec                         reset_vec    0000
__Lsfr0                              sfr0         0000
__Lsfr1                              sfr1         0000
__Lsfr2                              sfr2         0000
__Lsfr3                              sfr3         0000
__Lspace_0                           (abs)        0000
__Lspace_1                           (abs)        0000
__Lspace_2                           (abs)        0000
__Lspace_3                           (abs)        0000
__Lstack                             stack        0000
__Lstrings                           strings      0000
__Lstringtext                        stringtext   0000
__Ltext                              text         0000
__S0                                 (abs)        2009
__S1                                 (abs)        01D0
__S2                                 (abs)        0000
__S3                                 (abs)        0000
___awmod                             text40       0DEC
___awmod@counter                     cstackBANK0  002B
___awmod@dividend                    cstackBANK0  0029
___awmod@divisor                     cstackBANK0  0027
___awmod@sign                        cstackBANK0  002C
___int_sp                            stack        0000
___latbits                           (abs)        0002
___lmul                              text39       0C4C
___lmul@multiplicand                 cstackCOMMON 0074
___lmul@multiplier                   cstackCOMMON 0070
___lmul@product                      cstackCOMMON 0079
___sp                                stack        0000
___wmul                              text26       0A4E
___wmul@multiplicand                 cstackBANK0  002E
___wmul@multiplier                   cstackBANK0  002C
___wmul@product                      cstackCOMMON 007C
__end_of_Clear_Matrix                text42       17CC
__end_of_MATRIX16x8_to_MATRIX7219    text48       0264
__end_of_SPI1_write                  text47       0B7A
__end_of_USARTInit                   text41       0D59
__end_of_USARTWriteChar              text6        1766
__end_of_USARTWriteString            text5        0ADE
__end_of_Write_Word                  text46       0A0A
__end_of___awmod                     text40       0E39
__end_of___lmul                      text39       0C8B
__end_of___wmul                      text26       0A71
__end_of__initialization             cinit        07FC
__end_of__stringtab                  stringtext   0812
__end_of_char_info_index_rand        text37       0998
__end_of_clear                       text34       0CCE
__end_of_debug_line                  text4        17DD
__end_of_debug_str                   text3        176E
__end_of_delete_matrix               text31       0BDA
__end_of_delete_row                  text33       0C11
__end_of_dpowers                     stringtext   083A
__end_of_eeprom_read                 text30       09B3
__end_of_eeprom_read_int             text29       0A95
__end_of_eeprom_write                text28       0B04
__end_of_eeprom_write_int            text27       09EC
__end_of_fall_off                    text25       0154
__end_of_find_best_solution          text10       07C9
__end_of_g_char_info                 stringtext   0824
__end_of_g_matrix4x4                 stringtext   08A2
__end_of_get_heavy                   text24       01D6
__end_of_get_high                    text22       0A2C
__end_of_get_high_after_merge        text21       0C4C
__end_of_get_holes_after_merge       text20       0495
__end_of_get_matrix_bit              text49       179C
__end_of_get_num_of_orphan           text19       006A
__end_of_get_num_removed_rows        text18       0AB9
__end_of_getbit                      text50       0387
__end_of_hexpowers                   stringtext   0842
__end_of_hit_land                    text9        1000
__end_of_is_left_boundary            text16       0E86
__end_of_is_right_boundary           text12       0ED5
__end_of_is_row_empty                text23       175E
__end_of_is_row_full                 text32       178D
__end_of_is_valid                    text17       02F4
__end_of_left_most                   text15       0A4E
__end_of_main                        maintext     05AB
__end_of_max7219_init1               text8        0DEC
__end_of_memcpy                      text14       0B2A
__end_of_memset                      text51       09CF
__end_of_merge                       text7        0D12
__end_of_merge1                      text13       0F2D
__end_of_octpowers                   stringtext   0830
__end_of_printf_MATRIX16x8           text44       1800
__end_of_printf_MATRIX7219           text45       0BA9
__end_of_printf_Screen               text43       1756
__end_of_printf_debug_MATRIX16x8     text2        00DD
__end_of_rand                        text38       0DA0
__end_of_right_most                  text11       0B50
__end_of_set_matrix_bit              text35       17AB
__end_of_setbit                      text36       0F96
__end_of_srand                       text1        177F
__initialization                     cinit        07C9
__pbssBANK0                          bssBANK0     0059
__pbssBANK1                          bssBANK1     00A0
__pbssBANK3                          bssBANK3     0190
__pcstackBANK0                       cstackBANK0  0020
__pcstackCOMMON                      cstackCOMMON 0070
__pdataBANK0                         dataBANK0    0068
__pdataBANK1                         dataBANK1    00D0
__pidataBANK0                        idataBANK0   097B
__pidataBANK1                        idataBANK1   17AB
__pmaintext                          maintext     0495
__pnvBANK0                           nvBANK0      006D
__pstringtext                        stringtext   0800
__ptext1                             text1        1776
__ptext10                            text10       05AB
__ptext11                            text11       0B2A
__ptext12                            text12       0E86
__ptext13                            text13       0ED5
__ptext14                            text14       0B04
__ptext15                            text15       0A2C
__ptext16                            text16       0E39
__ptext17                            text17       0264
__ptext18                            text18       0A95
__ptext19                            text19       0005
__ptext2                             text2        006A
__ptext20                            text20       0387
__ptext21                            text21       0C11
__ptext22                            text22       0A0A
__ptext23                            text23       1756
__ptext24                            text24       0154
__ptext25                            text25       00DD
__ptext26                            text26       0A4E
__ptext27                            text27       09CF
__ptext28                            text28       0ADE
__ptext29                            text29       0A71
__ptext3                             text3        1766
__ptext30                            text30       0998
__ptext31                            text31       0BA9
__ptext32                            text32       177F
__ptext33                            text33       0BDA
__ptext34                            text34       0C8B
__ptext35                            text35       179C
__ptext36                            text36       0F2D
__ptext37                            text37       0980
__ptext38                            text38       0D59
__ptext39                            text39       0C4C
__ptext4                             text4        17CC
__ptext40                            text40       0DEC
__ptext41                            text41       0D12
__ptext42                            text42       17BB
__ptext43                            text43       1751
__ptext44                            text44       17EE
__ptext45                            text45       0B7A
__ptext46                            text46       09EC
__ptext47                            text47       0B50
__ptext48                            text48       01D6
__ptext49                            text49       178D
__ptext5                             text5        0AB9
__ptext50                            text50       02F4
__ptext51                            text51       09B3
__ptext6                             text6        175E
__ptext7                             text7        0CCE
__ptext8                             text8        0DA0
__ptext9                             text9        0F96
__size_of_Clear_Matrix               (abs)        0000
__size_of_MATRIX16x8_to_MATRIX7219   (abs)        0000
__size_of_SPI1_write                 (abs)        0000
__size_of_USARTInit                  (abs)        0000
__size_of_USARTWriteChar             (abs)        0000
__size_of_USARTWriteString           (abs)        0000
__size_of_Write_Word                 (abs)        0000
__size_of___awmod                    (abs)        0000
__size_of___lmul                     (abs)        0000
__size_of___wmul                     (abs)        0000
__size_of_char_info_index_rand       (abs)        0000
__size_of_clear                      (abs)        0000
__size_of_debug_line                 (abs)        0000
__size_of_debug_str                  (abs)        0000
__size_of_delete_matrix              (abs)        0000
__size_of_delete_row                 (abs)        0000
__size_of_eeprom_read                (abs)        0000
__size_of_eeprom_read_int            (abs)        0000
__size_of_eeprom_write               (abs)        0000
__size_of_eeprom_write_int           (abs)        0000
__size_of_fall_off                   (abs)        0000
__size_of_find_best_solution         (abs)        0000
__size_of_get_heavy                  (abs)        0000
__size_of_get_high                   (abs)        0000
__size_of_get_high_after_merge       (abs)        0000
__size_of_get_holes_after_merge      (abs)        0000
__size_of_get_matrix_bit             (abs)        0000
__size_of_get_num_of_orphan          (abs)        0000
__size_of_get_num_removed_rows       (abs)        0000
__size_of_getbit                     (abs)        0000
__size_of_hit_land                   (abs)        0000
__size_of_is_left_boundary           (abs)        0000
__size_of_is_right_boundary          (abs)        0000
__size_of_is_row_empty               (abs)        0000
__size_of_is_row_full                (abs)        0000
__size_of_is_valid                   (abs)        0000
__size_of_left_most                  (abs)        0000
__size_of_main                       (abs)        0000
__size_of_max7219_init1              (abs)        0000
__size_of_memcpy                     (abs)        0000
__size_of_memset                     (abs)        0000
__size_of_merge                      (abs)        0000
__size_of_merge1                     (abs)        0000
__size_of_printf_MATRIX16x8          (abs)        0000
__size_of_printf_MATRIX7219          (abs)        0000
__size_of_printf_Screen              (abs)        0000
__size_of_printf_debug_MATRIX16x8    (abs)        0000
__size_of_rand                       (abs)        0000
__size_of_right_most                 (abs)        0000
__size_of_set_matrix_bit             (abs)        0000
__size_of_setbit                     (abs)        0000
__size_of_srand                      (abs)        0000
__stringbase                         stringtext   0812
__stringtab                          stringtext   0800
_char_info_index_rand                text37       0980
_clear                               text34       0C8B
_cur_x                               dataBANK0    006C
_cur_y                               bssBANK0     0064
_debug_line                          text4        17CC
_debug_str                           text3        1766
_delete_matrix                       text31       0BA9
_delete_row                          text33       0BDA
_dpowers                             stringtext   0830
_eeprom_read                         text30       0998
_eeprom_read_int                     text29       0A71
_eeprom_write                        text28       0ADE
_eeprom_write_int                    text27       09CF
_fall_off                            text25       00DD
_find_best_solution                  text10       05AB
_g_char_info                         stringtext   0812
_g_char_info_index                   bssBANK0     0065
_g_char_info_sub_index               bssBANK0     0066
_g_cur_matrix4x4                     bssBANK0     0060
_g_debug                             bssBANK3     0190
_g_matrix16x8                        dataBANK1    00D0
_g_matrix4x4                         stringtext   0842
_get_heavy                           text24       0154
_get_high                            text22       0A0A
_get_high_after_merge                text21       0C11
_get_holes_after_merge               text20       0387
_get_matrix_bit                      text49       178D
_get_num_of_orphan                   text19       0005
_get_num_removed_rows                text18       0A95
_getbit                              text50       02F4
_hexpowers                           stringtext   083A
_hit_land                            text9        0F96
_is_left_boundary                    text16       0E39
_is_right_boundary                   text12       0E86
_is_row_empty                        text23       1756
_is_row_full                         text32       177F
_is_valid                            text17       0264
_left_most                           text15       0A2C
_main                                maintext     0495
_max7219_init1                       text8        0DA0
_memcpy                              text14       0B04
_memset                              text51       09B3
_merge                               text7        0CCE
_merge1                              text13       0ED5
_octpowers                           stringtext   0824
_printf_MATRIX16x8                   text44       17EE
_printf_MATRIX7219                   text45       0B7A
_printf_Screen                       text43       1751
_printf_debug_MATRIX16x8             text2        006A
_rand                                text38       0D59
_randx                               dataBANK0    0068
_right_most                          text11       0B2A
_set_matrix_bit                      text35       179C
_setbit                              text36       0F2D
_srand                               text1        1776
_temp_cur_matrix4x4                  bssBANK0     0062
_temp_matrix16x8                     bssBANK1     00C0
btemp                                (abs)        007E
clear@col                            cstackBANK0  0026
clear@matrix16x8                     cstackBANK0  0023
clear@matrix4x4                      cstackBANK0  0021
clear@row                            cstackBANK0  0025
clear@x                              cstackBANK0  0024
clear@y                              cstackBANK0  0020
clear_ram0                           clrtext      176E
debug_line@str                       cstackCOMMON 0073
debug_str@str                        cstackCOMMON 0073
delete_matrix@count                  cstackCOMMON 0077
delete_matrix@matrix                 cstackCOMMON 0078
delete_matrix@row                    cstackCOMMON 0079
delete_row@i                         cstackCOMMON 0075
delete_row@matrix                    cstackCOMMON 0074
delete_row@row                       cstackCOMMON 0070
eeprom_read@addr                     cstackCOMMON 0071
eeprom_read_int@at                   cstackCOMMON 0078
eeprom_read_int@value                cstackCOMMON 0076
eeprom_write@addr                    cstackCOMMON 0072
eeprom_write@value                   cstackCOMMON 0070
eeprom_write_int@at                  cstackCOMMON 0076
eeprom_write_int@temp                cstackCOMMON 0077
eeprom_write_int@value               cstackCOMMON 0073
end_of_initialization                cinit        07FC
fall_off@col                         cstackBANK0  0025
fall_off@matrix16x8                  cstackBANK0  0023
fall_off@matrix4x4                   cstackBANK0  0021
fall_off@row                         cstackBANK0  0026
fall_off@x                           cstackBANK0  0024
fall_off@y                           cstackBANK0  0020
find_best_solution@left_most_index   cstackBANK0  0044
find_best_solution@res               cstackBANK0  004A
find_best_solution@right_most_index  cstackBANK0  0045
find_best_solution@tem_pre_sub_index cstackBANK0  0047
find_best_solution@tem_sub_index     cstackBANK0  004E
find_best_solution@temp_high         cstackBANK0  004B
find_best_solution@temp_pre_risk     cstackBANK0  0042
find_best_solution@temp_pre_x        cstackBANK0  0046
find_best_solution@temp_risk         cstackBANK0  0048
find_best_solution@temp_x            cstackBANK0  004F
find_best_solution@temp_y            cstackBANK0  004D
get_heavy@col                        cstackBANK0  0028
get_heavy@matrix                     cstackBANK0  0026
get_heavy@pre                        cstackBANK0  0027
get_heavy@risk                       cstackBANK0  0023
get_heavy@row                        cstackBANK0  0029
get_heavy@start                      cstackBANK0  0025
get_high@matrix                      cstackCOMMON 0073
get_high@row                         cstackCOMMON 0074
get_high_after_merge@col             cstackBANK0  0023
get_high_after_merge@matrix          cstackCOMMON 007C
get_high_after_merge@row             cstackBANK0  0024
get_high_after_merge@y               cstackBANK0  0022
get_holes_after_merge@col            cstackBANK0  002A
get_holes_after_merge@matrix         cstackBANK0  0029
get_holes_after_merge@num_hole       cstackBANK0  0026
get_holes_after_merge@row            cstackBANK0  002B
get_holes_after_merge@start          cstackBANK0  0028
get_holes_after_merge@stop           cstackBANK0  0027
get_matrix_bit@byte                  cstackCOMMON 0077
get_matrix_bit@col                   cstackCOMMON 007A
get_matrix_bit@row                   cstackCOMMON 0079
get_num_of_orphan@col                cstackBANK0  0027
get_num_of_orphan@full               cstackBANK0  0025
get_num_of_orphan@matrix             cstackBANK0  0026
get_num_of_orphan@risk               cstackBANK0  0023
get_num_of_orphan@row                cstackBANK0  0028
get_num_removed_rows@count           cstackCOMMON 0074
get_num_removed_rows@matrix          cstackCOMMON 0075
get_num_removed_rows@row             cstackCOMMON 0076
getbit@at                            cstackCOMMON 0072
getbit@byte                          cstackCOMMON 0070
getbit@temp                          cstackCOMMON 0075
hit_land@col                         cstackBANK0  0025
hit_land@matrix16x8                  cstackBANK0  0023
hit_land@matrix4x4                   cstackBANK0  0021
hit_land@row                         cstackBANK0  0026
hit_land@x                           cstackBANK0  0024
hit_land@y                           cstackBANK0  0020
init_fetch0                          inittext     17DD
init_ram0                            inittext     17E1
intlevel0                            functab      0000
intlevel1                            functab      0000
intlevel2                            functab      0000
intlevel3                            functab      0000
intlevel4                            functab      0000
intlevel5                            functab      0000
is_left_boundary@col                 cstackBANK0  002A
is_left_boundary@matrix16x8          cstackBANK0  0022
is_left_boundary@matrix4x4           cstackBANK0  0020
is_left_boundary@row                 cstackBANK0  0029
is_left_boundary@x                   cstackBANK0  0028
is_right_boundary@col                cstackBANK0  0025
is_right_boundary@matrix16x8         cstackBANK0  0022
is_right_boundary@matrix4x4          cstackBANK0  0020
is_right_boundary@row                cstackBANK0  0024
is_right_boundary@x                  cstackBANK0  0023
is_row_empty@matrix                  cstackCOMMON 0071
is_row_empty@row                     cstackCOMMON 0070
is_row_full@matrix                   cstackCOMMON 0072
is_row_full@row                      cstackCOMMON 0070
is_valid@col                         cstackBANK0  0026
is_valid@matrix16x8                  cstackBANK0  0023
is_valid@matrix4x4                   cstackBANK0  0021
is_valid@row                         cstackBANK0  0025
is_valid@x                           cstackBANK0  0024
is_valid@y                           cstackBANK0  0020
left_most@matrix16x8                 cstackBANK0  002D
left_most@matrix4x4                  cstackBANK0  002B
left_most@x                          cstackCOMMON 007D
ltemp                                (abs)        007E
ltemp0                               (abs)        007E
ltemp1                               (abs)        0082
ltemp2                               (abs)        0086
ltemp3                               (abs)        0080
main@hit_res                         cstackBANK0  0058
memcpy@d                             cstackCOMMON 0075
memcpy@d1                            cstackCOMMON 0074
memcpy@n                             cstackCOMMON 0071
memcpy@s                             cstackCOMMON 0076
memcpy@s1                            cstackCOMMON 0070
memset@c                             cstackCOMMON 0070
memset@n                             cstackCOMMON 0072
memset@p                             cstackCOMMON 0076
memset@p1                            cstackCOMMON 0075
merge1@col                           cstackBANK0  0029
merge1@len                           cstackBANK0  0025
merge1@matrix16x8_in                 cstackBANK0  0023
merge1@matrix16x8_out                cstackBANK0  0024
merge1@matrix4x4                     cstackBANK0  0021
merge1@row                           cstackBANK0  0028
merge1@x                             cstackBANK0  0027
merge1@y                             cstackBANK0  0020
merge@col                            cstackBANK0  0026
merge@matrix16x8                     cstackBANK0  0023
merge@matrix4x4                      cstackBANK0  0021
merge@row                            cstackBANK0  0025
merge@x                              cstackBANK0  0024
merge@y                              cstackBANK0  0020
printf_MATRIX16x8@matrix16x8         cstackBANK0  0026
printf_MATRIX16x8@matrix7219         cstackBANK0  0027
printf_MATRIX7219@col                cstackBANK0  0021
printf_MATRIX7219@matrix             cstackBANK0  0020
printf_debug_MATRIX16x8@col          cstackBANK0  0024
printf_debug_MATRIX16x8@lable        cstackBANK0  0020
printf_debug_MATRIX16x8@matrix       cstackBANK0  0022
printf_debug_MATRIX16x8@row          cstackBANK0  0023
reset_vec                            reset_vec    0000
right_most@matrix16x8                cstackBANK0  0028
right_most@matrix4x4                 cstackBANK0  0026
right_most@x                         cstackBANK0  002A
set_matrix_bit@byte                  cstackCOMMON 007A
set_matrix_bit@col                   cstackCOMMON 0076
set_matrix_bit@row                   cstackCOMMON 0075
set_matrix_bit@value                 cstackCOMMON 0077
setbit@at                            cstackCOMMON 0070
setbit@byte                          cstackCOMMON 0073
setbit@temp                          cstackCOMMON 0074
setbit@value                         cstackCOMMON 0071
srand@x                              cstackCOMMON 0070
stackhi                              (abs)        0000
stacklo                              (abs)        0000
start                                init         0000
start_initialization                 cinit        07C9
ttemp                                (abs)        007E
ttemp0                               (abs)        007E
ttemp1                               (abs)        0081
ttemp2                               (abs)        0084
ttemp3                               (abs)        0087
ttemp4                               (abs)        007F
wtemp                                (abs)        007E
wtemp0                               (abs)        007E
wtemp1                               (abs)        0080
wtemp2                               (abs)        0082
wtemp3                               (abs)        0084
wtemp4                               (abs)        0086
wtemp5                               (abs)        0088
wtemp6                               (abs)        007F


FUNCTION INFORMATION:

 *************** function _main *****************
 Defined at:
		line 1515 in file "teris_16f886.c"
 Parameters:    Size  Location     Type
  argc            2   48[BANK0 ] int 
  argv            2   50[BANK0 ] PTR PTR unsigned char 
 Auto vars:     Size  Location     Type
  hit_res         1   56[BANK0 ] unsigned char 
 Return value:  Size  Location     Type
                  2   48[BANK0 ] int 
 Registers used:
		wreg, fsr0l, fsr0h, status,2, status,0, btemp+1, pclath, cstack
 Tracked objects:
		On entry : 
		On exit  : 
		Unchanged: 
 Data sizes:     COMMON   BANK0   BANK1   BANK3   BANK2
      Params:         0       4       0       0       0
      Locals:         0       1       0       0       0
      Temps:          0       4       0       0       0
      Totals:         0       9       0       0       0
Total ram usage:        9 bytes
 Hardware stack levels required when called:    7
 This function calls:
		_Clear_Matrix
		_USARTInit
		_char_info_index_rand
		_clear
		_delete_matrix
		_eeprom_read_int
		_eeprom_write_int
		_find_best_solution
		_hit_land
		_max7219_init1
		_merge
		_printf_Screen
		_printf_debug_MATRIX16x8
		_srand
 This function is called by:
		Startup code after reset
 This function uses a non-reentrant model


 *************** function _srand *****************
 Defined at:
		line 6 in file "C:\Program Files (x86)\Microchip\xc8\v1.37\sources\common\rand.c"
 Parameters:    Size  Location     Type
  x               2    0[COMMON] unsigned int 
 Auto vars:     Size  Location     Type
		None
 Return value:  Size  Location     Type
                  1    wreg      void 
 Registers used:
		wreg
 Tracked objects:
		On entry : 
		On exit  : 
		Unchanged: 
 Data sizes:     COMMON   BANK0   BANK1   BANK3   BANK2
      Params:         2       0       0       0       0
      Locals:         0       0       0       0       0
      Temps:          0       0       0       0       0
      Totals:         2       0       0       0       0
Total ram usage:        2 bytes
 Hardware stack levels used:    1
 This function calls:
		Nothing
 This function is called by:
		_main
 This function uses a non-reentrant model


 *************** function _printf_debug_MATRIX16x8 *****************
 Defined at:
		line 619 in file "teris_16f886.c"
 Parameters:    Size  Location     Type
  lable           2    0[BANK0 ] PTR const unsigned char 
		 -> STR_31(12), ROM(8192), 
  matrix          1    2[BANK0 ] PTR const struct .
		 -> g_matrix16x8(16), 
 Auto vars:     Size  Location     Type
  col             1    4[BANK0 ] unsigned char 
  row             1    3[BANK0 ] unsigned char 
 Return value:  Size  Location     Type
                  1    wreg      void 
 Registers used:
		wreg, fsr0l, fsr0h, status,2, status,0, btemp+1, pclath, cstack
 Tracked objects:
		On entry : 
		On exit  : 
		Unchanged: 
 Data sizes:     COMMON   BANK0   BANK1   BANK3   BANK2
      Params:         0       3       0       0       0
      Locals:         0       2       0       0       0
      Temps:          2       0       0       0       0
      Totals:         2       5       0       0       0
Total ram usage:        7 bytes
 Hardware stack levels used:    1
 Hardware stack levels required when called:    3
 This function calls:
		_debug_line
		_debug_str
		_get_matrix_bit
 This function is called by:
		_main
		_printf_debug_Screen
 This function uses a non-reentrant model


 *************** function _debug_str *****************
 Defined at:
		line 344 in file "teris_16f886.c"
 Parameters:    Size  Location     Type
  str             2    3[COMMON] PTR const unsigned char 
		 -> STR_31(12), STR_27(2), STR_26(2), STR_24(2), 
		 -> STR_23(2), STR_18(2), STR_17(2), STR_8(2), 
		 -> STR_7(2), ROM(8192), 
 Auto vars:     Size  Location     Type
		None
 Return value:  Size  Location     Type
                  1    wreg      void 
 Registers used:
		wreg, fsr0l, fsr0h, status,2, status,0, btemp+1, pclath, cstack
 Tracked objects:
		On entry : 
		On exit  : 
		Unchanged: 
 Data sizes:     COMMON   BANK0   BANK1   BANK3   BANK2
      Params:         2       0       0       0       0
      Locals:         0       0       0       0       0
      Temps:          0       0       0       0       0
      Totals:         2       0       0       0       0
Total ram usage:        2 bytes
 Hardware stack levels used:    1
 Hardware stack levels required when called:    2
 This function calls:
		_USARTWriteString
 This function is called by:
		_printf_debug_MATRIX16x8
		_printf_debug_MATRIX4x4
		_printf_debug_cur_MATRIX4x4
		_printf_debug_MATRIX7219
		_printf_debug_Screen
 This function uses a non-reentrant model


 *************** function _debug_line *****************
 Defined at:
		line 354 in file "teris_16f886.c"
 Parameters:    Size  Location     Type
  str             2    3[COMMON] PTR const unsigned char 
		 -> STR_30(2), STR_29(21), STR_28(1), STR_25(1), 
		 -> STR_22(21), STR_21(2), STR_20(21), STR_19(1), 
		 -> STR_16(31), STR_15(2), STR_12(21), STR_11(2), 
		 -> STR_10(21), STR_9(1), STR_6(30), STR_5(2), 
 Auto vars:     Size  Location     Type
		None
 Return value:  Size  Location     Type
                  1    wreg      void 
 Registers used:
		wreg, fsr0l, fsr0h, status,2, status,0, btemp+1, pclath, cstack
 Tracked objects:
		On entry : 
		On exit  : 
		Unchanged: 
 Data sizes:     COMMON   BANK0   BANK1   BANK3   BANK2
      Params:         2       0       0       0       0
      Locals:         0       0       0       0       0
      Temps:          0       0       0       0       0
      Totals:         2       0       0       0       0
Total ram usage:        2 bytes
 Hardware stack levels used:    1
 Hardware stack levels required when called:    2
 This function calls:
		_USARTWriteString
 This function is called by:
		_printf_debug_MATRIX16x8
		_printf_debug_MATRIX4x4
		_printf_debug_cur_MATRIX4x4
		_printf_debug_all_MATRIX4x4
		_printf_debug_MATRIX7219
		_printf_debug_Screen
 This function uses a non-reentrant model


 *************** function _USARTWriteString *****************
 Defined at:
		line 76 in file "usart_pic16.c"
 Parameters:    Size  Location     Type
  str             2    1[COMMON] PTR const unsigned char 
		 -> STR_31(12), STR_30(2), STR_29(21), STR_28(1), 
		 -> STR_27(2), STR_26(2), STR_25(1), STR_24(2), 
		 -> STR_23(2), STR_22(21), STR_21(2), STR_20(21), 
		 -> STR_19(1), STR_18(2), STR_17(2), STR_16(31), 
		 -> STR_15(2), STR_12(21), STR_11(2), STR_10(21), 
		 -> STR_9(1), STR_8(2), STR_7(2), STR_6(30), 
		 -> STR_5(2), ROM(8192), STR_4(3), STR_3(3), 
		 -> STR_2(3), g_debug(64), STR_1(3), 
 Auto vars:     Size  Location     Type
		None
 Return value:  Size  Location     Type
                  1    wreg      void 
 Registers used:
		wreg, fsr0l, fsr0h, status,2, status,0, btemp+1, pclath, cstack
 Tracked objects:
		On entry : 
		On exit  : 
		Unchanged: 
 Data sizes:     COMMON   BANK0   BANK1   BANK3   BANK2
      Params:         2       0       0       0       0
      Locals:         0       0       0       0       0
      Temps:          0       0       0       0       0
      Totals:         2       0       0       0       0
Total ram usage:        2 bytes
 Hardware stack levels used:    1
 Hardware stack levels required when called:    1
 This function calls:
		_USARTWriteChar
 This function is called by:
		_debug_str
		_debug_line
		_USARTWriteLine
		_debug_int1
		_debug_int2
		_debug_int3
 This function uses a non-reentrant model


 *************** function _USARTWriteChar *****************
 Defined at:
		line 70 in file "usart_pic16.c"
 Parameters:    Size  Location     Type
  ch              1    wreg     unsigned char 
 Auto vars:     Size  Location     Type
  ch              1    0[COMMON] unsigned char 
 Return value:  Size  Location     Type
                  1    wreg      void 
 Registers used:
		wreg
 Tracked objects:
		On entry : 
		On exit  : 
		Unchanged: 
 Data sizes:     COMMON   BANK0   BANK1   BANK3   BANK2
      Params:         0       0       0       0       0
      Locals:         1       0       0       0       0
      Temps:          0       0       0       0       0
      Totals:         1       0       0       0       0
Total ram usage:        1 bytes
 Hardware stack levels used:    1
 This function calls:
		Nothing
 This function is called by:
		_USARTWriteString
		_USARTWriteLine
		_USARTWriteInt
		_USARTGotoNewLine
 This function uses a non-reentrant model


 *************** function _merge *****************
 Defined at:
		line 1009 in file "teris_16f886.c"
 Parameters:    Size  Location     Type
  x               1    wreg     char 
  y               1    0[BANK0 ] char 
  matrix4x4       2    1[BANK0 ] PTR const struct .
		 -> NULL(0), g_matrix4x4(96), 
  matrix16x8      1    3[BANK0 ] PTR struct .
		 -> g_matrix16x8(16), 
 Auto vars:     Size  Location     Type
  x               1    4[BANK0 ] char 
  col             1    6[BANK0 ] unsigned char 
  row             1    5[BANK0 ] unsigned char 
 Return value:  Size  Location     Type
                  1    wreg      void 
 Registers used:
		wreg, fsr0l, fsr0h, status,2, status,0, btemp+1, pclath, cstack
 Tracked objects:
		On entry : 
		On exit  : 
		Unchanged: 
 Data sizes:     COMMON   BANK0   BANK1   BANK3   BANK2
      Params:         0       4       0       0       0
      Locals:         0       3       0       0       0
      Temps:          2       0       0       0       0
      Totals:         2       7       0       0       0
Total ram usage:        9 bytes
 Hardware stack levels used:    1
 Hardware stack levels required when called:    3
 This function calls:
		_get_matrix_bit
		_set_matrix_bit
 This function is called by:
		_main
 This function uses a non-reentrant model


 *************** function _max7219_init1 *****************
 Defined at:
		line 579 in file "teris_16f886.c"
 Parameters:    Size  Location     Type
		None
 Auto vars:     Size  Location     Type
		None
 Return value:  Size  Location     Type
                  1    wreg      void 
 Registers used:
		wreg, status,2, status,0, pclath, cstack
 Tracked objects:
		On entry : 
		On exit  : 
		Unchanged: 
 Data sizes:     COMMON   BANK0   BANK1   BANK3   BANK2
      Params:         0       0       0       0       0
      Locals:         0       0       0       0       0
      Temps:          3       0       0       0       0
      Totals:         3       0       0       0       0
Total ram usage:        3 bytes
 Hardware stack levels used:    1
 Hardware stack levels required when called:    2
 This function calls:
		_Write_Word
 This function is called by:
		_main
 This function uses a non-reentrant model


 *************** function _hit_land *****************
 Defined at:
		line 841 in file "teris_16f886.c"
 Parameters:    Size  Location     Type
  x               1    wreg     char 
  y               1    0[BANK0 ] char 
  matrix4x4       2    1[BANK0 ] PTR const struct .
		 -> NULL(0), g_matrix4x4(96), 
  matrix16x8      1    3[BANK0 ] PTR const struct .
		 -> g_matrix16x8(16), 
 Auto vars:     Size  Location     Type
  x               1    4[BANK0 ] char 
  col             1    5[BANK0 ] char 
  row             1    6[BANK0 ] char 
 Return value:  Size  Location     Type
                  1    wreg      unsigned char 
 Registers used:
		wreg, fsr0l, fsr0h, status,2, status,0, btemp+1, pclath, cstack
 Tracked objects:
		On entry : 
		On exit  : 
		Unchanged: 
 Data sizes:     COMMON   BANK0   BANK1   BANK3   BANK2
      Params:         0       4       0       0       0
      Locals:         0       3       0       0       0
      Temps:          2       0       0       0       0
      Totals:         2       7       0       0       0
Total ram usage:        9 bytes
 Hardware stack levels used:    1
 Hardware stack levels required when called:    3
 This function calls:
		_get_matrix_bit
 This function is called by:
		_main
 This function uses a non-reentrant model


 *************** function _find_best_solution *****************
 Defined at:
		line 1278 in file "teris_16f886.c"
 Parameters:    Size  Location     Type
		None
 Auto vars:     Size  Location     Type
  temp_x          1   47[BANK0 ] char 
  tem_sub_inde    1   46[BANK0 ] unsigned char 
  temp_high       2   43[BANK0 ] unsigned int 
  temp_risk       2   40[BANK0 ] int 
  temp_pre_ris    2   34[BANK0 ] int 
  temp_y          1   45[BANK0 ] char 
  res             1   42[BANK0 ] unsigned char 
  tem_pre_sub_    1   39[BANK0 ] char 
  temp_pre_x      1   38[BANK0 ] char 
  right_most_i    1   37[BANK0 ] char 
  left_most_in    1   36[BANK0 ] char 
 Return value:  Size  Location     Type
                  1    wreg      unsigned char 
 Registers used:
		wreg, fsr0l, fsr0h, status,2, status,0, btemp+1, pclath, cstack
 Tracked objects:
		On entry : 
		On exit  : 
		Unchanged: 
 Data sizes:     COMMON   BANK0   BANK1   BANK3   BANK2
      Params:         0       0       0       0       0
      Locals:         0      14       0       0       0
      Temps:          0      18       0       0       0
      Totals:         0      32       0       0       0
Total ram usage:       32 bytes
 Hardware stack levels used:    1
 Hardware stack levels required when called:    5
 This function calls:
		___wmul
		_fall_off
		_get_heavy
		_get_high
		_get_high_after_merge
		_get_holes_after_merge
		_get_num_of_orphan
		_get_num_removed_rows
		_is_valid
		_left_most
		_merge1
		_right_most
 This function is called by:
		_main
 This function uses a non-reentrant model


 *************** function _right_most *****************
 Defined at:
		line 1149 in file "teris_16f886.c"
 Parameters:    Size  Location     Type
  x               1    wreg     char 
  matrix4x4       2    6[BANK0 ] PTR const struct .
		 -> NULL(0), g_matrix4x4(96), 
  matrix16x8      1    8[BANK0 ] PTR const struct .
		 -> g_matrix16x8(16), 
 Auto vars:     Size  Location     Type
  x               1   10[BANK0 ] char 
 Return value:  Size  Location     Type
                  1    wreg      char 
 Registers used:
		wreg, fsr0l, fsr0h, status,2, status,0, btemp+1, pclath, cstack
 Tracked objects:
		On entry : 
		On exit  : 
		Unchanged: 
 Data sizes:     COMMON   BANK0   BANK1   BANK3   BANK2
      Params:         0       3       0       0       0
      Locals:         0       1       0       0       0
      Temps:          0       1       0       0       0
      Totals:         0       5       0       0       0
Total ram usage:        5 bytes
 Hardware stack levels used:    1
 Hardware stack levels required when called:    4
 This function calls:
		_is_right_boundary
 This function is called by:
		_find_best_solution
 This function uses a non-reentrant model


 *************** function _is_right_boundary *****************
 Defined at:
		line 940 in file "teris_16f886.c"
 Parameters:    Size  Location     Type
  x               1    wreg     char 
  matrix4x4       2    0[BANK0 ] PTR const struct .
		 -> NULL(0), g_matrix4x4(96), 
  matrix16x8      1    2[BANK0 ] PTR const struct .
		 -> g_matrix16x8(16), 
 Auto vars:     Size  Location     Type
  x               1    3[BANK0 ] char 
  col             1    5[BANK0 ] char 
  row             1    4[BANK0 ] char 
 Return value:  Size  Location     Type
                  1    wreg      unsigned char 
 Registers used:
		wreg, fsr0l, fsr0h, status,2, status,0, btemp+1, pclath, cstack
 Tracked objects:
		On entry : 
		On exit  : 
		Unchanged: 
 Data sizes:     COMMON   BANK0   BANK1   BANK3   BANK2
      Params:         0       3       0       0       0
      Locals:         0       3       0       0       0
      Temps:          2       0       0       0       0
      Totals:         2       6       0       0       0
Total ram usage:        8 bytes
 Hardware stack levels used:    1
 Hardware stack levels required when called:    3
 This function calls:
		_get_matrix_bit
 This function is called by:
		_right_most
 This function uses a non-reentrant model


 *************** function _merge1 *****************
 Defined at:
		line 1030 in file "teris_16f886.c"
 Parameters:    Size  Location     Type
  x               1    wreg     char 
  y               1    0[BANK0 ] char 
  matrix4x4       2    1[BANK0 ] PTR const struct .
		 -> NULL(0), g_matrix4x4(96), 
  matrix16x8_i    1    3[BANK0 ] PTR const struct .
		 -> g_matrix16x8(16), 
  matrix16x8_o    1    4[BANK0 ] PTR struct .
		 -> temp_matrix16x8(16), 
 Auto vars:     Size  Location     Type
  x               1    7[BANK0 ] char 
  col             1    9[BANK0 ] unsigned char 
  row             1    8[BANK0 ] unsigned char 
  len             2    5[BANK0 ] unsigned int 
 Return value:  Size  Location     Type
                  1    wreg      void 
 Registers used:
		wreg, fsr0l, fsr0h, status,2, status,0, btemp+1, pclath, cstack
 Tracked objects:
		On entry : 
		On exit  : 
		Unchanged: 
 Data sizes:     COMMON   BANK0   BANK1   BANK3   BANK2
      Params:         0       5       0       0       0
      Locals:         0       5       0       0       0
      Temps:          2       0       0       0       0
      Totals:         2      10       0       0       0
Total ram usage:       12 bytes
 Hardware stack levels used:    1
 Hardware stack levels required when called:    3
 This function calls:
		_get_matrix_bit
		_memcpy
		_set_matrix_bit
 This function is called by:
		_find_best_solution
 This function uses a non-reentrant model


 *************** function _memcpy *****************
 Defined at:
		line 11 in file "C:\Program Files (x86)\Microchip\xc8\v1.37\sources\common\memcpy.c"
 Parameters:    Size  Location     Type
  d1              1    wreg     PTR void 
		 -> temp_matrix16x8(16), 
  s1              1    0[COMMON] PTR const void 
		 -> g_matrix16x8(16), 
  n               2    1[COMMON] unsigned int 
 Auto vars:     Size  Location     Type
  d1              1    4[COMMON] PTR void 
		 -> temp_matrix16x8(16), 
  s               1    6[COMMON] PTR const unsigned char 
		 -> g_matrix16x8(16), 
  d               1    5[COMMON] PTR unsigned char 
		 -> temp_matrix16x8(16), 
 Return value:  Size  Location     Type
                  1    wreg      PTR void 
 Registers used:
		wreg, fsr0l, fsr0h, status,2, status,0
 Tracked objects:
		On entry : 
		On exit  : 
		Unchanged: 
 Data sizes:     COMMON   BANK0   BANK1   BANK3   BANK2
      Params:         3       0       0       0       0
      Locals:         3       0       0       0       0
      Temps:          1       0       0       0       0
      Totals:         7       0       0       0       0
Total ram usage:        7 bytes
 Hardware stack levels used:    1
 This function calls:
		Nothing
 This function is called by:
		_merge1
 This function uses a non-reentrant model


 *************** function _left_most *****************
 Defined at:
		line 1131 in file "teris_16f886.c"
 Parameters:    Size  Location     Type
  x               1    wreg     char 
  matrix4x4       2   11[BANK0 ] PTR const struct .
		 -> NULL(0), g_matrix4x4(96), 
  matrix16x8      1   13[BANK0 ] PTR const struct .
		 -> g_matrix16x8(16), 
 Auto vars:     Size  Location     Type
  x               1   13[COMMON] char 
 Return value:  Size  Location     Type
                  1    wreg      char 
 Registers used:
		wreg, fsr0l, fsr0h, status,2, status,0, btemp+1, pclath, cstack
 Tracked objects:
		On entry : 
		On exit  : 
		Unchanged: 
 Data sizes:     COMMON   BANK0   BANK1   BANK3   BANK2
      Params:         0       3       0       0       0
      Locals:         1       0       0       0       0
      Temps:          1       0       0       0       0
      Totals:         2       3       0       0       0
Total ram usage:        5 bytes
 Hardware stack levels used:    1
 Hardware stack levels required when called:    4
 This function calls:
		_is_left_boundary
 This function is called by:
		_find_best_solution
 This function uses a non-reentrant model


 *************** function _is_left_boundary *****************
 Defined at:
		line 920 in file "teris_16f886.c"
 Parameters:    Size  Location     Type
  x               1    wreg     char 
  matrix4x4       2    0[BANK0 ] PTR const struct .
		 -> NULL(0), g_matrix4x4(96), 
  matrix16x8      1    2[BANK0 ] PTR const struct .
		 -> g_matrix16x8(16), 
 Auto vars:     Size  Location     Type
  x               1    8[BANK0 ] char 
  col             1   10[BANK0 ] char 
  row             1    9[BANK0 ] char 
 Return value:  Size  Location     Type
                  1    wreg      unsigned char 
 Registers used:
		wreg, fsr0l, fsr0h, status,2, status,0, btemp+1, pclath, cstack
 Tracked objects:
		On entry : 
		On exit  : 
		Unchanged: 
 Data sizes:     COMMON   BANK0   BANK1   BANK3   BANK2
      Params:         0       3       0       0       0
      Locals:         0       3       0       0       0
      Temps:          0       5       0       0       0
      Totals:         0      11       0       0       0
Total ram usage:       11 bytes
 Hardware stack levels used:    1
 Hardware stack levels required when called:    3
 This function calls:
		_get_matrix_bit
 This function is called by:
		_left_most
 This function uses a non-reentrant model


 *************** function _is_valid *****************
 Defined at:
		line 876 in file "teris_16f886.c"
 Parameters:    Size  Location     Type
  x               1    wreg     char 
  y               1    0[BANK0 ] char 
  matrix4x4       2    1[BANK0 ] PTR const struct .
		 -> NULL(0), g_matrix4x4(96), 
  matrix16x8      1    3[BANK0 ] PTR const struct .
		 -> g_matrix16x8(16), 
 Auto vars:     Size  Location     Type
  x               1    4[BANK0 ] char 
  col             1    6[BANK0 ] char 
  row             1    5[BANK0 ] char 
 Return value:  Size  Location     Type
                  1    wreg      unsigned char 
 Registers used:
		wreg, fsr0l, fsr0h, status,2, status,0, btemp+1, pclath, cstack
 Tracked objects:
		On entry : 
		On exit  : 
		Unchanged: 
 Data sizes:     COMMON   BANK0   BANK1   BANK3   BANK2
      Params:         0       4       0       0       0
      Locals:         0       3       0       0       0
      Temps:          2       0       0       0       0
      Totals:         2       7       0       0       0
Total ram usage:        9 bytes
 Hardware stack levels used:    1
 Hardware stack levels required when called:    3
 This function calls:
		_get_matrix_bit
 This function is called by:
		_find_best_solution
 This function uses a non-reentrant model


 *************** function _get_num_removed_rows *****************
 Defined at:
		line 817 in file "teris_16f886.c"
 Parameters:    Size  Location     Type
  matrix          1    wreg     PTR struct .
		 -> temp_matrix16x8(16), 
 Auto vars:     Size  Location     Type
  matrix          1    5[COMMON] PTR struct .
		 -> temp_matrix16x8(16), 
  row             1    6[COMMON] char 
  count           1    4[COMMON] unsigned char 
 Return value:  Size  Location     Type
                  1    wreg      unsigned char 
 Registers used:
		wreg, fsr0l, fsr0h, status,2, status,0, pclath, cstack
 Tracked objects:
		On entry : 
		On exit  : 
		Unchanged: 
 Data sizes:     COMMON   BANK0   BANK1   BANK3   BANK2
      Params:         0       0       0       0       0
      Locals:         3       0       0       0       0
      Temps:          1       0       0       0       0
      Totals:         4       0       0       0       0
Total ram usage:        4 bytes
 Hardware stack levels used:    1
 Hardware stack levels required when called:    1
 This function calls:
		_is_row_full
 This function is called by:
		_find_best_solution
 This function uses a non-reentrant model


 *************** function _get_num_of_orphan *****************
 Defined at:
		line 1052 in file "teris_16f886.c"
 Parameters:    Size  Location     Type
  matrix          1    wreg     PTR const struct .
		 -> temp_matrix16x8(16), 
 Auto vars:     Size  Location     Type
  matrix          1    6[BANK0 ] PTR const struct .
		 -> temp_matrix16x8(16), 
  row             1    8[BANK0 ] char 
  col             1    7[BANK0 ] unsigned char 
  risk            2    3[BANK0 ] unsigned int 
  full            1    5[BANK0 ] unsigned char 
 Return value:  Size  Location     Type
                  2   12[COMMON] unsigned int 
 Registers used:
		wreg, fsr0l, fsr0h, status,2, status,0, btemp+1, pclath, cstack
 Tracked objects:
		On entry : 
		On exit  : 
		Unchanged: 
 Data sizes:     COMMON   BANK0   BANK1   BANK3   BANK2
      Params:         2       0       0       0       0
      Locals:         0       6       0       0       0
      Temps:          0       3       0       0       0
[...]
 Defined at:
		line 12 in file "C:\Program Files (x86)\Microchip\xc8\v1.37\sources\common\rand.c"
 Parameters:    Size  Location     Type
		None
 Auto vars:     Size  Location     Type
		None
 Return value:  Size  Location     Type
                  2    0[BANK0 ] int 
 Registers used:
		wreg, status,2, status,0, pclath, cstack
 Tracked objects:
		On entry : 
		On exit  : 
		Unchanged: 
 Data sizes:     COMMON   BANK0   BANK1   BANK3   BANK2
      Params:         0       2       0       0       0
      Locals:         0       0       0       0       0
      Temps:          0       5       0       0       0
      Totals:         0       7       0       0       0
Total ram usage:        7 bytes
 Hardware stack levels used:    1
 Hardware stack levels required when called:    1
 This function calls:
		___lmul
 This function is called by:
		_char_info_index_rand
 This function uses a non-reentrant model


 *************** function ___lmul *****************
 Defined at:
		line 15 in file "C:\Program Files (x86)\Microchip\xc8\v1.37\sources\common\Umul32.c"
 Parameters:    Size  Location     Type
  multiplier      4    0[COMMON] unsigned long 
  multiplicand    4    4[COMMON] unsigned long 
 Auto vars:     Size  Location     Type
  product         4    9[COMMON] unsigned long 
 Return value:  Size  Location     Type
                  4    0[COMMON] unsigned long 
 Registers used:
		wreg, status,2, status,0
 Tracked objects:
		On entry : 
		On exit  : 
		Unchanged: 
 Data sizes:     COMMON   BANK0   BANK1   BANK3   BANK2
      Params:         8       0       0       0       0
      Locals:         4       0       0       0       0
      Temps:          1       0       0       0       0
      Totals:        13       0       0       0       0
Total ram usage:       13 bytes
 Hardware stack levels used:    1
 This function calls:
		Nothing
 This function is called by:
		_rand
 This function uses a non-reentrant model


 *************** function ___awmod *****************
 Defined at:
		line 6 in file "C:\Program Files (x86)\Microchip\xc8\v1.37\sources\common\awmod.c"
 Parameters:    Size  Location     Type
  divisor         2    7[BANK0 ] int 
  dividend        2    9[BANK0 ] int 
 Auto vars:     Size  Location     Type
  sign            1   12[BANK0 ] unsigned char 
  counter         1   11[BANK0 ] unsigned char 
 Return value:  Size  Location     Type
                  2    7[BANK0 ] int 
 Registers used:
		wreg, status,2, status,0
 Tracked objects:
		On entry : 
		On exit  : 
		Unchanged: 
 Data sizes:     COMMON   BANK0   BANK1   BANK3   BANK2
      Params:         0       4       0       0       0
      Locals:         0       2       0       0       0
      Temps:          1       0       0       0       0
      Totals:         1       6       0       0       0
Total ram usage:        7 bytes
 Hardware stack levels used:    1
 This function calls:
		Nothing
 This function is called by:
		_char_info_index_rand
		_USARTWriteInt
 This function uses a non-reentrant model


 *************** function _USARTInit *****************
 Defined at:
		line 31 in file "usart_pic16.c"
 Parameters:    Size  Location     Type
  baud_rate       2    0[COMMON] unsigned int 
 Auto vars:     Size  Location     Type
		None
 Return value:  Size  Location     Type
                  1    wreg      void 
 Registers used:
		wreg, fsr0l, fsr0h, status,2, status,0
 Tracked objects:
		On entry : 
		On exit  : 
		Unchanged: 
 Data sizes:     COMMON   BANK0   BANK1   BANK3   BANK2
      Params:         2       0       0       0       0
      Locals:         0       0       0       0       0
      Temps:          1       0       0       0       0
      Totals:         3       0       0       0       0
Total ram usage:        3 bytes
 Hardware stack levels used:    1
 This function calls:
		Nothing
 This function is called by:
		_main
 This function uses a non-reentrant model


 *************** function _Clear_Matrix *****************
 Defined at:
		line 748 in file "teris_16f886.c"
 Parameters:    Size  Location     Type
		None
 Auto vars:     Size  Location     Type
		None
 Return value:  Size  Location     Type
                  1    wreg      void 
 Registers used:
		wreg, fsr0l, fsr0h, status,2, status,0, btemp+1, pclath, cstack
 Tracked objects:
		On entry : 
		On exit  : 
		Unchanged: 
 Data sizes:     COMMON   BANK0   BANK1   BANK3   BANK2
      Params:         0       0       0       0       0
      Locals:         0       0       0       0       0
      Temps:          0       0       0       0       0
      Totals:         0       0       0       0       0
Total ram usage:        0 bytes
 Hardware stack levels used:    1
 Hardware stack levels required when called:    6
 This function calls:
		_memset
		_printf_Screen
 This function is called by:
		_main
 This function uses a non-reentrant model


 *************** function _printf_Screen *****************
 Defined at:
		line 732 in file "teris_16f886.c"
 Parameters:    Size  Location     Type
		None
 Auto vars:     Size  Location     Type
		None
 Return value:  Size  Location     Type
                  1    wreg      void 
 Registers used:
		wreg, fsr0l, fsr0h, status,2, status,0, btemp+1, pclath, cstack
 Tracked objects:
		On entry : 
		On exit  : 
		Unchanged: 
 Data sizes:     COMMON   BANK0   BANK1   BANK3   BANK2
      Params:         0       0       0       0       0
      Locals:         0       0       0       0       0
      Temps:          0       0       0       0       0
      Totals:         0       0       0       0       0
Total ram usage:        0 bytes
 Hardware stack levels used:    1
 Hardware stack levels required when called:    5
 This function calls:
		_printf_MATRIX16x8
 This function is called by:
		_Clear_Matrix
		_main
 This function uses a non-reentrant model


 *************** function _printf_MATRIX16x8 *****************
 Defined at:
		line 705 in file "teris_16f886.c"
 Parameters:    Size  Location     Type
  matrix16x8      1    wreg     PTR const struct .
		 -> g_matrix16x8(16), 
 Auto vars:     Size  Location     Type
  matrix16x8      1    6[BANK0 ] PTR const struct .
		 -> g_matrix16x8(16), 
  matrix7219     16    7[BANK0 ] struct .
 Return value:  Size  Location     Type
                  1    wreg      void 
 Registers used:
		wreg, fsr0l, fsr0h, status,2, status,0, btemp+1, pclath, cstack
 Tracked objects:
		On entry : 
		On exit  : 
		Unchanged: 
 Data sizes:     COMMON   BANK0   BANK1   BANK3   BANK2
      Params:         0       0       0       0       0
      Locals:         0      17       0       0       0
      Temps:          1       0       0       0       0
      Totals:         1      17       0       0       0
Total ram usage:       18 bytes
 Hardware stack levels used:    1
 Hardware stack levels required when called:    4
 This function calls:
		_MATRIX16x8_to_MATRIX7219
		_printf_MATRIX7219
 This function is called by:
		_printf_Screen
 This function uses a non-reentrant model


 *************** function _printf_MATRIX7219 *****************
 Defined at:
		line 695 in file "teris_16f886.c"
 Parameters:    Size  Location     Type
  matrix          1    wreg     PTR const struct .
		 -> printf_MATRIX16x8@matrix7219(16), 
 Auto vars:     Size  Location     Type
  matrix          1    0[BANK0 ] PTR const struct .
		 -> printf_MATRIX16x8@matrix7219(16), 
  col             1    1[BANK0 ] unsigned char 
 Return value:  Size  Location     Type
                  1    wreg      void 
 Registers used:
		wreg, fsr0l, fsr0h, status,2, status,0, pclath, cstack
 Tracked objects:
		On entry : 
		On exit  : 
		Unchanged: 
 Data sizes:     COMMON   BANK0   BANK1   BANK3   BANK2
      Params:         0       0       0       0       0
      Locals:         0       2       0       0       0
      Temps:          5       0       0       0       0
      Totals:         5       2       0       0       0
Total ram usage:        7 bytes
 Hardware stack levels used:    1
 Hardware stack levels required when called:    2
 This function calls:
		_Write_Word
 This function is called by:
		_printf_MATRIX16x8
 This function uses a non-reentrant model


 *************** function _Write_Word *****************
 Defined at:
		line 569 in file "teris_16f886.c"
 Parameters:    Size  Location     Type
  myColumn1       1    wreg     unsigned char 
  myValue1        1    4[COMMON] unsigned char 
  myColumn2       1    5[COMMON] unsigned char 
  myValue2        1    6[COMMON] unsigned char 
 Auto vars:     Size  Location     Type
  myColumn1       1    7[COMMON] unsigned char 
 Return value:  Size  Location     Type
                  1    wreg      void 
 Registers used:
		wreg, status,2, status,0, pclath, cstack
 Tracked objects:
		On entry : 
		On exit  : 
		Unchanged: 
 Data sizes:     COMMON   BANK0   BANK1   BANK3   BANK2
      Params:         3       0       0       0       0
      Locals:         1       0       0       0       0
      Temps:          0       0       0       0       0
      Totals:         4       0       0       0       0
Total ram usage:        4 bytes
 Hardware stack levels used:    1
 Hardware stack levels required when called:    1
 This function calls:
		_SPI1_write
 This function is called by:
		_max7219_init1
		_printf_MATRIX7219
 This function uses a non-reentrant model


 *************** function _SPI1_write *****************
 Defined at:
		line 544 in file "teris_16f886.c"
 Parameters:    Size  Location     Type
  data            1    wreg     unsigned char 
 Auto vars:     Size  Location     Type
  data            1    1[COMMON] unsigned char 
  i               1    3[COMMON] unsigned char 
  mask            1    2[COMMON] unsigned char 
 Return value:  Size  Location     Type
                  1    wreg      void 
 Registers used:
		wreg, status,2, status,0
 Tracked objects:
		On entry : 
		On exit  : 
		Unchanged: 
 Data sizes:     COMMON   BANK0   BANK1   BANK3   BANK2
      Params:         0       0       0       0       0
      Locals:         3       0       0       0       0
      Temps:          1       0       0       0       0
      Totals:         4       0       0       0       0
Total ram usage:        4 bytes
 Hardware stack levels used:    1
 This function calls:
		Nothing
 This function is called by:
		_Write_Word
 This function uses a non-reentrant model


 *************** function _MATRIX16x8_to_MATRIX7219 *****************
 Defined at:
		line 589 in file "teris_16f886.c"
 Parameters:    Size  Location     Type
  matrix16x8      1    wreg     PTR const struct .
		 -> g_matrix16x8(16), 
  matrix7219      1   12[COMMON] PTR struct .
		 -> printf_MATRIX16x8@matrix7219(16), 
 Auto vars:     Size  Location     Type
  matrix16x8      1    2[BANK0 ] PTR const struct .
		 -> g_matrix16x8(16), 
  col             1    5[BANK0 ] unsigned char 
  row             1    4[BANK0 ] unsigned char 
  mask            1    3[BANK0 ] unsigned char 
 Return value:  Size  Location     Type
                  1    wreg      void 
 Registers used:
		wreg, fsr0l, fsr0h, status,2, status,0, btemp+1, pclath, cstack
 Tracked objects:
		On entry : 
		On exit  : 
		Unchanged: 
 Data sizes:     COMMON   BANK0   BANK1   BANK3   BANK2
      Params:         1       0       0       0       0
      Locals:         0       4       0       0       0
      Temps:          0       2       0       0       0
      Totals:         1       6       0       0       0
Total ram usage:        7 bytes
 Hardware stack levels used:    1
 Hardware stack levels required when called:    3
 This function calls:
		_get_matrix_bit
 This function is called by:
		_printf_MATRIX16x8
 This function uses a non-reentrant model


 *************** function _get_matrix_bit *****************
 Defined at:
		line 473 in file "teris_16f886.c"
 Parameters:    Size  Location     Type
  byte            2    7[COMMON] PTR const unsigned char 
		 -> temp_matrix16x8.row(16), NULL(0), temp_matrix16x8(16), g_matrix4x4.row(4), 
		 -> g_matrix4x4(96), g_matrix16x8(16), 
  row             1    9[COMMON] unsigned char 
  col             1   10[COMMON] unsigned char 
 Auto vars:     Size  Location     Type
		None
 Return value:  Size  Location     Type
                  1    wreg      unsigned char 
 Registers used:
		wreg, fsr0l, fsr0h, status,2, status,0, btemp+1, pclath, cstack
 Tracked objects:
		On entry : 
		On exit  : 
		Unchanged: 
 Data sizes:     COMMON   BANK0   BANK1   BANK3   BANK2
      Params:         4       0       0       0       0
      Locals:         0       0       0       0       0
      Temps:          1       0       0       0       0
      Totals:         5       0       0       0       0
Total ram usage:        5 bytes
 Hardware stack levels used:    1
 Hardware stack levels required when called:    2
 This function calls:
		_getbit
 This function is called by:
		_MATRIX16x8_to_MATRIX7219
		_printf_debug_MATRIX16x8
		_hit_land
		_is_valid
		_is_left_boundary
		_is_right_boundary
		_fall_off
		_clear
		_merge
		_merge1
		_get_num_of_orphan
		_get_heavy
		_get_high_after_merge
		_get_holes_after_merge
		_printf_debug_MATRIX4x4
 This function uses a non-reentrant model


 *************** function _getbit *****************
 Defined at:
		line 438 in file "teris_16f886.c"
 Parameters:    Size  Location     Type
  byte            2    0[COMMON] PTR const unsigned char 
		 -> temp_matrix16x8.row(16), NULL(0), temp_matrix16x8(16), g_matrix4x4.row(4), 
		 -> g_matrix4x4(96), g_matrix16x8(16), 
  at              1    2[COMMON] unsigned char 
 Auto vars:     Size  Location     Type
  temp            2    5[COMMON] PTR struct .
		 -> temp_matrix16x8.row(16), NULL(0), temp_matrix16x8(16), g_matrix4x4.row(4), 
		 -> g_matrix4x4(96), g_matrix16x8(16), 
 Return value:  Size  Location     Type
                  1    wreg      unsigned char 
 Registers used:
		wreg, fsr0l, fsr0h, status,2, status,0, btemp+1, pclath
 Tracked objects:
		On entry : 
		On exit  : 
		Unchanged: 
 Data sizes:     COMMON   BANK0   BANK1   BANK3   BANK2
      Params:         3       0       0       0       0
      Locals:         2       0       0       0       0
      Temps:          2       0       0       0       0
      Totals:         7       0       0       0       0
Total ram usage:        7 bytes
 Hardware stack levels used:    2
 This function calls:
		Nothing
 This function is called by:
		_get_matrix_bit
 This function uses a non-reentrant model


 *************** function _memset *****************
 Defined at:
		line 8 in file "C:\Program Files (x86)\Microchip\xc8\v1.37\sources\common\memset.c"
 Parameters:    Size  Location     Type
  p1              1    wreg     PTR void 
		 -> g_matrix16x8(16), 
  c               2    0[COMMON] int 
  n               2    2[COMMON] unsigned int 
 Auto vars:     Size  Location     Type
  p1              1    5[COMMON] PTR void 
		 -> g_matrix16x8(16), 
  p               1    6[COMMON] PTR unsigned char 
		 -> g_matrix16x8(16), 
 Return value:  Size  Location     Type
                  1    wreg      PTR void 
 Registers used:
		wreg, fsr0l, fsr0h, status,2, status,0
 Tracked objects:
		On entry : 
		On exit  : 
		Unchanged: 
 Data sizes:     COMMON   BANK0   BANK1   BANK3   BANK2
      Params:         4       0       0       0       0
      Locals:         2       0       0       0       0
      Temps:          1       0       0       0       0
      Totals:         7       0       0       0       0
Total ram usage:        7 bytes
 Hardware stack levels used:    1
 This function calls:
		Nothing
 This function is called by:
		_Clear_Matrix
 This function uses a non-reentrant model



MODULE INFORMATION

Module		Function		Class		Link	Load	Size
C:\Program Files (x86)\Microchip\xc8\v1.37\sources\common\memset.c
		_memset        		CODE           	09B3	0000	29

C:\Program Files (x86)\Microchip\xc8\v1.37\sources\common\memset.c estimated size: 29

C:\Program Files (x86)\Microchip\xc8\v1.37\sources\pic\eeread.c
		_eeprom_read   		CODE           	0998	0000	28

C:\Program Files (x86)\Microchip\xc8\v1.37\sources\pic\eeread.c estimated size: 28

usart_pic16.c
		_USARTWriteString		CODE           	0AB9	0000	38
		_USARTWriteChar		CODE           	175E	0000	9
		_USARTInit     		CODE           	0D12	0000	72

usart_pic16.c estimated size: 119

C:\Program Files (x86)\Microchip\xc8\v1.37\sources\common\rand.c
		_srand         		CODE           	1776	0000	10
		_rand          		CODE           	0D59	0000	72

C:\Program Files (x86)\Microchip\xc8\v1.37\sources\common\rand.c estimated size: 82

C:\Program Files (x86)\Microchip\xc8\v1.37\sources\common\Umul16.c
		___wmul        		CODE           	0A4E	0000	36

C:\Program Files (x86)\Microchip\xc8\v1.37\sources\common\Umul16.c estimated size: 36

teris_16f886.c
		_is_row_empty  		CODE           	1756	0000	9
		_find_best_solution		CODE           	05AB	0000	543
		_is_right_boundary		CODE           	0E86	0000	80
		_MATRIX16x8_to_MATRIX7219		CODE           	01D6	0000	143
		_eeprom_write_int		CODE           	09CF	0000	30
		_debug_str     		CODE           	1766	0000	9
		_Clear_Matrix  		CODE           	17BB	0000	18
		_get_high_after_merge		CODE           	0C11	0000	60
		_hit_land      		CODE           	0F96	0000	107
		_char_info_index_rand		CODE           	0980	0000	25
		_printf_Screen 		CODE           	1751	0000	6
		_printf_MATRIX7219		CODE           	0B7A	0000	48
		_main          		CODE           	0495	0000	279
		_debug_line    		CODE           	17CC	0000	18
		_get_num_removed_rows		CODE           	0A95	0000	37
		_get_high      		CODE           	0A0A	0000	35
		_merge1        		CODE           	0ED5	0000	89
		_get_holes_after_merge		CODE           	0387	0000	271
		_eeprom_read_int		CODE           	0A71	0000	37
		_printf_debug_MATRIX16x8		CODE           	006A	0000	116
		_is_left_boundary		CODE           	0E39	0000	78
		_merge         		CODE           	0CCE	0000	69
		_right_most    		CODE           	0B2A	0000	39
		_printf_MATRIX16x8		CODE           	17EE	0000	19
		_delete_row    		CODE           	0BDA	0000	56
		_get_matrix_bit		CODE           	178D	0000	16
		_getbit        		CODE           	02F4	0000	148
		_clear         		CODE           	0C8B	0000	68
		_SPI1_write    		CODE           	0B50	0000	43
		_set_matrix_bit		CODE           	179C	0000	16
		_delete_matrix 		CODE           	0BA9	0000	50
		_setbit        		CODE           	0F2D	0000	106
		_Write_Word    		CODE           	09EC	0000	31
		_get_heavy     		CODE           	0154	0000	131
		_fall_off      		CODE           	00DD	0000	120
		_get_num_of_orphan		CODE           	0005	0000	102
		_left_most     		CODE           	0A2C	0000	35
		_is_valid      		CODE           	0264	0000	145
		_is_row_full   		CODE           	177F	0000	15
		_max7219_init1 		CODE           	0DA0	0000	77

teris_16f886.c estimated size: 3324

C:\Program Files (x86)\Microchip\xc8\v1.37\sources\common\memcpy.c
		_memcpy        		CODE           	0B04	0000	39

C:\Program Files (x86)\Microchip\xc8\v1.37\sources\common\memcpy.c estimated size: 39

C:\Program Files (x86)\Microchip\xc8\v1.37\sources\pic\eewrite.c
		_eeprom_write  		CODE           	0ADE	0000	39

C:\Program Files (x86)\Microchip\xc8\v1.37\sources\pic\eewrite.c estimated size: 39

C:\Program Files (x86)\Microchip\xc8\v1.37\sources\common\Umul32.c
		___lmul        		CODE           	0C4C	0000	64

C:\Program Files (x86)\Microchip\xc8\v1.37\sources\common\Umul32.c estimated size: 64

shared
		__stringtab    		STRCODE        	0800	0000	19
		_dpowers       		STRCODE        	0830	0000	11
		__initialization		CODE           	07C9	0000	52
		_octpowers     		STRCODE        	0824	0000	13
		_hexpowers     		STRCODE        	083A	0000	9
		_g_matrix4x4   		STRCODE        	0842	0000	97
		_g_char_info   		STRCODE        	0812	0000	19

shared estimated size: 220

C:\Program Files (x86)\Microchip\xc8\v1.37\sources\common\awmod.c
		___awmod       		CODE           	0DEC	0000	78

C:\Program Files (x86)\Microchip\xc8\v1.37\sources\common\awmod.c estimated size: 78

