HI-TECH Software C Compiler 

Linker command line:

--edf=C:\Program Files\HI-TECH Software\PICC\9.83\dat\en_msgs.txt -cs \
  -h+dist/default/production\Digital_Watch.X.production.sym -z -Q16F877A \
  -ol.obj -Mdist/default/production/Digital_Watch.X.production.map -E1 \
  -ACONST=00h-0FFhx32 -ACODE=00h-07FFhx4 -ASTRCODE=00h-01FFFh \
  -AENTRY=00h-0FFhx32 -ASTRING=00h-0FFhx32 -ABANK0=020h-06Fh \
  -ABANK1=0A0h-0EFh -ABANK2=0110h-016Fh -ABANK3=0190h-01EFh \
  -ARAM=020h-06Fh,0A0h-0EFh,0110h-016Fh,0190h-01EFh \
  -AABS1=020h-07Fh,0A0h-0EFh,0110h-016Fh,0190h-01EFh -ACOMMON=070h-07Fh \
  -ASFR0=00h-01Fh -ASFR1=080h-09Fh -ASFR2=0100h-010Fh -ASFR3=0180h-018Fh \
  -preset_vec=00h,intentry=04h,init,end_init -ppowerup=CODE -pfunctab=CODE \
  -ACONFIG=02007h-02007h -pconfig=CONFIG -DCONFIG=2 -AIDLOC=02000h-02003h \
  -pidloc=IDLOC -DIDLOC=2 -AEEDATA=00h-0FFh/02100h -peeprom_data=EEDATA \
  -DEEDATA=2 -DCODE=2 -DSTRCODE=2 -DSTRING=2 -DCONST=2 -DENTRY=2 -k \
  C:\DOCUME~1\Admin\LOCALS~1\Temp\s3oo.obj \
  dist/default/production\Digital_Watch.X.production.obj 

Object code version is 3.10

Machine type is 16F877A



                Name                               Link     Load   Length Selector   Space Scale
C:\DOCUME~1\Admin\LOCALS~1\Temp\s3oo.obj
                end_init                             12       12        3        8       0
                reset_vec                             0        0        3        0       0
dist/default/production\Digital_Watch.X.production.obj
                intentry                              4        4        E        8       0
                config                             2007     2007        1     400E       0
                text306                             220      220       72        8       0
                text305                              15       15      16A        8       0
                text304                             17F      17F       A1        8       0
                text303                             36D      36D       27      68C       0
                text302                             3BA      3BA       1A      68C       0
                text301                             3F9      3F9        C      68C       0
                text300                             394      394       26      68C       0
                text299                             3D4      3D4       15      68C       0
                text298                             292      292       5A        8       0
                text297                             2EC      2EC       33        8       0
                maintext                            346      346       27      68C       0
                cstackBANK0                          2C       2C        6       20       1
                cstackCOMMON                         70       70        8       70       1
                bssBANK0                             20       20        C       20       1
                cinit                               3E9      3E9       10      68C       0
                strings                             31F      31F       27      63E       0
                nvBANK0                              32       32        1       20       1

TOTAL           Name                               Link     Load   Length     Space
        CLASS   CONST          

        CLASS   CODE           
                end_init                             12       12        3         0
                intentry                              4        4        E         0
                reset_vec                             0        0        3         0
                text306                             220      220       72         0
                text305                              15       15      16A         0
                text304                             17F      17F       A1         0
                text303                             36D      36D       27         0
                text302                             3BA      3BA       1A         0
                text301                             3F9      3F9        C         0
                text300                             394      394       26         0
                text299                             3D4      3D4       15         0
                text298                             292      292       5A         0
                text297                             2EC      2EC       33         0
                maintext                            346      346       27         0
                cinit                               3E9      3E9       10         0

        CLASS   STRCODE        

        CLASS   ENTRY          

        CLASS   STRING         
                strings                             31F      31F       27         0

        CLASS   BANK0          
                cstackBANK0                          2C       2C        6         1
                bssBANK0                             20       20        C         1
                nvBANK0                              32       32        1         1

        CLASS   BANK1          

        CLASS   BANK2          

        CLASS   BANK3          

        CLASS   RAM            

        CLASS   ABS1           
                abs_s1                               7E       7E        2         1

        CLASS   COMMON         
                cstackCOMMON                         70       70        8         1

        CLASS   SFR0           

        CLASS   SFR1           

        CLASS   SFR2           

        CLASS   SFR3           

        CLASS   CONFIG         
                config                             2007     2007        1         0

        CLASS   IDLOC          

        CLASS   EEDATA         



SEGMENTS        Name                           Load    Length   Top    Selector   Space  Class     Delta

                reset_vec                      000000  000003  000003         0       0  CODE        2
                intentry                       000004  00031B  00031F         8       0  CODE        2
                bssBANK0                       000020  000013  000033        20       1  BANK0       1
                cstackCOMMON                   000070  000008  000078        70       1  COMMON      1
                strings                        00031F  000027  000346       63E       0  STRING      2
                maintext                       000346  0000BF  000405       68C       0  CODE        2
                config                         002007  000001  002008      400E       0  CONFIG      2


UNUSED ADDRESS RANGES

        Name                Unused          Largest block    Delta
        BANK0            0033-006F             3D           1
        BANK1            00A0-00EF             50           1
        BANK2            0110-016F             60           1
        BANK3            0190-01EF             60           1
        CODE             0003-0003              1           2
                         0405-1FFF            800
        COMMON           0078-007D              6           1
        CONST            0003-0003              1           2
                         0405-1FFF            100
        EEDATA           2100-21FF            100           2
        ENTRY            0003-0003              1           2
                         0405-1FFF            100
        IDLOC            2000-2003              4           2
        RAM              0033-006F             3D           1
                         00A0-00EF             50
                         0110-016F             60
                         0190-01EF             60
        SFR0             0000-001F             20           1
        SFR1             0080-009F             20           1
        SFR2             0100-010F             10           1
        SFR3             0180-018F             10           1
        STRCODE          0003-0003              1           2
                         0405-1FFF           1BFB
        STRING           0003-0003              1           2
                         0405-1FFF            100

                                  Symbol Table

??_CalculateTime            cstackCOMMON 0070
??_Init                     cstackBANK0  0031
??_Interrupt_Handler        cstackCOMMON 0071
??_OutDigit                 cstackCOMMON 0077
??_OutputAllDigits          cstackBANK0  002C
??_lcd_clear                cstackBANK0  002C
??_lcd_goto                 cstackCOMMON 0078
??_lcd_init                 cstackBANK0  002E
??_lcd_puts                 cstackBANK0  002C
??_lcd_write                cstackCOMMON 0076
??_main                     cstackCOMMON 0078
?_CalculateTime             cstackCOMMON 0070
?_Init                      cstackCOMMON 0070
?_Interrupt_Handler         cstackCOMMON 0070
?_OutDigit                  cstackCOMMON 0076
?_OutputAllDigits           cstackCOMMON 0070
?_lcd_clear                 cstackCOMMON 0070
?_lcd_goto                  cstackCOMMON 0070
?_lcd_init                  cstackCOMMON 0070
?_lcd_puts                  cstackCOMMON 0070
?_lcd_write                 cstackCOMMON 0070
?_main                      cstackCOMMON 0070
OutDigit@digit              cstackCOMMON 0077
OutDigit@num                cstackCOMMON 0076
OutputAllDigits@i           cstackBANK0  002D
_ADCON1                     (abs)        009F
_CARRY                      (abs)        0018
_CalculateTime              text306      0220
_EEADR                      (abs)        010D
_EECON1                     (abs)        018C
_EECON2                     (abs)        018D
_EEDATA                     (abs)        010C
_GIE                        (abs)        005F
_Init                       text297      02EC
_Interrupt_Handler          text305      0015
_OutDigit                   text304      017F
_OutputAllDigits            text303      036D
_PCFG0                      (abs)        04F8
_PCFG1                      (abs)        04F9
_PCFG2                      (abs)        04FA
_PCFG3                      (abs)        04FB
_PEIE                       (abs)        005E
_PORTA                      (abs)        0005
_PORTC                      (abs)        0007
_PORTD                      (abs)        0008
_PS0                        (abs)        0408
_PS1                        (abs)        0409
_PS2                        (abs)        040A
_PSA                        (abs)        040B
_RB4                        (abs)        0034
_RB5                        (abs)        0035
_RB6                        (abs)        0036
_RBIE                       (abs)        005B
_RBIF                       (abs)        0058
_RD                         (abs)        0C60
_RE0                        (abs)        0048
_RE1                        (abs)        0049
_RE2                        (abs)        004A
_T0CS                       (abs)        040D
_T0SE                       (abs)        040C
_TMR0IE                     (abs)        005D
_TMR0IF                     (abs)        005A
_TRISA                      (abs)        0085
_TRISC                      (abs)        0087
_TRISD                      (abs)        0088
_TRISE                      (abs)        0089
_WR                         (abs)        0C61
_WREN                       (abs)        0C62
__Habs1                     abs1         0000
__Hbank0                    bank0        0000
__Hbank1                    bank1        0000
__Hbank2                    bank2        0000
__Hbank3                    bank3        0000
__HbssBANK0                 bssBANK0     0000
__Hcinit                    cinit        0000
__Hclrtext                  clrtext      0000
__Hcode                     code         0000
__Hcommon                   common       0000
__Hconfig                   config       2008
__HcstackBANK0              cstackBANK0  0000
__HcstackCOMMON             cstackCOMMON 0000
__Heeprom_data              eeprom_data  0000
__Hend_init                 end_init     0015
__Hfunctab                  functab      0000
__Hidloc                    idloc        0000
__Hinit                     init         0012
__Hintentry                 intentry     0012
__Hmaintext                 maintext     0000
__HnvBANK0                  nvBANK0      0000
__Hpowerup                  powerup      0000
__Hram                      ram          0000
__Hreset_vec                reset_vec    0003
__Hsfr0                     sfr0         0000
__Hsfr1                     sfr1         0000
__Hsfr2                     sfr2         0000
__Hsfr3                     sfr3         0000
__Hstrings                  strings      0000
__Htext                     text         0000
__Labs1                     abs1         0000
__Lbank0                    bank0        0000
__Lbank1                    bank1        0000
__Lbank2                    bank2        0000
__Lbank3                    bank3        0000
__LbssBANK0                 bssBANK0     0000
__Lcinit                    cinit        0000
__Lclrtext                  clrtext      0000
__Lcode                     code         0000
__Lcommon                   common       0000
__Lconfig                   config       2007
__LcstackBANK0              cstackBANK0  0000
__LcstackCOMMON             cstackCOMMON 0000
__Leeprom_data              eeprom_data  0000
__Lend_init                 end_init     0012
__Lfunctab                  functab      0000
__Lidloc                    idloc        0000
__Linit                     init         0012
__Lintentry                 intentry     0004
__Lmaintext                 maintext     0000
__LnvBANK0                  nvBANK0      0000
__Lpowerup                  powerup      0000
__Lram                      ram          0000
__Lreset_vec                reset_vec    0000
__Lsfr0                     sfr0         0000
__Lsfr1                     sfr1         0000
__Lsfr2                     sfr2         0000
__Lsfr3                     sfr3         0000
__Lstrings                  strings      0000
__Ltext                     text         0000
__S0                        (abs)        2008
__S1                        (abs)        0078
__S2                        (abs)        0000
__end_of_CalculateTime      text306      0292
__end_of_Init               text297      031F
__end_of_Interrupt_Handler  text305      017F
__end_of_OutDigit           text304      0220
__end_of_OutputAllDigits    text303      0394
__end_of_lcd_clear          text299      03E9
__end_of_lcd_goto           text301      0405
__end_of_lcd_init           text298      02EC
__end_of_lcd_puts           text300      03BA
__end_of_lcd_write          text302      03D4
__end_of_main               maintext     036D
__pbssBANK0                 bssBANK0     0020
__pcstackBANK0              cstackBANK0  002C
__pcstackCOMMON             cstackCOMMON 0070
__pintentry                 intentry     0004
__pmaintext                 maintext     0346
__pnvBANK0                  nvBANK0      0032
__pstrings                  strings      031F
__ptext297                  text297      02EC
__ptext298                  text298      0292
__ptext299                  text299      03D4
__ptext300                  text300      0394
__ptext301                  text301      03F9
__ptext302                  text302      03BA
__ptext303                  text303      036D
__ptext304                  text304      017F
__ptext305                  text305      0015
__ptext306                  text306      0220
__ptext307                  text307      0000
__size_of_CalculateTime     (abs)        0000
__size_of_Init              (abs)        0000
__size_of_Interrupt_Handler (abs)        0000
__size_of_OutDigit          (abs)        0000
__size_of_OutputAllDigits   (abs)        0000
__size_of_lcd_clear         (abs)        0000
__size_of_lcd_goto          (abs)        0000
__size_of_lcd_init          (abs)        0000
__size_of_lcd_puts          (abs)        0000
__size_of_lcd_write         (abs)        0000
__size_of_main              (abs)        0000
_digits                     bssBANK0     0020
_exit                       init         0012
_lcd_clear                  text299      03D4
_lcd_goto                   text301      03F9
_lcd_init                   text298      0292
_lcd_puts                   text300      0394
_lcd_write                  text302      03BA
_main                       maintext     0346
_mode                       nvBANK0      0032
_visible                    bssBANK0     0026
btemp                       (abs)        007E
end_of_initialization       cinit        03F5
interrupt_function          intentry     0004
intlevel0                   functab      0000
intlevel1                   functab      0000
intlevel2                   functab      0000
intlevel3                   functab      0000
intlevel4                   functab      0000
intlevel5                   functab      0000
lcd_goto@pos                cstackBANK0  002C
lcd_init@init_value         cstackBANK0  0030
lcd_puts@s                  cstackBANK0  002D
lcd_write@c                 cstackCOMMON 0077
reset_vec                   reset_vec    0000
saved_w                     (abs)        007E
start                       init         0012
start_initialization        cinit        03E9
wtemp0                      (abs)        007E
